-- The C compiler identification is GNU 11.4.0
-- The CXX compiler identification is GNU 11.4.0
-- Detecting C compiler ABI info
-- Detecting C compiler ABI info - done
-- Check for working C compiler: /usr/bin/cc - skipped
-- Detecting C compile features
-- Detecting C compile features - done
-- Detecting CXX compiler ABI info
-- Detecting CXX compiler ABI info - done
-- Check for working CXX compiler: /usr/bin/c++ - skipped
-- Detecting CXX compile features
-- Detecting CXX compile features - done
-- Found ament_cmake_auto: 1.3.14 (/opt/ros/humble/share/ament_cmake_auto/cmake)
-- Found Python3: /usr/bin/python3 (found version "3.10.12") found components: Interpreter 
-- Override CMake install command with custom implementation using symlinks instead of copying resources
-- Found ament_cmake_gtest: 1.3.14 (/opt/ros/humble/share/ament_cmake_gtest/cmake)
-- Found ament_lint_auto: 0.12.15 (/opt/ros/humble/share/ament_lint_auto/cmake)
-- Found python_cmake_module: 0.10.0 (/opt/ros/humble/share/python_cmake_module/cmake)
-- Found PythonInterp: /usr/bin/python3 (found suitable version "3.10.12", minimum required is "3.6") 
-- Found PythonLibs: /usr/lib/x86_64-linux-gnu/libpython3.10.so (found suitable version "3.10.12", minimum required is "3.5") 
-- Using PYTHON_EXECUTABLE: /usr/bin/python3
-- Using PYTHON_INCLUDE_DIRS: /usr/include/python3.10
-- Using PYTHON_LIBRARIES: /usr/lib/x86_64-linux-gnu/libpython3.10.so
-- Found PythonExtra: .so  
-- Found rosidl_generator_c: 3.1.9 (/opt/ros/humble/share/rosidl_generator_c/cmake)
-- Found rosidl_adapter: 3.1.9 (/opt/ros/humble/share/rosidl_adapter/cmake)
-- Found rosidl_generator_cpp: 3.1.9 (/opt/ros/humble/share/rosidl_generator_cpp/cmake)
-- Using all available rosidl_typesupport_c: rosidl_typesupport_fastrtps_c;rosidl_typesupport_introspection_c
-- Using all available rosidl_typesupport_cpp: rosidl_typesupport_fastrtps_cpp;rosidl_typesupport_introspection_cpp
-- Found rmw_implementation_cmake: 6.1.3 (/opt/ros/humble/share/rmw_implementation_cmake/cmake)
-- Found rmw_fastrtps_cpp: 6.2.10 (/opt/ros/humble/share/rmw_fastrtps_cpp/cmake)
-- Found OpenSSL: /usr/lib/x86_64-linux-gnu/libcrypto.so (found version "3.0.2")  
-- Found FastRTPS: /opt/ros/humble/include  
-- Using RMW implementation 'rmw_fastrtps_cpp' as default
-- Looking for pthread.h
-- Looking for pthread.h - found
-- Performing Test CMAKE_HAVE_LIBC_PTHREAD
-- Performing Test CMAKE_HAVE_LIBC_PTHREAD - Success
-- Found Threads: TRUE  
-- Found gtest sources under '/opt/ros/humble/src/gtest_vendor': C++ tests using 'Google Test' will be built
-- Added test 'copyright' to check source files copyright and LICENSE
-- Added test 'cppcheck' to perform static code analysis on C / C++ code
-- Configured cppcheck include dirs: 
-- Configured cppcheck exclude dirs and/or files: 
-- Added test 'cpplint' to check C / C++ code against the Google style
-- Configured cpplint exclude dirs and/or files: 
-- Added test 'flake8' to check Python code syntax and style conventions
-- Added test 'lint_cmake' to check CMake code style
-- Added test 'pep257' to check Python code against some of the docstring style conventions in PEP 257
-- Added test 'uncrustify' to check C / C++ code style
-- Configured uncrustify additional arguments: 
-- Added test 'xmllint' to check XML markup files
-- Configuring done
-- Generating done
-- Build files have been written to: /workspaces/TIAgo_humble/build/tiago_gazebo
[ 33%] [32mBuilding CXX object gtest/CMakeFiles/gtest_main.dir/src/gtest_main.cc.o[0m
[ 33%] [32mBuilding CXX object gtest/CMakeFiles/gtest.dir/src/gtest-all.cc.o[0m
[ 50%] [32m[1mLinking CXX static library libgtest_main.a[0m
[ 50%] Built target gtest_main
[ 66%] [32m[1mLinking CXX static library libgtest.a[0m
[ 66%] Built target gtest
[ 83%] [32mBuilding CXX object CMakeFiles/tuck_arm_test.dir/test/tuck_arm_test.cpp.o[0m
[100%] [32m[1mLinking CXX executable tuck_arm_test[0m
[100%] Built target tuck_arm_test
-- Install configuration: "Release"
-- Execute custom install script
-- Symlinking: /workspaces/TIAgo_humble/install/tiago_gazebo/lib/tiago_gazebo/tuck_arm.py
-- Symlinking: /workspaces/TIAgo_humble/install/tiago_gazebo/share/tiago_gazebo/test/tuck_arm_test
-- Symlinking: /workspaces/TIAgo_humble/install/tiago_gazebo/share/tiago_gazebo/config/tiago.rviz
-- Symlinking: /workspaces/TIAgo_humble/install/tiago_gazebo/share/tiago_gazebo/config/tiago_gz_bridge.yaml
-- Symlinking: /workspaces/TIAgo_humble/install/tiago_gazebo/share/tiago_gazebo/config/tiago_sim.rviz
-- Symlinking: /workspaces/TIAgo_humble/install/tiago_gazebo/share/tiago_gazebo/config/wbc.rviz
-- Symlinking: /workspaces/TIAgo_humble/install/tiago_gazebo/share/tiago_gazebo/launch/navigation_private_sim.launch.py
-- Symlinking: /workspaces/TIAgo_humble/install/tiago_gazebo/share/tiago_gazebo/launch/navigation_public_sim.launch.py
-- Symlinking: /workspaces/TIAgo_humble/install/tiago_gazebo/share/tiago_gazebo/launch/robot_spawn.launch.py
-- Symlinking: /workspaces/TIAgo_humble/install/tiago_gazebo/share/tiago_gazebo/launch/tiago_gazebo.launch.py
-- Symlinking: /workspaces/TIAgo_humble/install/tiago_gazebo/share/ament_index/resource_index/package_run_dependencies/tiago_gazebo
-- Symlinking: /workspaces/TIAgo_humble/install/tiago_gazebo/share/ament_index/resource_index/parent_prefix_path/tiago_gazebo
-- Symlinking: /workspaces/TIAgo_humble/install/tiago_gazebo/share/tiago_gazebo/environment/ament_prefix_path.sh
-- Symlinking: /workspaces/TIAgo_humble/install/tiago_gazebo/share/tiago_gazebo/environment/ament_prefix_path.dsv
-- Symlinking: /workspaces/TIAgo_humble/install/tiago_gazebo/share/tiago_gazebo/environment/path.sh
-- Symlinking: /workspaces/TIAgo_humble/install/tiago_gazebo/share/tiago_gazebo/environment/path.dsv
-- Symlinking: /workspaces/TIAgo_humble/install/tiago_gazebo/share/tiago_gazebo/local_setup.bash
-- Symlinking: /workspaces/TIAgo_humble/install/tiago_gazebo/share/tiago_gazebo/local_setup.sh
-- Symlinking: /workspaces/TIAgo_humble/install/tiago_gazebo/share/tiago_gazebo/local_setup.zsh
-- Symlinking: /workspaces/TIAgo_humble/install/tiago_gazebo/share/tiago_gazebo/local_setup.dsv
-- Symlinking: /workspaces/TIAgo_humble/install/tiago_gazebo/share/tiago_gazebo/package.dsv
-- Symlinking: /workspaces/TIAgo_humble/install/tiago_gazebo/share/ament_index/resource_index/packages/tiago_gazebo
-- Symlinking: /workspaces/TIAgo_humble/install/tiago_gazebo/share/tiago_gazebo/cmake/tiago_gazeboConfig.cmake
-- Symlinking: /workspaces/TIAgo_humble/install/tiago_gazebo/share/tiago_gazebo/cmake/tiago_gazeboConfig-version.cmake
-- Symlinking: /workspaces/TIAgo_humble/install/tiago_gazebo/share/tiago_gazebo/package.xml
