[0.202s] Invoking command in '/workspaces/TIAgo_humble/build/pal_urdf_utils': CMAKE_PREFIX_PATH=/opt/ros/humble /usr/bin/cmake /workspaces/TIAgo_humble/ros2_ws/src/pal_urdf_utils -DCMAKE_BUILD_TYPE=Release -DAMENT_CMAKE_SYMLINK_INSTALL=1 -DCMAKE_INSTALL_PREFIX=/workspaces/TIAgo_humble/install/pal_urdf_utils
[0.330s] -- The C compiler identification is GNU 11.4.0
[0.433s] -- The CXX compiler identification is GNU 11.4.0
[0.445s] -- Detecting C compiler ABI info
[0.540s] -- Detecting C compiler ABI info - done
[0.547s] -- Check for working C compiler: /usr/bin/cc - skipped
[0.547s] -- Detecting C compile features
[0.548s] -- Detecting C compile features - done
[0.554s] -- Detecting CXX compiler ABI info
[0.681s] -- Detecting CXX compiler ABI info - done
[0.688s] -- Check for working CXX compiler: /usr/bin/c++ - skipped
[0.689s] -- Detecting CXX compile features
[0.689s] -- Detecting CXX compile features - done
[0.693s] -- Found ament_cmake_auto: 1.3.14 (/opt/ros/humble/share/ament_cmake_auto/cmake)
[0.900s] -- Found Python3: /usr/bin/python3 (found version "3.10.12") found components: Interpreter 
[0.982s] -- Override CMake install command with custom implementation using symlinks instead of copying resources
[1.127s] -- Found ament_lint_auto: 0.12.15 (/opt/ros/humble/share/ament_lint_auto/cmake)
[1.170s] -- Added test 'copyright' to check source files copyright and LICENSE
[1.181s] -- Added test 'lint_cmake' to check CMake code style
[1.187s] -- Added test 'xmllint' to check XML markup files
[1.188s] -- Configuring done
[1.193s] -- Generating done
[1.194s] -- Build files have been written to: /workspaces/TIAgo_humble/build/pal_urdf_utils
[1.210s] Invoked command in '/workspaces/TIAgo_humble/build/pal_urdf_utils' returned '0': CMAKE_PREFIX_PATH=/opt/ros/humble /usr/bin/cmake /workspaces/TIAgo_humble/ros2_ws/src/pal_urdf_utils -DCMAKE_BUILD_TYPE=Release -DAMENT_CMAKE_SYMLINK_INSTALL=1 -DCMAKE_INSTALL_PREFIX=/workspaces/TIAgo_humble/install/pal_urdf_utils
[1.212s] Invoking command in '/workspaces/TIAgo_humble/build/pal_urdf_utils': CMAKE_PREFIX_PATH=/opt/ros/humble /usr/bin/cmake --build /workspaces/TIAgo_humble/build/pal_urdf_utils -- -j24 -l24
[1.256s] Invoked command in '/workspaces/TIAgo_humble/build/pal_urdf_utils' returned '0': CMAKE_PREFIX_PATH=/opt/ros/humble /usr/bin/cmake --build /workspaces/TIAgo_humble/build/pal_urdf_utils -- -j24 -l24
[1.258s] Invoking command in '/workspaces/TIAgo_humble/build/pal_urdf_utils': CMAKE_PREFIX_PATH=/opt/ros/humble /usr/bin/cmake --install /workspaces/TIAgo_humble/build/pal_urdf_utils
[1.269s] -- Install configuration: "Release"
[1.269s] -- Execute custom install script
[1.270s] -- Symlinking: /workspaces/TIAgo_humble/install/pal_urdf_utils/share/pal_urdf_utils/urdf/camera/OS1-64.urdf.xacro
[1.280s] -- Symlinking: /workspaces/TIAgo_humble/install/pal_urdf_utils/share/pal_urdf_utils/urdf/camera/elp_rgb.gazebo.xacro
[1.292s] -- Symlinking: /workspaces/TIAgo_humble/install/pal_urdf_utils/share/pal_urdf_utils/urdf/camera/elp_rgb.urdf.xacro
[1.306s] -- Symlinking: /workspaces/TIAgo_humble/install/pal_urdf_utils/share/pal_urdf_utils/urdf/camera/imx179_camera.gazebo.xacro
[1.313s] -- Symlinking: /workspaces/TIAgo_humble/install/pal_urdf_utils/share/pal_urdf_utils/urdf/camera/openni.gazebo.xacro
[1.327s] -- Symlinking: /workspaces/TIAgo_humble/install/pal_urdf_utils/share/pal_urdf_utils/urdf/camera/openni_talos.gazebo.xacro
[1.339s] -- Symlinking: /workspaces/TIAgo_humble/install/pal_urdf_utils/share/pal_urdf_utils/urdf/camera/orbbec_astra.urdf.xacro
[1.351s] -- Symlinking: /workspaces/TIAgo_humble/install/pal_urdf_utils/share/pal_urdf_utils/urdf/camera/orbbec_astra_pro.gazebo.xacro
[1.359s] -- Symlinking: /workspaces/TIAgo_humble/install/pal_urdf_utils/share/pal_urdf_utils/urdf/camera/orbbec_astra_pro.urdf.xacro
[1.371s] -- Symlinking: /workspaces/TIAgo_humble/install/pal_urdf_utils/share/pal_urdf_utils/urdf/camera/realsense_d435.gazebo.xacro
[1.381s] -- Symlinking: /workspaces/TIAgo_humble/install/pal_urdf_utils/share/pal_urdf_utils/urdf/camera/realsense_d435.urdf.xacro
[1.391s] -- Symlinking: /workspaces/TIAgo_humble/install/pal_urdf_utils/share/pal_urdf_utils/urdf/camera/realsense_d435i.gazebo.xacro
[1.403s] -- Symlinking: /workspaces/TIAgo_humble/install/pal_urdf_utils/share/pal_urdf_utils/urdf/camera/realsense_d435i.urdf.xacro
[1.412s] -- Symlinking: /workspaces/TIAgo_humble/install/pal_urdf_utils/share/pal_urdf_utils/urdf/camera/realsense_d455.gazebo.xacro
[1.424s] -- Symlinking: /workspaces/TIAgo_humble/install/pal_urdf_utils/share/pal_urdf_utils/urdf/camera/realsense_d455.urdf.xacro
[1.437s] -- Symlinking: /workspaces/TIAgo_humble/install/pal_urdf_utils/share/pal_urdf_utils/urdf/camera/realsense_t265.gazebo.xacro
[1.448s] -- Symlinking: /workspaces/TIAgo_humble/install/pal_urdf_utils/share/pal_urdf_utils/urdf/camera/realsense_t265.urdf.xacro
[1.457s] -- Symlinking: /workspaces/TIAgo_humble/install/pal_urdf_utils/share/pal_urdf_utils/urdf/camera/rpi_camera.gazebo.xacro
[1.469s] -- Symlinking: /workspaces/TIAgo_humble/install/pal_urdf_utils/share/pal_urdf_utils/urdf/camera/structure_sensor.gazebo.xacro
[1.477s] -- Symlinking: /workspaces/TIAgo_humble/install/pal_urdf_utils/share/pal_urdf_utils/urdf/camera/structure_sensor.urdf.xacro
[1.486s] -- Symlinking: /workspaces/TIAgo_humble/install/pal_urdf_utils/share/pal_urdf_utils/urdf/camera/xtion_pro_live.urdf.xacro
[1.495s] -- Symlinking: /workspaces/TIAgo_humble/install/pal_urdf_utils/share/pal_urdf_utils/urdf/deg_to_rad.urdf.xacro
[1.507s] -- Symlinking: /workspaces/TIAgo_humble/install/pal_urdf_utils/share/pal_urdf_utils/urdf/ft_sensors/ati.urdf.xacro
[1.516s] -- Symlinking: /workspaces/TIAgo_humble/install/pal_urdf_utils/share/pal_urdf_utils/urdf/ft_sensors/ati_talos.gazebo.xacro
[1.529s] -- Symlinking: /workspaces/TIAgo_humble/install/pal_urdf_utils/share/pal_urdf_utils/urdf/ft_sensors/ati_talos.urdf.xacro
[1.539s] -- Symlinking: /workspaces/TIAgo_humble/install/pal_urdf_utils/share/pal_urdf_utils/urdf/ft_sensors/ft_sensor.gazebo.xacro
[1.551s] -- Symlinking: /workspaces/TIAgo_humble/install/pal_urdf_utils/share/pal_urdf_utils/urdf/ft_sensors/ft_sensor.urdf.xacro
[1.561s] -- Symlinking: /workspaces/TIAgo_humble/install/pal_urdf_utils/share/pal_urdf_utils/urdf/ft_sensors/ftsensor.ros2_control.xacro
[1.570s] -- Symlinking: /workspaces/TIAgo_humble/install/pal_urdf_utils/share/pal_urdf_utils/urdf/ft_sensors/rokubi.urdf.xacro
[1.579s] -- Symlinking: /workspaces/TIAgo_humble/install/pal_urdf_utils/share/pal_urdf_utils/urdf/ft_sensors/schunk.gazebo.xacro
[1.594s] -- Symlinking: /workspaces/TIAgo_humble/install/pal_urdf_utils/share/pal_urdf_utils/urdf/ft_sensors/schunk.urdf.xacro
[1.608s] -- Symlinking: /workspaces/TIAgo_humble/install/pal_urdf_utils/share/pal_urdf_utils/urdf/interaction_sensors/imu.gazebo.xacro
[1.615s] -- Symlinking: /workspaces/TIAgo_humble/install/pal_urdf_utils/share/pal_urdf_utils/urdf/interaction_sensors/imu.urdf.xacro
[1.627s] -- Symlinking: /workspaces/TIAgo_humble/install/pal_urdf_utils/share/pal_urdf_utils/urdf/interaction_sensors/imu_sensors.ros2_control.xacro
[1.640s] -- Symlinking: /workspaces/TIAgo_humble/install/pal_urdf_utils/share/pal_urdf_utils/urdf/interaction_sensors/imu_talos.gazebo.xacro
[1.647s] -- Symlinking: /workspaces/TIAgo_humble/install/pal_urdf_utils/share/pal_urdf_utils/urdf/interaction_sensors/imu_talos.urdf.xacro
[1.660s] -- Symlinking: /workspaces/TIAgo_humble/install/pal_urdf_utils/share/pal_urdf_utils/urdf/interaction_sensors/microphone.urdf.xacro
[1.672s] -- Symlinking: /workspaces/TIAgo_humble/install/pal_urdf_utils/share/pal_urdf_utils/urdf/laser/hokuyo_urg_04lx_ug01_laser.gazebo.xacro
[1.680s] -- Symlinking: /workspaces/TIAgo_humble/install/pal_urdf_utils/share/pal_urdf_utils/urdf/laser/hokuyo_urg_04lx_ug01_laser.urdf.xacro
[1.690s] -- Symlinking: /workspaces/TIAgo_humble/install/pal_urdf_utils/share/pal_urdf_utils/urdf/laser/range.gazebo.xacro
[1.699s] -- Symlinking: /workspaces/TIAgo_humble/install/pal_urdf_utils/share/pal_urdf_utils/urdf/laser/range.urdf.xacro
[1.708s] -- Symlinking: /workspaces/TIAgo_humble/install/pal_urdf_utils/share/pal_urdf_utils/urdf/laser/sick_nanoscan3_laser.gazebo.xacro
[1.717s] -- Symlinking: /workspaces/TIAgo_humble/install/pal_urdf_utils/share/pal_urdf_utils/urdf/laser/sick_nanoscan3_laser.urdf.xacro
[1.729s] -- Symlinking: /workspaces/TIAgo_humble/install/pal_urdf_utils/share/pal_urdf_utils/urdf/laser/sick_picoscan150core_laser.gazebo.xacro
[1.740s] -- Symlinking: /workspaces/TIAgo_humble/install/pal_urdf_utils/share/pal_urdf_utils/urdf/laser/sick_picoscan150core_laser.urdf.xacro
[1.749s] -- Symlinking: /workspaces/TIAgo_humble/install/pal_urdf_utils/share/pal_urdf_utils/urdf/laser/sick_tim551_laser.gazebo.xacro
[1.759s] -- Symlinking: /workspaces/TIAgo_humble/install/pal_urdf_utils/share/pal_urdf_utils/urdf/laser/sick_tim551_laser.urdf.xacro
[1.768s] -- Symlinking: /workspaces/TIAgo_humble/install/pal_urdf_utils/share/pal_urdf_utils/urdf/laser/sick_tim561_laser.gazebo.xacro
[1.778s] -- Symlinking: /workspaces/TIAgo_humble/install/pal_urdf_utils/share/pal_urdf_utils/urdf/laser/sick_tim561_laser.urdf.xacro
[1.786s] -- Symlinking: /workspaces/TIAgo_humble/install/pal_urdf_utils/share/pal_urdf_utils/urdf/laser/sick_tim571_laser.gazebo.xacro
[1.796s] -- Symlinking: /workspaces/TIAgo_humble/install/pal_urdf_utils/share/pal_urdf_utils/urdf/laser/sick_tim571_laser.urdf.xacro
[1.806s] -- Symlinking: /workspaces/TIAgo_humble/install/pal_urdf_utils/share/pal_urdf_utils/urdf/laser/ydlidar_tg15_laser.gazebo.xacro
[1.815s] -- Symlinking: /workspaces/TIAgo_humble/install/pal_urdf_utils/share/pal_urdf_utils/urdf/laser/ydlidar_tg15_laser.urdf.xacro
[1.823s] -- Symlinking: /workspaces/TIAgo_humble/install/pal_urdf_utils/share/pal_urdf_utils/urdf/laser/ydlidar_tg30_laser.gazebo.xacro
[1.836s] -- Symlinking: /workspaces/TIAgo_humble/install/pal_urdf_utils/share/pal_urdf_utils/urdf/laser/ydlidar_tg30_laser.urdf.xacro
[1.847s] -- Symlinking: /workspaces/TIAgo_humble/install/pal_urdf_utils/share/pal_urdf_utils/urdf/lidar/robosense_airy96_lidar.urdf.xacro
[1.861s] -- Symlinking: /workspaces/TIAgo_humble/install/pal_urdf_utils/share/pal_urdf_utils/urdf/lidar/robosense_e1r_lidar.urdf.xacro
[1.873s] -- Symlinking: /workspaces/TIAgo_humble/install/pal_urdf_utils/share/pal_urdf_utils/urdf/materials.urdf.xacro
[1.888s] -- Symlinking: /workspaces/TIAgo_humble/install/pal_urdf_utils/share/pal_urdf_utils/urdf/pi.urdf.xacro
[1.899s] -- Symlinking: /workspaces/TIAgo_humble/install/pal_urdf_utils/share/pal_urdf_utils/meshes/camera/elp_camera.stl
[1.910s] -- Symlinking: /workspaces/TIAgo_humble/install/pal_urdf_utils/share/pal_urdf_utils/meshes/camera/head_front_camera.stl
[1.918s] -- Symlinking: /workspaces/TIAgo_humble/install/pal_urdf_utils/share/pal_urdf_utils/meshes/camera/orbbec.STL
[1.933s] -- Symlinking: /workspaces/TIAgo_humble/install/pal_urdf_utils/share/pal_urdf_utils/meshes/camera/os1_64.dae
[1.941s] -- Symlinking: /workspaces/TIAgo_humble/install/pal_urdf_utils/share/pal_urdf_utils/meshes/camera/structure_sensor.stl
[1.950s] -- Symlinking: /workspaces/TIAgo_humble/install/pal_urdf_utils/share/pal_urdf_utils/meshes/camera/t265.stl
[1.962s] -- Symlinking: /workspaces/TIAgo_humble/install/pal_urdf_utils/share/pal_urdf_utils/meshes/camera/xtion_pro_live.dae
[1.972s] -- Symlinking: /workspaces/TIAgo_humble/install/pal_urdf_utils/share/pal_urdf_utils/meshes/ft_sensors/ati_ft_sensor.stl
[1.982s] -- Symlinking: /workspaces/TIAgo_humble/install/pal_urdf_utils/share/pal_urdf_utils/meshes/ft_sensors/rokubi_ft_sensor.stl
[1.992s] -- Symlinking: /workspaces/TIAgo_humble/install/pal_urdf_utils/share/pal_urdf_utils/meshes/laser/hokuyo_urg_04lx_ug01.stl
[2.002s] -- Symlinking: /workspaces/TIAgo_humble/install/pal_urdf_utils/share/pal_urdf_utils/meshes/laser/sick_picoscan150core.stl
[2.012s] -- Symlinking: /workspaces/TIAgo_humble/install/pal_urdf_utils/share/pal_urdf_utils/meshes/laser/sick_tim551.stl
[2.022s] -- Symlinking: /workspaces/TIAgo_humble/install/pal_urdf_utils/share/pal_urdf_utils/meshes/laser/srf05.stl
[2.032s] -- Symlinking: /workspaces/TIAgo_humble/install/pal_urdf_utils/share/pal_urdf_utils/meshes/laser/ydlidar.dae
[2.042s] -- Symlinking: /workspaces/TIAgo_humble/install/pal_urdf_utils/share/pal_urdf_utils/meshes/laser/ydlidar.stl
[2.049s] -- Symlinking: /workspaces/TIAgo_humble/install/pal_urdf_utils/share/pal_urdf_utils/meshes/lidar/robosense_airy96.stl
[2.060s] -- Symlinking: /workspaces/TIAgo_humble/install/pal_urdf_utils/share/pal_urdf_utils/meshes/lidar/robosense_e1r.stl
[2.070s] -- Symlinking: /workspaces/TIAgo_humble/install/pal_urdf_utils/share/ament_index/resource_index/package_run_dependencies/pal_urdf_utils
[2.078s] -- Symlinking: /workspaces/TIAgo_humble/install/pal_urdf_utils/share/ament_index/resource_index/parent_prefix_path/pal_urdf_utils
[2.087s] -- Symlinking: /workspaces/TIAgo_humble/install/pal_urdf_utils/share/pal_urdf_utils/environment/ament_prefix_path.sh
[2.095s] -- Symlinking: /workspaces/TIAgo_humble/install/pal_urdf_utils/share/pal_urdf_utils/environment/ament_prefix_path.dsv
[2.104s] -- Symlinking: /workspaces/TIAgo_humble/install/pal_urdf_utils/share/pal_urdf_utils/environment/path.sh
[2.114s] -- Symlinking: /workspaces/TIAgo_humble/install/pal_urdf_utils/share/pal_urdf_utils/environment/path.dsv
[2.124s] -- Symlinking: /workspaces/TIAgo_humble/install/pal_urdf_utils/share/pal_urdf_utils/local_setup.bash
[2.132s] -- Symlinking: /workspaces/TIAgo_humble/install/pal_urdf_utils/share/pal_urdf_utils/local_setup.sh
[2.140s] -- Symlinking: /workspaces/TIAgo_humble/install/pal_urdf_utils/share/pal_urdf_utils/local_setup.zsh
[2.148s] -- Symlinking: /workspaces/TIAgo_humble/install/pal_urdf_utils/share/pal_urdf_utils/local_setup.dsv
[2.158s] -- Symlinking: /workspaces/TIAgo_humble/install/pal_urdf_utils/share/pal_urdf_utils/package.dsv
[2.168s] -- Symlinking: /workspaces/TIAgo_humble/install/pal_urdf_utils/share/ament_index/resource_index/packages/pal_urdf_utils
[2.178s] -- Symlinking: /workspaces/TIAgo_humble/install/pal_urdf_utils/share/pal_urdf_utils/cmake/pal_urdf_utilsConfig.cmake
[2.187s] -- Symlinking: /workspaces/TIAgo_humble/install/pal_urdf_utils/share/pal_urdf_utils/cmake/pal_urdf_utilsConfig-version.cmake
[2.197s] -- Symlinking: /workspaces/TIAgo_humble/install/pal_urdf_utils/share/pal_urdf_utils/package.xml
[2.208s] Invoked command in '/workspaces/TIAgo_humble/build/pal_urdf_utils' returned '0': CMAKE_PREFIX_PATH=/opt/ros/humble /usr/bin/cmake --install /workspaces/TIAgo_humble/build/pal_urdf_utils
