[0.019s] Invoking command in '/workspaces/TIAgo_humble/build/tiago_controller_configuration': AMENT_PREFIX_PATH=/workspaces/TIAgo_humble/install/pmb2_controller_configuration:/workspaces/TIAgo_humble/install/pal_robotiq_controller_configuration:/workspaces/TIAgo_humble/install/pal_hey5_controller_configuration:/workspaces/TIAgo_humble/install/pal_gripper_controller_configuration:/workspaces/TIAgo_humble/install/omni_base_controller_configuration:/workspaces/TIAgo_humble/install/launch_pal:${AMENT_PREFIX_PATH} CMAKE_PREFIX_PATH=/workspaces/TIAgo_humble/install/pmb2_controller_configuration:/workspaces/TIAgo_humble/install/pal_robotiq_controller_configuration:/workspaces/TIAgo_humble/install/pal_hey5_controller_configuration:/workspaces/TIAgo_humble/install/pal_gripper_controller_configuration:/workspaces/TIAgo_humble/install/omni_base_controller_configuration:/opt/ros/humble PYTHONPATH=/workspaces/TIAgo_humble/build/launch_pal:/workspaces/TIAgo_humble/install/launch_pal/lib/python3.10/site-packages:${PYTHONPATH} /usr/bin/cmake /workspaces/TIAgo_humble/ros2_ws/src/tiago_robot/tiago_controller_configuration -DCMAKE_BUILD_TYPE=Release -DAMENT_CMAKE_SYMLINK_INSTALL=1 -DCMAKE_INSTALL_PREFIX=/workspaces/TIAgo_humble/install/tiago_controller_configuration
[0.092s] -- The C compiler identification is GNU 11.4.0
[0.158s] -- The CXX compiler identification is GNU 11.4.0
[0.173s] -- Detecting C compiler ABI info
[0.302s] -- Detecting C compiler ABI info - done
[0.309s] -- Check for working C compiler: /usr/bin/cc - skipped
[0.311s] -- Detecting C compile features
[0.311s] -- Detecting C compile features - done
[0.313s] -- Detecting CXX compiler ABI info
[0.462s] -- Detecting CXX compiler ABI info - done
[0.485s] -- Check for working CXX compiler: /usr/bin/c++ - skipped
[0.485s] -- Detecting CXX compile features
[0.486s] -- Detecting CXX compile features - done
[0.494s] -- Found ament_cmake_auto: 1.3.14 (/opt/ros/humble/share/ament_cmake_auto/cmake)
[0.766s] -- Found Python3: /usr/bin/python3 (found version "3.10.12") found components: Interpreter 
[0.913s] -- Override CMake install command with custom implementation using symlinks instead of copying resources
[1.202s] -- Found ament_lint_auto: 0.12.15 (/opt/ros/humble/share/ament_lint_auto/cmake)
[1.386s] -- Added test 'copyright' to check source files copyright and LICENSE
[1.398s] -- Added test 'flake8' to check Python code syntax and style conventions
[1.399s] -- Added test 'lint_cmake' to check CMake code style
[1.404s] -- Added test 'pep257' to check Python code against some of the docstring style conventions in PEP 257
[1.405s] -- Added test 'xmllint' to check XML markup files
[1.415s] -- Configuring done
[1.433s] -- Generating done
[1.434s] -- Build files have been written to: /workspaces/TIAgo_humble/build/tiago_controller_configuration
[1.475s] Invoked command in '/workspaces/TIAgo_humble/build/tiago_controller_configuration' returned '0': AMENT_PREFIX_PATH=/workspaces/TIAgo_humble/install/pmb2_controller_configuration:/workspaces/TIAgo_humble/install/pal_robotiq_controller_configuration:/workspaces/TIAgo_humble/install/pal_hey5_controller_configuration:/workspaces/TIAgo_humble/install/pal_gripper_controller_configuration:/workspaces/TIAgo_humble/install/omni_base_controller_configuration:/workspaces/TIAgo_humble/install/launch_pal:${AMENT_PREFIX_PATH} CMAKE_PREFIX_PATH=/workspaces/TIAgo_humble/install/pmb2_controller_configuration:/workspaces/TIAgo_humble/install/pal_robotiq_controller_configuration:/workspaces/TIAgo_humble/install/pal_hey5_controller_configuration:/workspaces/TIAgo_humble/install/pal_gripper_controller_configuration:/workspaces/TIAgo_humble/install/omni_base_controller_configuration:/opt/ros/humble PYTHONPATH=/workspaces/TIAgo_humble/build/launch_pal:/workspaces/TIAgo_humble/install/launch_pal/lib/python3.10/site-packages:${PYTHONPATH} /usr/bin/cmake /workspaces/TIAgo_humble/ros2_ws/src/tiago_robot/tiago_controller_configuration -DCMAKE_BUILD_TYPE=Release -DAMENT_CMAKE_SYMLINK_INSTALL=1 -DCMAKE_INSTALL_PREFIX=/workspaces/TIAgo_humble/install/tiago_controller_configuration
[1.475s] Invoking command in '/workspaces/TIAgo_humble/build/tiago_controller_configuration': AMENT_PREFIX_PATH=/workspaces/TIAgo_humble/install/pmb2_controller_configuration:/workspaces/TIAgo_humble/install/pal_robotiq_controller_configuration:/workspaces/TIAgo_humble/install/pal_hey5_controller_configuration:/workspaces/TIAgo_humble/install/pal_gripper_controller_configuration:/workspaces/TIAgo_humble/install/omni_base_controller_configuration:/workspaces/TIAgo_humble/install/launch_pal:${AMENT_PREFIX_PATH} CMAKE_PREFIX_PATH=/workspaces/TIAgo_humble/install/pmb2_controller_configuration:/workspaces/TIAgo_humble/install/pal_robotiq_controller_configuration:/workspaces/TIAgo_humble/install/pal_hey5_controller_configuration:/workspaces/TIAgo_humble/install/pal_gripper_controller_configuration:/workspaces/TIAgo_humble/install/omni_base_controller_configuration:/opt/ros/humble PYTHONPATH=/workspaces/TIAgo_humble/build/launch_pal:/workspaces/TIAgo_humble/install/launch_pal/lib/python3.10/site-packages:${PYTHONPATH} /usr/bin/cmake --build /workspaces/TIAgo_humble/build/tiago_controller_configuration -- -j24 -l24
[1.579s] Invoked command in '/workspaces/TIAgo_humble/build/tiago_controller_configuration' returned '0': AMENT_PREFIX_PATH=/workspaces/TIAgo_humble/install/pmb2_controller_configuration:/workspaces/TIAgo_humble/install/pal_robotiq_controller_configuration:/workspaces/TIAgo_humble/install/pal_hey5_controller_configuration:/workspaces/TIAgo_humble/install/pal_gripper_controller_configuration:/workspaces/TIAgo_humble/install/omni_base_controller_configuration:/workspaces/TIAgo_humble/install/launch_pal:${AMENT_PREFIX_PATH} CMAKE_PREFIX_PATH=/workspaces/TIAgo_humble/install/pmb2_controller_configuration:/workspaces/TIAgo_humble/install/pal_robotiq_controller_configuration:/workspaces/TIAgo_humble/install/pal_hey5_controller_configuration:/workspaces/TIAgo_humble/install/pal_gripper_controller_configuration:/workspaces/TIAgo_humble/install/omni_base_controller_configuration:/opt/ros/humble PYTHONPATH=/workspaces/TIAgo_humble/build/launch_pal:/workspaces/TIAgo_humble/install/launch_pal/lib/python3.10/site-packages:${PYTHONPATH} /usr/bin/cmake --build /workspaces/TIAgo_humble/build/tiago_controller_configuration -- -j24 -l24
[1.586s] Invoking command in '/workspaces/TIAgo_humble/build/tiago_controller_configuration': AMENT_PREFIX_PATH=/workspaces/TIAgo_humble/install/pmb2_controller_configuration:/workspaces/TIAgo_humble/install/pal_robotiq_controller_configuration:/workspaces/TIAgo_humble/install/pal_hey5_controller_configuration:/workspaces/TIAgo_humble/install/pal_gripper_controller_configuration:/workspaces/TIAgo_humble/install/omni_base_controller_configuration:/workspaces/TIAgo_humble/install/launch_pal:${AMENT_PREFIX_PATH} CMAKE_PREFIX_PATH=/workspaces/TIAgo_humble/install/pmb2_controller_configuration:/workspaces/TIAgo_humble/install/pal_robotiq_controller_configuration:/workspaces/TIAgo_humble/install/pal_hey5_controller_configuration:/workspaces/TIAgo_humble/install/pal_gripper_controller_configuration:/workspaces/TIAgo_humble/install/omni_base_controller_configuration:/opt/ros/humble PYTHONPATH=/workspaces/TIAgo_humble/build/launch_pal:/workspaces/TIAgo_humble/install/launch_pal/lib/python3.10/site-packages:${PYTHONPATH} /usr/bin/cmake --install /workspaces/TIAgo_humble/build/tiago_controller_configuration
[1.635s] -- Install configuration: "Release"
[1.636s] -- Execute custom install script
[1.643s] -- Symlinking: /workspaces/TIAgo_humble/install/tiago_controller_configuration/share/tiago_controller_configuration/config/arm_controller.yaml
[1.686s] -- Symlinking: /workspaces/TIAgo_humble/install/tiago_controller_configuration/share/tiago_controller_configuration/config/ft_sensor_controller.yaml
[1.721s] -- Symlinking: /workspaces/TIAgo_humble/install/tiago_controller_configuration/share/tiago_controller_configuration/config/gravity_compensation_controller_ilm.yaml
[1.759s] -- Symlinking: /workspaces/TIAgo_humble/install/tiago_controller_configuration/share/tiago_controller_configuration/config/gravity_compensation_controller_parker.yaml
[1.783s] -- Symlinking: /workspaces/TIAgo_humble/install/tiago_controller_configuration/share/tiago_controller_configuration/config/head_controller.yaml
[1.826s] -- Symlinking: /workspaces/TIAgo_humble/install/tiago_controller_configuration/share/tiago_controller_configuration/config/joint_state_broadcaster.yaml
[1.844s] -- Symlinking: /workspaces/TIAgo_humble/install/tiago_controller_configuration/share/tiago_controller_configuration/config/torso_controller.yaml
[1.865s] -- Symlinking: /workspaces/TIAgo_humble/install/tiago_controller_configuration/share/tiago_controller_configuration/launch/default_controllers.launch.py
[1.894s] -- Symlinking: /workspaces/TIAgo_humble/install/tiago_controller_configuration/share/tiago_controller_configuration/launch/gravity_compensation_controller.launch.py
[1.957s] -- Symlinking: /workspaces/TIAgo_humble/install/tiago_controller_configuration/share/ament_index/resource_index/package_run_dependencies/tiago_controller_configuration
[1.984s] -- Symlinking: /workspaces/TIAgo_humble/install/tiago_controller_configuration/share/ament_index/resource_index/parent_prefix_path/tiago_controller_configuration
[2.045s] -- Symlinking: /workspaces/TIAgo_humble/install/tiago_controller_configuration/share/tiago_controller_configuration/environment/ament_prefix_path.sh
[2.056s] -- Symlinking: /workspaces/TIAgo_humble/install/tiago_controller_configuration/share/tiago_controller_configuration/environment/ament_prefix_path.dsv
[2.077s] -- Symlinking: /workspaces/TIAgo_humble/install/tiago_controller_configuration/share/tiago_controller_configuration/environment/path.sh
[2.106s] -- Symlinking: /workspaces/TIAgo_humble/install/tiago_controller_configuration/share/tiago_controller_configuration/environment/path.dsv
[2.108s] -- Symlinking: /workspaces/TIAgo_humble/install/tiago_controller_configuration/share/tiago_controller_configuration/local_setup.bash
[2.124s] -- Symlinking: /workspaces/TIAgo_humble/install/tiago_controller_configuration/share/tiago_controller_configuration/local_setup.sh
[2.132s] -- Symlinking: /workspaces/TIAgo_humble/install/tiago_controller_configuration/share/tiago_controller_configuration/local_setup.zsh
[2.145s] -- Symlinking: /workspaces/TIAgo_humble/install/tiago_controller_configuration/share/tiago_controller_configuration/local_setup.dsv
[2.183s] -- Symlinking: /workspaces/TIAgo_humble/install/tiago_controller_configuration/share/tiago_controller_configuration/package.dsv
[2.233s] -- Symlinking: /workspaces/TIAgo_humble/install/tiago_controller_configuration/share/ament_index/resource_index/packages/tiago_controller_configuration
[2.254s] -- Symlinking: /workspaces/TIAgo_humble/install/tiago_controller_configuration/share/tiago_controller_configuration/cmake/tiago_controller_configurationConfig.cmake
[2.275s] -- Symlinking: /workspaces/TIAgo_humble/install/tiago_controller_configuration/share/tiago_controller_configuration/cmake/tiago_controller_configurationConfig-version.cmake
[2.379s] -- Symlinking: /workspaces/TIAgo_humble/install/tiago_controller_configuration/share/tiago_controller_configuration/package.xml
[2.418s] Invoked command in '/workspaces/TIAgo_humble/build/tiago_controller_configuration' returned '0': AMENT_PREFIX_PATH=/workspaces/TIAgo_humble/install/pmb2_controller_configuration:/workspaces/TIAgo_humble/install/pal_robotiq_controller_configuration:/workspaces/TIAgo_humble/install/pal_hey5_controller_configuration:/workspaces/TIAgo_humble/install/pal_gripper_controller_configuration:/workspaces/TIAgo_humble/install/omni_base_controller_configuration:/workspaces/TIAgo_humble/install/launch_pal:${AMENT_PREFIX_PATH} CMAKE_PREFIX_PATH=/workspaces/TIAgo_humble/install/pmb2_controller_configuration:/workspaces/TIAgo_humble/install/pal_robotiq_controller_configuration:/workspaces/TIAgo_humble/install/pal_hey5_controller_configuration:/workspaces/TIAgo_humble/install/pal_gripper_controller_configuration:/workspaces/TIAgo_humble/install/omni_base_controller_configuration:/opt/ros/humble PYTHONPATH=/workspaces/TIAgo_humble/build/launch_pal:/workspaces/TIAgo_humble/install/launch_pal/lib/python3.10/site-packages:${PYTHONPATH} /usr/bin/cmake --install /workspaces/TIAgo_humble/build/tiago_controller_configuration
