[0.202s] Invoking command in '/workspaces/TIAgo_humble/build/omni_base_controller_configuration': CMAKE_PREFIX_PATH=/opt/ros/humble /usr/bin/cmake /workspaces/TIAgo_humble/ros2_ws/src/omni_base_robot/omni_base_controller_configuration -DCMAKE_BUILD_TYPE=Release -DAMENT_CMAKE_SYMLINK_INSTALL=1 -DCMAKE_INSTALL_PREFIX=/workspaces/TIAgo_humble/install/omni_base_controller_configuration
[0.334s] -- The C compiler identification is GNU 11.4.0
[0.415s] -- The CXX compiler identification is GNU 11.4.0
[0.425s] -- Detecting C compiler ABI info
[0.540s] -- Detecting C compiler ABI info - done
[0.548s] -- Check for working C compiler: /usr/bin/cc - skipped
[0.548s] -- Detecting C compile features
[0.548s] -- Detecting C compile features - done
[0.553s] -- Detecting CXX compiler ABI info
[0.653s] -- Detecting CXX compiler ABI info - done
[0.662s] -- Check for working CXX compiler: /usr/bin/c++ - skipped
[0.663s] -- Detecting CXX compile features
[0.663s] -- Detecting CXX compile features - done
[0.667s] -- Found ament_cmake_auto: 1.3.14 (/opt/ros/humble/share/ament_cmake_auto/cmake)
[0.866s] -- Found Python3: /usr/bin/python3 (found version "3.10.12") found components: Interpreter 
[0.990s] -- Override CMake install command with custom implementation using symlinks instead of copying resources
[1.156s] -- Found ament_lint_auto: 0.12.15 (/opt/ros/humble/share/ament_lint_auto/cmake)
[1.197s] -- Added test 'copyright' to check source files copyright and LICENSE
[1.199s] -- Added test 'flake8' to check Python code syntax and style conventions
[1.199s] -- Added test 'lint_cmake' to check CMake code style
[1.199s] -- Added test 'pep257' to check Python code against some of the docstring style conventions in PEP 257
[1.201s] -- Added test 'xmllint' to check XML markup files
[1.202s] -- Configuring done
[1.206s] -- Generating done
[1.207s] -- Build files have been written to: /workspaces/TIAgo_humble/build/omni_base_controller_configuration
[1.214s] Invoked command in '/workspaces/TIAgo_humble/build/omni_base_controller_configuration' returned '0': CMAKE_PREFIX_PATH=/opt/ros/humble /usr/bin/cmake /workspaces/TIAgo_humble/ros2_ws/src/omni_base_robot/omni_base_controller_configuration -DCMAKE_BUILD_TYPE=Release -DAMENT_CMAKE_SYMLINK_INSTALL=1 -DCMAKE_INSTALL_PREFIX=/workspaces/TIAgo_humble/install/omni_base_controller_configuration
[1.216s] Invoking command in '/workspaces/TIAgo_humble/build/omni_base_controller_configuration': CMAKE_PREFIX_PATH=/opt/ros/humble /usr/bin/cmake --build /workspaces/TIAgo_humble/build/omni_base_controller_configuration -- -j24 -l24
[1.260s] Invoked command in '/workspaces/TIAgo_humble/build/omni_base_controller_configuration' returned '0': CMAKE_PREFIX_PATH=/opt/ros/humble /usr/bin/cmake --build /workspaces/TIAgo_humble/build/omni_base_controller_configuration -- -j24 -l24
[1.263s] Invoking command in '/workspaces/TIAgo_humble/build/omni_base_controller_configuration': CMAKE_PREFIX_PATH=/opt/ros/humble /usr/bin/cmake --install /workspaces/TIAgo_humble/build/omni_base_controller_configuration
[1.273s] -- Install configuration: "Release"
[1.274s] -- Execute custom install script
[1.274s] -- Symlinking: /workspaces/TIAgo_humble/install/omni_base_controller_configuration/share/omni_base_controller_configuration/config/joint_state_broadcaster.yaml
[1.283s] -- Symlinking: /workspaces/TIAgo_humble/install/omni_base_controller_configuration/share/omni_base_controller_configuration/config/mobile_base_controller.yaml
[1.293s] -- Symlinking: /workspaces/TIAgo_humble/install/omni_base_controller_configuration/share/omni_base_controller_configuration/launch/default_controllers.launch.py
[1.306s] -- Symlinking: /workspaces/TIAgo_humble/install/omni_base_controller_configuration/share/omni_base_controller_configuration/launch/mobile_base_controller.launch.py
[1.314s] -- Symlinking: /workspaces/TIAgo_humble/install/omni_base_controller_configuration/share/ament_index/resource_index/package_run_dependencies/omni_base_controller_configuration
[1.328s] -- Symlinking: /workspaces/TIAgo_humble/install/omni_base_controller_configuration/share/ament_index/resource_index/parent_prefix_path/omni_base_controller_configuration
[1.340s] -- Symlinking: /workspaces/TIAgo_humble/install/omni_base_controller_configuration/share/omni_base_controller_configuration/environment/ament_prefix_path.sh
[1.349s] -- Symlinking: /workspaces/TIAgo_humble/install/omni_base_controller_configuration/share/omni_base_controller_configuration/environment/ament_prefix_path.dsv
[1.361s] -- Symlinking: /workspaces/TIAgo_humble/install/omni_base_controller_configuration/share/omni_base_controller_configuration/environment/path.sh
[1.372s] -- Symlinking: /workspaces/TIAgo_humble/install/omni_base_controller_configuration/share/omni_base_controller_configuration/environment/path.dsv
[1.384s] -- Symlinking: /workspaces/TIAgo_humble/install/omni_base_controller_configuration/share/omni_base_controller_configuration/local_setup.bash
[1.396s] -- Symlinking: /workspaces/TIAgo_humble/install/omni_base_controller_configuration/share/omni_base_controller_configuration/local_setup.sh
[1.409s] -- Symlinking: /workspaces/TIAgo_humble/install/omni_base_controller_configuration/share/omni_base_controller_configuration/local_setup.zsh
[1.422s] -- Symlinking: /workspaces/TIAgo_humble/install/omni_base_controller_configuration/share/omni_base_controller_configuration/local_setup.dsv
[1.434s] -- Symlinking: /workspaces/TIAgo_humble/install/omni_base_controller_configuration/share/omni_base_controller_configuration/package.dsv
[1.448s] -- Symlinking: /workspaces/TIAgo_humble/install/omni_base_controller_configuration/share/ament_index/resource_index/packages/omni_base_controller_configuration
[1.461s] -- Symlinking: /workspaces/TIAgo_humble/install/omni_base_controller_configuration/share/omni_base_controller_configuration/cmake/omni_base_controller_configurationConfig.cmake
[1.467s] -- Symlinking: /workspaces/TIAgo_humble/install/omni_base_controller_configuration/share/omni_base_controller_configuration/cmake/omni_base_controller_configurationConfig-version.cmake
[1.479s] -- Symlinking: /workspaces/TIAgo_humble/install/omni_base_controller_configuration/share/omni_base_controller_configuration/package.xml
[1.541s] Invoked command in '/workspaces/TIAgo_humble/build/omni_base_controller_configuration' returned '0': CMAKE_PREFIX_PATH=/opt/ros/humble /usr/bin/cmake --install /workspaces/TIAgo_humble/build/omni_base_controller_configuration
