[0.038s] Invoking command in '/workspaces/TIAgo_humble/build/tiago_navigation': AMENT_PREFIX_PATH=/workspaces/TIAgo_humble/install/tiago_2dnav:/workspaces/TIAgo_humble/install/tiago_laser_sensors:/workspaces/TIAgo_humble/install/pmb2_2dnav:/workspaces/TIAgo_humble/install/tiago_rgbd_sensors:/workspaces/TIAgo_humble/install/pmb2_laser_sensors:/workspaces/TIAgo_humble/install/pal_maps:/workspaces/TIAgo_humble/install/launch_pal:${AMENT_PREFIX_PATH} CMAKE_PREFIX_PATH=/workspaces/TIAgo_humble/install/tiago_2dnav:/workspaces/TIAgo_humble/install/tiago_laser_sensors:/workspaces/TIAgo_humble/install/pmb2_2dnav:/workspaces/TIAgo_humble/install/tiago_rgbd_sensors:/workspaces/TIAgo_humble/install/pmb2_laser_sensors:/workspaces/TIAgo_humble/install/pal_maps:/opt/ros/humble PYTHONPATH=/workspaces/TIAgo_humble/build/launch_pal:/workspaces/TIAgo_humble/install/launch_pal/lib/python3.10/site-packages:${PYTHONPATH} /usr/bin/cmake /workspaces/TIAgo_humble/ros2_ws/src/tiago_navigation/tiago_navigation -DCMAKE_BUILD_TYPE=Release -DAMENT_CMAKE_SYMLINK_INSTALL=1 -DCMAKE_INSTALL_PREFIX=/workspaces/TIAgo_humble/install/tiago_navigation
[0.206s] -- The C compiler identification is GNU 11.4.0
[0.365s] -- The CXX compiler identification is GNU 11.4.0
[0.404s] -- Detecting C compiler ABI info
[0.579s] -- Detecting C compiler ABI info - done
[0.582s] -- Check for working C compiler: /usr/bin/cc - skipped
[0.582s] -- Detecting C compile features
[0.583s] -- Detecting C compile features - done
[0.602s] -- Detecting CXX compiler ABI info
[0.839s] -- Detecting CXX compiler ABI info - done
[0.864s] -- Check for working CXX compiler: /usr/bin/c++ - skipped
[0.866s] -- Detecting CXX compile features
[0.867s] -- Detecting CXX compile features - done
[0.881s] -- Found ament_cmake_auto: 1.3.14 (/opt/ros/humble/share/ament_cmake_auto/cmake)
[1.372s] -- Found Python3: /usr/bin/python3 (found version "3.10.12") found components: Interpreter 
[1.659s] -- Override CMake install command with custom implementation using symlinks instead of copying resources
[2.001s] -- Configuring done
[2.062s] -- Generating done
[2.062s] -- Build files have been written to: /workspaces/TIAgo_humble/build/tiago_navigation
[2.068s] Invoked command in '/workspaces/TIAgo_humble/build/tiago_navigation' returned '0': AMENT_PREFIX_PATH=/workspaces/TIAgo_humble/install/tiago_2dnav:/workspaces/TIAgo_humble/install/tiago_laser_sensors:/workspaces/TIAgo_humble/install/pmb2_2dnav:/workspaces/TIAgo_humble/install/tiago_rgbd_sensors:/workspaces/TIAgo_humble/install/pmb2_laser_sensors:/workspaces/TIAgo_humble/install/pal_maps:/workspaces/TIAgo_humble/install/launch_pal:${AMENT_PREFIX_PATH} CMAKE_PREFIX_PATH=/workspaces/TIAgo_humble/install/tiago_2dnav:/workspaces/TIAgo_humble/install/tiago_laser_sensors:/workspaces/TIAgo_humble/install/pmb2_2dnav:/workspaces/TIAgo_humble/install/tiago_rgbd_sensors:/workspaces/TIAgo_humble/install/pmb2_laser_sensors:/workspaces/TIAgo_humble/install/pal_maps:/opt/ros/humble PYTHONPATH=/workspaces/TIAgo_humble/build/launch_pal:/workspaces/TIAgo_humble/install/launch_pal/lib/python3.10/site-packages:${PYTHONPATH} /usr/bin/cmake /workspaces/TIAgo_humble/ros2_ws/src/tiago_navigation/tiago_navigation -DCMAKE_BUILD_TYPE=Release -DAMENT_CMAKE_SYMLINK_INSTALL=1 -DCMAKE_INSTALL_PREFIX=/workspaces/TIAgo_humble/install/tiago_navigation
[2.068s] Invoking command in '/workspaces/TIAgo_humble/build/tiago_navigation': AMENT_PREFIX_PATH=/workspaces/TIAgo_humble/install/tiago_2dnav:/workspaces/TIAgo_humble/install/tiago_laser_sensors:/workspaces/TIAgo_humble/install/pmb2_2dnav:/workspaces/TIAgo_humble/install/tiago_rgbd_sensors:/workspaces/TIAgo_humble/install/pmb2_laser_sensors:/workspaces/TIAgo_humble/install/pal_maps:/workspaces/TIAgo_humble/install/launch_pal:${AMENT_PREFIX_PATH} CMAKE_PREFIX_PATH=/workspaces/TIAgo_humble/install/tiago_2dnav:/workspaces/TIAgo_humble/install/tiago_laser_sensors:/workspaces/TIAgo_humble/install/pmb2_2dnav:/workspaces/TIAgo_humble/install/tiago_rgbd_sensors:/workspaces/TIAgo_humble/install/pmb2_laser_sensors:/workspaces/TIAgo_humble/install/pal_maps:/opt/ros/humble PYTHONPATH=/workspaces/TIAgo_humble/build/launch_pal:/workspaces/TIAgo_humble/install/launch_pal/lib/python3.10/site-packages:${PYTHONPATH} /usr/bin/cmake --build /workspaces/TIAgo_humble/build/tiago_navigation -- -j24 -l24
[2.171s] Invoked command in '/workspaces/TIAgo_humble/build/tiago_navigation' returned '0': AMENT_PREFIX_PATH=/workspaces/TIAgo_humble/install/tiago_2dnav:/workspaces/TIAgo_humble/install/tiago_laser_sensors:/workspaces/TIAgo_humble/install/pmb2_2dnav:/workspaces/TIAgo_humble/install/tiago_rgbd_sensors:/workspaces/TIAgo_humble/install/pmb2_laser_sensors:/workspaces/TIAgo_humble/install/pal_maps:/workspaces/TIAgo_humble/install/launch_pal:${AMENT_PREFIX_PATH} CMAKE_PREFIX_PATH=/workspaces/TIAgo_humble/install/tiago_2dnav:/workspaces/TIAgo_humble/install/tiago_laser_sensors:/workspaces/TIAgo_humble/install/pmb2_2dnav:/workspaces/TIAgo_humble/install/tiago_rgbd_sensors:/workspaces/TIAgo_humble/install/pmb2_laser_sensors:/workspaces/TIAgo_humble/install/pal_maps:/opt/ros/humble PYTHONPATH=/workspaces/TIAgo_humble/build/launch_pal:/workspaces/TIAgo_humble/install/launch_pal/lib/python3.10/site-packages:${PYTHONPATH} /usr/bin/cmake --build /workspaces/TIAgo_humble/build/tiago_navigation -- -j24 -l24
[2.253s] Invoking command in '/workspaces/TIAgo_humble/build/tiago_navigation': AMENT_PREFIX_PATH=/workspaces/TIAgo_humble/install/tiago_2dnav:/workspaces/TIAgo_humble/install/tiago_laser_sensors:/workspaces/TIAgo_humble/install/pmb2_2dnav:/workspaces/TIAgo_humble/install/tiago_rgbd_sensors:/workspaces/TIAgo_humble/install/pmb2_laser_sensors:/workspaces/TIAgo_humble/install/pal_maps:/workspaces/TIAgo_humble/install/launch_pal:${AMENT_PREFIX_PATH} CMAKE_PREFIX_PATH=/workspaces/TIAgo_humble/install/tiago_2dnav:/workspaces/TIAgo_humble/install/tiago_laser_sensors:/workspaces/TIAgo_humble/install/pmb2_2dnav:/workspaces/TIAgo_humble/install/tiago_rgbd_sensors:/workspaces/TIAgo_humble/install/pmb2_laser_sensors:/workspaces/TIAgo_humble/install/pal_maps:/opt/ros/humble PYTHONPATH=/workspaces/TIAgo_humble/build/launch_pal:/workspaces/TIAgo_humble/install/launch_pal/lib/python3.10/site-packages:${PYTHONPATH} /usr/bin/cmake --install /workspaces/TIAgo_humble/build/tiago_navigation
[2.263s] -- Install configuration: "Release"
[2.266s] -- Execute custom install script
[2.266s] -- Symlinking: /workspaces/TIAgo_humble/install/tiago_navigation/share/ament_index/resource_index/package_run_dependencies/tiago_navigation
[2.284s] -- Symlinking: /workspaces/TIAgo_humble/install/tiago_navigation/share/ament_index/resource_index/parent_prefix_path/tiago_navigation
[2.350s] -- Symlinking: /workspaces/TIAgo_humble/install/tiago_navigation/share/tiago_navigation/environment/ament_prefix_path.sh
[2.426s] -- Symlinking: /workspaces/TIAgo_humble/install/tiago_navigation/share/tiago_navigation/environment/ament_prefix_path.dsv
[2.426s] -- Symlinking: /workspaces/TIAgo_humble/install/tiago_navigation/share/tiago_navigation/environment/path.sh
[2.452s] -- Symlinking: /workspaces/TIAgo_humble/install/tiago_navigation/share/tiago_navigation/environment/path.dsv
[2.493s] -- Symlinking: /workspaces/TIAgo_humble/install/tiago_navigation/share/tiago_navigation/local_setup.bash
[2.599s] -- Symlinking: /workspaces/TIAgo_humble/install/tiago_navigation/share/tiago_navigation/local_setup.sh
[2.634s] -- Symlinking: /workspaces/TIAgo_humble/install/tiago_navigation/share/tiago_navigation/local_setup.zsh
[2.648s] -- Symlinking: /workspaces/TIAgo_humble/install/tiago_navigation/share/tiago_navigation/local_setup.dsv
[2.673s] -- Symlinking: /workspaces/TIAgo_humble/install/tiago_navigation/share/tiago_navigation/package.dsv
[2.698s] -- Symlinking: /workspaces/TIAgo_humble/install/tiago_navigation/share/ament_index/resource_index/packages/tiago_navigation
[2.730s] -- Symlinking: /workspaces/TIAgo_humble/install/tiago_navigation/share/tiago_navigation/cmake/tiago_navigationConfig.cmake
[2.751s] -- Symlinking: /workspaces/TIAgo_humble/install/tiago_navigation/share/tiago_navigation/cmake/tiago_navigationConfig-version.cmake
[2.775s] -- Symlinking: /workspaces/TIAgo_humble/install/tiago_navigation/share/tiago_navigation/package.xml
[2.837s] Invoked command in '/workspaces/TIAgo_humble/build/tiago_navigation' returned '0': AMENT_PREFIX_PATH=/workspaces/TIAgo_humble/install/tiago_2dnav:/workspaces/TIAgo_humble/install/tiago_laser_sensors:/workspaces/TIAgo_humble/install/pmb2_2dnav:/workspaces/TIAgo_humble/install/tiago_rgbd_sensors:/workspaces/TIAgo_humble/install/pmb2_laser_sensors:/workspaces/TIAgo_humble/install/pal_maps:/workspaces/TIAgo_humble/install/launch_pal:${AMENT_PREFIX_PATH} CMAKE_PREFIX_PATH=/workspaces/TIAgo_humble/install/tiago_2dnav:/workspaces/TIAgo_humble/install/tiago_laser_sensors:/workspaces/TIAgo_humble/install/pmb2_2dnav:/workspaces/TIAgo_humble/install/tiago_rgbd_sensors:/workspaces/TIAgo_humble/install/pmb2_laser_sensors:/workspaces/TIAgo_humble/install/pal_maps:/opt/ros/humble PYTHONPATH=/workspaces/TIAgo_humble/build/launch_pal:/workspaces/TIAgo_humble/install/launch_pal/lib/python3.10/site-packages:${PYTHONPATH} /usr/bin/cmake --install /workspaces/TIAgo_humble/build/tiago_navigation
