-- The C compiler identification is GNU 11.4.0
-- The CXX compiler identification is GNU 11.4.0
-- Detecting C compiler ABI info
-- Detecting C compiler ABI info - done
-- Check for working C compiler: /usr/bin/cc - skipped
-- Detecting C compile features
-- Detecting C compile features - done
-- Detecting CXX compiler ABI info
-- Detecting CXX compiler ABI info - done
-- Check for working CXX compiler: /usr/bin/c++ - skipped
-- Detecting CXX compile features
-- Detecting CXX compile features - done
-- Found ament_cmake_auto: 1.3.14 (/opt/ros/humble/share/ament_cmake_auto/cmake)
-- Found Python3: /usr/bin/python3 (found version "3.10.12") found components: Interpreter 
-- Override CMake install command with custom implementation using symlinks instead of copying resources
-- Found ament_lint_auto: 0.12.15 (/opt/ros/humble/share/ament_lint_auto/cmake)
-- Added test 'copyright' to check source files copyright and LICENSE
-- Added test 'flake8' to check Python code syntax and style conventions
-- Added test 'lint_cmake' to check CMake code style
-- Added test 'pep257' to check Python code against some of the docstring style conventions in PEP 257
-- Added test 'xmllint' to check XML markup files
-- Configuring done
-- Generating done
-- Build files have been written to: /workspaces/TIAgo_humble/build/tiago_bringup
-- Install configuration: "Release"
-- Execute custom install script
-- Symlinking: /workspaces/TIAgo_humble/install/tiago_bringup/lib/tiago_bringup/regen_em_file.py
-- Symlinking: /workspaces/TIAgo_humble/install/tiago_bringup/share/tiago_bringup/config/joy_config/joystick_analyzers.yaml
-- Symlinking: /workspaces/TIAgo_humble/install/tiago_bringup/share/tiago_bringup/config/motion_planner/motion_planner.yaml.em
-- Symlinking: /workspaces/TIAgo_humble/install/tiago_bringup/share/tiago_bringup/config/motion_planner/motion_planner_custom.yaml
-- Symlinking: /workspaces/TIAgo_humble/install/tiago_bringup/share/tiago_bringup/config/motion_planner/motion_planner_no-arm.yaml
-- Symlinking: /workspaces/TIAgo_humble/install/tiago_bringup/share/tiago_bringup/config/motion_planner/motion_planner_no-ee.yaml
-- Symlinking: /workspaces/TIAgo_humble/install/tiago_bringup/share/tiago_bringup/config/motion_planner/motion_planner_pal-gripper.yaml
-- Symlinking: /workspaces/TIAgo_humble/install/tiago_bringup/share/tiago_bringup/config/motion_planner/motion_planner_pal-hey5.yaml
-- Symlinking: /workspaces/TIAgo_humble/install/tiago_bringup/share/tiago_bringup/config/motion_planner/motion_planner_robotiq-2f-140.yaml
-- Symlinking: /workspaces/TIAgo_humble/install/tiago_bringup/share/tiago_bringup/config/motion_planner/motion_planner_robotiq-2f-85.yaml
-- Symlinking: /workspaces/TIAgo_humble/install/tiago_bringup/share/tiago_bringup/config/motion_planner/motion_planner_robotiq-epick.yaml
-- Symlinking: /workspaces/TIAgo_humble/install/tiago_bringup/share/tiago_bringup/config/motions/tiago_motions.yaml.em
-- Symlinking: /workspaces/TIAgo_humble/install/tiago_bringup/share/tiago_bringup/config/motions/tiago_motions_custom.yaml
-- Symlinking: /workspaces/TIAgo_humble/install/tiago_bringup/share/tiago_bringup/config/motions/tiago_motions_general.yaml
-- Symlinking: /workspaces/TIAgo_humble/install/tiago_bringup/share/tiago_bringup/config/motions/tiago_motions_head.yaml
-- Symlinking: /workspaces/TIAgo_humble/install/tiago_bringup/share/tiago_bringup/config/motions/tiago_motions_no-arm.yaml
-- Symlinking: /workspaces/TIAgo_humble/install/tiago_bringup/share/tiago_bringup/config/motions/tiago_motions_pal-gripper.yaml
-- Symlinking: /workspaces/TIAgo_humble/install/tiago_bringup/share/tiago_bringup/config/motions/tiago_motions_pal-hey5.yaml
-- Symlinking: /workspaces/TIAgo_humble/install/tiago_bringup/share/tiago_bringup/config/motions/tiago_motions_robotiq-2f-140.yaml
-- Symlinking: /workspaces/TIAgo_humble/install/tiago_bringup/share/tiago_bringup/config/motions/tiago_motions_robotiq-2f-85.yaml
-- Symlinking: /workspaces/TIAgo_humble/install/tiago_bringup/share/tiago_bringup/config/motions/tiago_motions_robotiq-epick.yaml
-- Symlinking: /workspaces/TIAgo_humble/install/tiago_bringup/share/tiago_bringup/config/twist_mux/joystick_omni_base.yaml
-- Symlinking: /workspaces/TIAgo_humble/install/tiago_bringup/share/tiago_bringup/config/twist_mux/joystick_pmb2.yaml
-- Symlinking: /workspaces/TIAgo_humble/install/tiago_bringup/share/tiago_bringup/config/twist_mux/twist_mux_analyzers.yaml
-- Symlinking: /workspaces/TIAgo_humble/install/tiago_bringup/share/tiago_bringup/config/twist_mux/twist_mux_locks.yaml
-- Symlinking: /workspaces/TIAgo_humble/install/tiago_bringup/share/tiago_bringup/config/twist_mux/twist_mux_topics.yaml
-- Symlinking: /workspaces/TIAgo_humble/install/tiago_bringup/share/tiago_bringup/launch/joystick_teleop.launch.py
-- Symlinking: /workspaces/TIAgo_humble/install/tiago_bringup/share/tiago_bringup/launch/tiago_bringup.launch.py
-- Symlinking: /workspaces/TIAgo_humble/install/tiago_bringup/share/tiago_bringup/launch/tiago_play_motion2.launch.py
-- Symlinking: /workspaces/TIAgo_humble/install/tiago_bringup/share/tiago_bringup/launch/twist_mux.launch.py
-- Symlinking: /workspaces/TIAgo_humble/install/tiago_bringup/share/ament_index/resource_index/package_run_dependencies/tiago_bringup
-- Symlinking: /workspaces/TIAgo_humble/install/tiago_bringup/share/ament_index/resource_index/parent_prefix_path/tiago_bringup
-- Symlinking: /workspaces/TIAgo_humble/install/tiago_bringup/share/tiago_bringup/environment/ament_prefix_path.sh
-- Symlinking: /workspaces/TIAgo_humble/install/tiago_bringup/share/tiago_bringup/environment/ament_prefix_path.dsv
-- Symlinking: /workspaces/TIAgo_humble/install/tiago_bringup/share/tiago_bringup/environment/path.sh
-- Symlinking: /workspaces/TIAgo_humble/install/tiago_bringup/share/tiago_bringup/environment/path.dsv
-- Symlinking: /workspaces/TIAgo_humble/install/tiago_bringup/share/tiago_bringup/local_setup.bash
-- Symlinking: /workspaces/TIAgo_humble/install/tiago_bringup/share/tiago_bringup/local_setup.sh
-- Symlinking: /workspaces/TIAgo_humble/install/tiago_bringup/share/tiago_bringup/local_setup.zsh
-- Symlinking: /workspaces/TIAgo_humble/install/tiago_bringup/share/tiago_bringup/local_setup.dsv
-- Symlinking: /workspaces/TIAgo_humble/install/tiago_bringup/share/tiago_bringup/package.dsv
-- Symlinking: /workspaces/TIAgo_humble/install/tiago_bringup/share/ament_index/resource_index/packages/tiago_bringup
-- Symlinking: /workspaces/TIAgo_humble/install/tiago_bringup/share/tiago_bringup/cmake/tiago_bringupConfig.cmake
-- Symlinking: /workspaces/TIAgo_humble/install/tiago_bringup/share/tiago_bringup/cmake/tiago_bringupConfig-version.cmake
-- Symlinking: /workspaces/TIAgo_humble/install/tiago_bringup/share/tiago_bringup/package.xml
