[0.072s] Invoking command in '/workspaces/TIAgo_humble/build/pal_gripper_simulation': AMENT_PREFIX_PATH=/workspaces/TIAgo_humble/install/pal_gripper_description:/workspaces/TIAgo_humble/install/pal_gazebo_worlds:/workspaces/TIAgo_humble/install/pal_urdf_utils:/workspaces/TIAgo_humble/install/pal_gripper_controller_configuration:/workspaces/TIAgo_humble/install/launch_pal:${AMENT_PREFIX_PATH} CMAKE_PREFIX_PATH=/workspaces/TIAgo_humble/install/pal_gripper_description:/workspaces/TIAgo_humble/install/pal_gazebo_worlds:/workspaces/TIAgo_humble/install/pal_urdf_utils:/workspaces/TIAgo_humble/install/pal_gripper_controller_configuration:/opt/ros/humble GAZEBO_MODEL_PATH=/workspaces/TIAgo_humble/install/pal_gazebo_worlds/share/pal_gazebo_worlds/models:${GAZEBO_MODEL_PATH} GZ_SIM_RESOURCE_PATH=/workspaces/TIAgo_humble/install/pal_gazebo_worlds/share/pal_gazebo_worlds/models PYTHONPATH=/workspaces/TIAgo_humble/build/launch_pal:/workspaces/TIAgo_humble/install/launch_pal/lib/python3.10/site-packages:${PYTHONPATH} /usr/bin/cmake /workspaces/TIAgo_humble/ros2_ws/src/pal_gripper/pal_gripper_simulation -DCMAKE_BUILD_TYPE=Release -DAMENT_CMAKE_SYMLINK_INSTALL=1 -DCMAKE_INSTALL_PREFIX=/workspaces/TIAgo_humble/install/pal_gripper_simulation
[0.280s] -- The C compiler identification is GNU 11.4.0
[0.309s] -- The CXX compiler identification is GNU 11.4.0
[0.328s] -- Detecting C compiler ABI info
[0.442s] -- Detecting C compiler ABI info - done
[0.452s] -- Check for working C compiler: /usr/bin/cc - skipped
[0.452s] -- Detecting C compile features
[0.452s] -- Detecting C compile features - done
[0.455s] -- Detecting CXX compiler ABI info
[0.579s] -- Detecting CXX compiler ABI info - done
[0.590s] -- Check for working CXX compiler: /usr/bin/c++ - skipped
[0.590s] -- Detecting CXX compile features
[0.590s] -- Detecting CXX compile features - done
[0.594s] -- Found ament_cmake_auto: 1.3.14 (/opt/ros/humble/share/ament_cmake_auto/cmake)
[0.850s] -- Found Python3: /usr/bin/python3 (found version "3.10.12") found components: Interpreter 
[0.936s] -- Override CMake install command with custom implementation using symlinks instead of copying resources
[1.176s] -- Found ament_lint_auto: 0.12.15 (/opt/ros/humble/share/ament_lint_auto/cmake)
[1.239s] -- Added test 'copyright' to check source files copyright and LICENSE
[1.241s] -- Added test 'flake8' to check Python code syntax and style conventions
[1.242s] -- Added test 'lint_cmake' to check CMake code style
[1.243s] -- Added test 'pep257' to check Python code against some of the docstring style conventions in PEP 257
[1.244s] -- Added test 'xmllint' to check XML markup files
[1.247s] -- Configuring done
[1.251s] -- Generating done
[1.257s] -- Build files have been written to: /workspaces/TIAgo_humble/build/pal_gripper_simulation
[1.263s] Invoked command in '/workspaces/TIAgo_humble/build/pal_gripper_simulation' returned '0': AMENT_PREFIX_PATH=/workspaces/TIAgo_humble/install/pal_gripper_description:/workspaces/TIAgo_humble/install/pal_gazebo_worlds:/workspaces/TIAgo_humble/install/pal_urdf_utils:/workspaces/TIAgo_humble/install/pal_gripper_controller_configuration:/workspaces/TIAgo_humble/install/launch_pal:${AMENT_PREFIX_PATH} CMAKE_PREFIX_PATH=/workspaces/TIAgo_humble/install/pal_gripper_description:/workspaces/TIAgo_humble/install/pal_gazebo_worlds:/workspaces/TIAgo_humble/install/pal_urdf_utils:/workspaces/TIAgo_humble/install/pal_gripper_controller_configuration:/opt/ros/humble GAZEBO_MODEL_PATH=/workspaces/TIAgo_humble/install/pal_gazebo_worlds/share/pal_gazebo_worlds/models:${GAZEBO_MODEL_PATH} GZ_SIM_RESOURCE_PATH=/workspaces/TIAgo_humble/install/pal_gazebo_worlds/share/pal_gazebo_worlds/models PYTHONPATH=/workspaces/TIAgo_humble/build/launch_pal:/workspaces/TIAgo_humble/install/launch_pal/lib/python3.10/site-packages:${PYTHONPATH} /usr/bin/cmake /workspaces/TIAgo_humble/ros2_ws/src/pal_gripper/pal_gripper_simulation -DCMAKE_BUILD_TYPE=Release -DAMENT_CMAKE_SYMLINK_INSTALL=1 -DCMAKE_INSTALL_PREFIX=/workspaces/TIAgo_humble/install/pal_gripper_simulation
[1.266s] Invoking command in '/workspaces/TIAgo_humble/build/pal_gripper_simulation': AMENT_PREFIX_PATH=/workspaces/TIAgo_humble/install/pal_gripper_description:/workspaces/TIAgo_humble/install/pal_gazebo_worlds:/workspaces/TIAgo_humble/install/pal_urdf_utils:/workspaces/TIAgo_humble/install/pal_gripper_controller_configuration:/workspaces/TIAgo_humble/install/launch_pal:${AMENT_PREFIX_PATH} CMAKE_PREFIX_PATH=/workspaces/TIAgo_humble/install/pal_gripper_description:/workspaces/TIAgo_humble/install/pal_gazebo_worlds:/workspaces/TIAgo_humble/install/pal_urdf_utils:/workspaces/TIAgo_humble/install/pal_gripper_controller_configuration:/opt/ros/humble GAZEBO_MODEL_PATH=/workspaces/TIAgo_humble/install/pal_gazebo_worlds/share/pal_gazebo_worlds/models:${GAZEBO_MODEL_PATH} GZ_SIM_RESOURCE_PATH=/workspaces/TIAgo_humble/install/pal_gazebo_worlds/share/pal_gazebo_worlds/models PYTHONPATH=/workspaces/TIAgo_humble/build/launch_pal:/workspaces/TIAgo_humble/install/launch_pal/lib/python3.10/site-packages:${PYTHONPATH} /usr/bin/cmake --build /workspaces/TIAgo_humble/build/pal_gripper_simulation -- -j24 -l24
[1.312s] Invoked command in '/workspaces/TIAgo_humble/build/pal_gripper_simulation' returned '0': AMENT_PREFIX_PATH=/workspaces/TIAgo_humble/install/pal_gripper_description:/workspaces/TIAgo_humble/install/pal_gazebo_worlds:/workspaces/TIAgo_humble/install/pal_urdf_utils:/workspaces/TIAgo_humble/install/pal_gripper_controller_configuration:/workspaces/TIAgo_humble/install/launch_pal:${AMENT_PREFIX_PATH} CMAKE_PREFIX_PATH=/workspaces/TIAgo_humble/install/pal_gripper_description:/workspaces/TIAgo_humble/install/pal_gazebo_worlds:/workspaces/TIAgo_humble/install/pal_urdf_utils:/workspaces/TIAgo_humble/install/pal_gripper_controller_configuration:/opt/ros/humble GAZEBO_MODEL_PATH=/workspaces/TIAgo_humble/install/pal_gazebo_worlds/share/pal_gazebo_worlds/models:${GAZEBO_MODEL_PATH} GZ_SIM_RESOURCE_PATH=/workspaces/TIAgo_humble/install/pal_gazebo_worlds/share/pal_gazebo_worlds/models PYTHONPATH=/workspaces/TIAgo_humble/build/launch_pal:/workspaces/TIAgo_humble/install/launch_pal/lib/python3.10/site-packages:${PYTHONPATH} /usr/bin/cmake --build /workspaces/TIAgo_humble/build/pal_gripper_simulation -- -j24 -l24
[1.315s] Invoking command in '/workspaces/TIAgo_humble/build/pal_gripper_simulation': AMENT_PREFIX_PATH=/workspaces/TIAgo_humble/install/pal_gripper_description:/workspaces/TIAgo_humble/install/pal_gazebo_worlds:/workspaces/TIAgo_humble/install/pal_urdf_utils:/workspaces/TIAgo_humble/install/pal_gripper_controller_configuration:/workspaces/TIAgo_humble/install/launch_pal:${AMENT_PREFIX_PATH} CMAKE_PREFIX_PATH=/workspaces/TIAgo_humble/install/pal_gripper_description:/workspaces/TIAgo_humble/install/pal_gazebo_worlds:/workspaces/TIAgo_humble/install/pal_urdf_utils:/workspaces/TIAgo_humble/install/pal_gripper_controller_configuration:/opt/ros/humble GAZEBO_MODEL_PATH=/workspaces/TIAgo_humble/install/pal_gazebo_worlds/share/pal_gazebo_worlds/models:${GAZEBO_MODEL_PATH} GZ_SIM_RESOURCE_PATH=/workspaces/TIAgo_humble/install/pal_gazebo_worlds/share/pal_gazebo_worlds/models PYTHONPATH=/workspaces/TIAgo_humble/build/launch_pal:/workspaces/TIAgo_humble/install/launch_pal/lib/python3.10/site-packages:${PYTHONPATH} /usr/bin/cmake --install /workspaces/TIAgo_humble/build/pal_gripper_simulation
[1.326s] -- Install configuration: "Release"
[1.326s] -- Execute custom install script
[1.328s] -- Symlinking: /workspaces/TIAgo_humble/install/pal_gripper_simulation/share/pal_gripper_simulation/launch/gazebo.launch.py
[1.339s] -- Symlinking: /workspaces/TIAgo_humble/install/pal_gripper_simulation/share/pal_gripper_simulation/launch/gripper_spawn.launch.py
[1.351s] -- Symlinking: /workspaces/TIAgo_humble/install/pal_gripper_simulation/share/pal_gripper_simulation/launch/robot_state_publisher.launch.py
[1.364s] -- Symlinking: /workspaces/TIAgo_humble/install/pal_gripper_simulation/share/ament_index/resource_index/package_run_dependencies/pal_gripper_simulation
[1.376s] -- Symlinking: /workspaces/TIAgo_humble/install/pal_gripper_simulation/share/ament_index/resource_index/parent_prefix_path/pal_gripper_simulation
[1.389s] -- Symlinking: /workspaces/TIAgo_humble/install/pal_gripper_simulation/share/pal_gripper_simulation/environment/ament_prefix_path.sh
[1.403s] -- Symlinking: /workspaces/TIAgo_humble/install/pal_gripper_simulation/share/pal_gripper_simulation/environment/ament_prefix_path.dsv
[1.417s] -- Symlinking: /workspaces/TIAgo_humble/install/pal_gripper_simulation/share/pal_gripper_simulation/environment/path.sh
[1.428s] -- Symlinking: /workspaces/TIAgo_humble/install/pal_gripper_simulation/share/pal_gripper_simulation/environment/path.dsv
[1.438s] -- Symlinking: /workspaces/TIAgo_humble/install/pal_gripper_simulation/share/pal_gripper_simulation/local_setup.bash
[1.447s] -- Symlinking: /workspaces/TIAgo_humble/install/pal_gripper_simulation/share/pal_gripper_simulation/local_setup.sh
[1.457s] -- Symlinking: /workspaces/TIAgo_humble/install/pal_gripper_simulation/share/pal_gripper_simulation/local_setup.zsh
[1.466s] -- Symlinking: /workspaces/TIAgo_humble/install/pal_gripper_simulation/share/pal_gripper_simulation/local_setup.dsv
[1.479s] -- Symlinking: /workspaces/TIAgo_humble/install/pal_gripper_simulation/share/pal_gripper_simulation/package.dsv
[1.493s] -- Symlinking: /workspaces/TIAgo_humble/install/pal_gripper_simulation/share/ament_index/resource_index/packages/pal_gripper_simulation
[1.504s] -- Symlinking: /workspaces/TIAgo_humble/install/pal_gripper_simulation/share/pal_gripper_simulation/cmake/pal_gripper_simulationConfig.cmake
[1.516s] -- Symlinking: /workspaces/TIAgo_humble/install/pal_gripper_simulation/share/pal_gripper_simulation/cmake/pal_gripper_simulationConfig-version.cmake
[1.528s] -- Symlinking: /workspaces/TIAgo_humble/install/pal_gripper_simulation/share/pal_gripper_simulation/package.xml
[1.544s] Invoked command in '/workspaces/TIAgo_humble/build/pal_gripper_simulation' returned '0': AMENT_PREFIX_PATH=/workspaces/TIAgo_humble/install/pal_gripper_description:/workspaces/TIAgo_humble/install/pal_gazebo_worlds:/workspaces/TIAgo_humble/install/pal_urdf_utils:/workspaces/TIAgo_humble/install/pal_gripper_controller_configuration:/workspaces/TIAgo_humble/install/launch_pal:${AMENT_PREFIX_PATH} CMAKE_PREFIX_PATH=/workspaces/TIAgo_humble/install/pal_gripper_description:/workspaces/TIAgo_humble/install/pal_gazebo_worlds:/workspaces/TIAgo_humble/install/pal_urdf_utils:/workspaces/TIAgo_humble/install/pal_gripper_controller_configuration:/opt/ros/humble GAZEBO_MODEL_PATH=/workspaces/TIAgo_humble/install/pal_gazebo_worlds/share/pal_gazebo_worlds/models:${GAZEBO_MODEL_PATH} GZ_SIM_RESOURCE_PATH=/workspaces/TIAgo_humble/install/pal_gazebo_worlds/share/pal_gazebo_worlds/models PYTHONPATH=/workspaces/TIAgo_humble/build/launch_pal:/workspaces/TIAgo_humble/install/launch_pal/lib/python3.10/site-packages:${PYTHONPATH} /usr/bin/cmake --install /workspaces/TIAgo_humble/build/pal_gripper_simulation
