-- The C compiler identification is GNU 11.4.0
-- The CXX compiler identification is GNU 11.4.0
-- Detecting C compiler ABI info
-- Detecting C compiler ABI info - done
-- Check for working C compiler: /usr/bin/cc - skipped
-- Detecting C compile features
-- Detecting C compile features - done
-- Detecting CXX compiler ABI info
-- Detecting CXX compiler ABI info - done
-- Check for working CXX compiler: /usr/bin/c++ - skipped
-- Detecting CXX compile features
-- Detecting CXX compile features - done
-- Found action_msgs: 1.2.3 (/opt/ros/humble/share/action_msgs/cmake)
-- Found Python3: /usr/bin/python3 (found version "3.10.12") found components: Interpreter 
-- Override CMake install command with custom implementation using symlinks instead of copying resources
-- Found rosidl_generator_c: 3.1.9 (/opt/ros/humble/share/rosidl_generator_c/cmake)
-- Found rosidl_adapter: 3.1.9 (/opt/ros/humble/share/rosidl_adapter/cmake)
-- Found rosidl_generator_cpp: 3.1.9 (/opt/ros/humble/share/rosidl_generator_cpp/cmake)
-- Using all available rosidl_typesupport_c: rosidl_typesupport_fastrtps_c;rosidl_typesupport_introspection_c
-- Using all available rosidl_typesupport_cpp: rosidl_typesupport_fastrtps_cpp;rosidl_typesupport_introspection_cpp
-- Found rosidl_default_generators: 1.2.1 (/opt/ros/humble/share/rosidl_default_generators/cmake)
-- Found std_msgs: 4.9.2 (/opt/ros/humble/share/std_msgs/cmake)
-- Found ament_cmake_cppcheck: 0.12.15 (/opt/ros/humble/share/ament_cmake_cppcheck/cmake)
-- Found ament_cmake_cpplint: 0.12.15 (/opt/ros/humble/share/ament_cmake_cpplint/cmake)
-- Found ament_cmake_uncrustify: 0.12.15 (/opt/ros/humble/share/ament_cmake_uncrustify/cmake)
-- Found ament_cmake_ros: 0.10.0 (/opt/ros/humble/share/ament_cmake_ros/cmake)
-- Using all available rosidl_typesupport_c: rosidl_typesupport_fastrtps_c;rosidl_typesupport_introspection_c
-- Using all available rosidl_typesupport_cpp: rosidl_typesupport_fastrtps_cpp;rosidl_typesupport_introspection_cpp
-- Found PythonInterp: /usr/bin/python3 (found suitable version "3.10.12", minimum required is "3.6") 
-- Found python_cmake_module: 0.10.0 (/opt/ros/humble/share/python_cmake_module/cmake)
-- Found PythonLibs: /usr/lib/x86_64-linux-gnu/libpython3.10.so (found suitable version "3.10.12", minimum required is "3.5") 
-- Using PYTHON_EXECUTABLE: /usr/bin/python3
-- Using PYTHON_INCLUDE_DIRS: /usr/include/python3.10
-- Using PYTHON_LIBRARIES: /usr/lib/x86_64-linux-gnu/libpython3.10.so
-- Found PythonExtra: .so  
-- Found ament_cmake_flake8: 0.12.15 (/opt/ros/humble/share/ament_cmake_flake8/cmake)
-- Found ament_cmake_pep257: 0.12.15 (/opt/ros/humble/share/ament_cmake_pep257/cmake)
-- Configuring done
-- Generating done
-- Build files have been written to: /workspaces/TIAgo_humble/build/pal_device_msgs
[  0%] [34m[1mGenerating C code for ROS interfaces[0m
[  0%] [34m[1mGenerating C++ code for ROS interfaces[0m
[  1%] [34m[1mGenerating Rust code for ROS interfaces[0m
[  1%] Built target ament_cmake_python_symlink_pal_device_msgs
running egg_info
creating pal_device_msgs.egg-info
writing pal_device_msgs.egg-info/PKG-INFO
writing dependency_links to pal_device_msgs.egg-info/dependency_links.txt
writing top-level names to pal_device_msgs.egg-info/top_level.txt
writing manifest file 'pal_device_msgs.egg-info/SOURCES.txt'
reading manifest file 'pal_device_msgs.egg-info/SOURCES.txt'
writing manifest file 'pal_device_msgs.egg-info/SOURCES.txt'
[  1%] Built target ament_cmake_python_build_pal_device_msgs_egg
[  1%] Built target pal_device_msgs__rs
[  1%] Built target pal_device_msgs__cpp
[  2%] [34m[1mGenerating C++ type support for eProsima Fast-RTPS[0m
[  3%] [34m[1mGenerating C++ introspection for ROS interfaces[0m
[  4%] [34m[1mGenerating C++ type support dispatch for ROS interfaces[0m
[  5%] [32mBuilding C object CMakeFiles/pal_device_msgs__rosidl_generator_c.dir/rosidl_generator_c/pal_device_msgs/action/detail/do_timed_led_effect__functions.c.o[0m
[  5%] [32mBuilding C object CMakeFiles/pal_device_msgs__rosidl_generator_c.dir/rosidl_generator_c/pal_device_msgs/msg/detail/battery_state__functions.c.o[0m
[  6%] [32mBuilding C object CMakeFiles/pal_device_msgs__rosidl_generator_c.dir/rosidl_generator_c/pal_device_msgs/msg/detail/bumper__functions.c.o[0m
[  6%] [32mBuilding C object CMakeFiles/pal_device_msgs__rosidl_generator_c.dir/rosidl_generator_c/pal_device_msgs/msg/detail/led_blink_params__functions.c.o[0m
[  6%] [32mBuilding C object CMakeFiles/pal_device_msgs__rosidl_generator_c.dir/rosidl_generator_c/pal_device_msgs/msg/detail/led_group__functions.c.o[0m
[  7%] [32mBuilding C object CMakeFiles/pal_device_msgs__rosidl_generator_c.dir/rosidl_generator_c/pal_device_msgs/msg/detail/led_effect_params__functions.c.o[0m
[  9%] [32mBuilding C object CMakeFiles/pal_device_msgs__rosidl_generator_c.dir/rosidl_generator_c/pal_device_msgs/msg/detail/led_data_array_params__functions.c.o[0m
[  9%] [32mBuilding C object CMakeFiles/pal_device_msgs__rosidl_generator_c.dir/rosidl_generator_c/pal_device_msgs/msg/detail/led_progress_params__functions.c.o[0m
[  9%] [32mBuilding C object CMakeFiles/pal_device_msgs__rosidl_generator_c.dir/rosidl_generator_c/pal_device_msgs/msg/detail/led_flow_params__functions.c.o[0m
[  9%] [32mBuilding C object CMakeFiles/pal_device_msgs__rosidl_generator_c.dir/rosidl_generator_c/pal_device_msgs/msg/detail/led_rainbow_params__functions.c.o[0m
[  9%] [32mBuilding C object CMakeFiles/pal_device_msgs__rosidl_generator_c.dir/rosidl_generator_c/pal_device_msgs/srv/detail/shutdown_and_wake_up_robot__functions.c.o[0m
[ 11%] [32mBuilding C object CMakeFiles/pal_device_msgs__rosidl_generator_c.dir/rosidl_generator_c/pal_device_msgs/msg/detail/led_effect_via_topic_params__functions.c.o[0m
[ 11%] [32mBuilding C object CMakeFiles/pal_device_msgs__rosidl_generator_c.dir/rosidl_generator_c/pal_device_msgs/msg/detail/led_pre_programmed_params__functions.c.o[0m
[ 11%] [32mBuilding C object CMakeFiles/pal_device_msgs__rosidl_generator_c.dir/rosidl_generator_c/pal_device_msgs/srv/detail/cancel_effect__functions.c.o[0m
[ 12%] [32mBuilding C object CMakeFiles/pal_device_msgs__rosidl_generator_c.dir/rosidl_generator_c/pal_device_msgs/msg/detail/led_fixed_color_params__functions.c.o[0m
[ 13%] [32mBuilding C object CMakeFiles/pal_device_msgs__rosidl_generator_c.dir/rosidl_generator_c/pal_device_msgs/srv/detail/timed_blink_effect__functions.c.o[0m
[ 14%] [32mBuilding C object CMakeFiles/pal_device_msgs__rosidl_generator_c.dir/rosidl_generator_c/pal_device_msgs/srv/detail/timed_fade_effect__functions.c.o[0m
[ 14%] [32mBuilding C object CMakeFiles/pal_device_msgs__rosidl_generator_c.dir/rosidl_generator_c/pal_device_msgs/srv/detail/timed_colour_effect__functions.c.o[0m
[ 15%] [32mBuilding C object CMakeFiles/pal_device_msgs__rosidl_generator_c.dir/rosidl_generator_c/pal_device_msgs/msg/detail/led_fade_params__functions.c.o[0m
[ 16%] [32m[1mLinking C shared library libpal_device_msgs__rosidl_generator_c.so[0m
[ 16%] Built target pal_device_msgs__rosidl_generator_c
[ 17%] [34m[1mGenerating C type support for eProsima Fast-RTPS[0m
[ 18%] [34m[1mGenerating C introspection for ROS interfaces[0m
[ 19%] [34m[1mGenerating C type support dispatch for ROS interfaces[0m
[ 19%] [32mBuilding CXX object CMakeFiles/pal_device_msgs__rosidl_typesupport_cpp.dir/rosidl_typesupport_cpp/pal_device_msgs/msg/bumper__type_support.cpp.o[0m
[ 19%] [32mBuilding CXX object CMakeFiles/pal_device_msgs__rosidl_typesupport_cpp.dir/rosidl_typesupport_cpp/pal_device_msgs/msg/led_effect_params__type_support.cpp.o[0m
[ 19%] [32mBuilding CXX object CMakeFiles/pal_device_msgs__rosidl_typesupport_cpp.dir/rosidl_typesupport_cpp/pal_device_msgs/action/do_timed_led_effect__type_support.cpp.o[0m
[ 21%] [32mBuilding CXX object CMakeFiles/pal_device_msgs__rosidl_typesupport_cpp.dir/rosidl_typesupport_cpp/pal_device_msgs/msg/led_group__type_support.cpp.o[0m
[ 21%] [32mBuilding CXX object CMakeFiles/pal_device_msgs__rosidl_typesupport_cpp.dir/rosidl_typesupport_cpp/pal_device_msgs/msg/led_rainbow_params__type_support.cpp.o[0m
[ 22%] [32mBuilding CXX object CMakeFiles/pal_device_msgs__rosidl_typesupport_cpp.dir/rosidl_typesupport_cpp/pal_device_msgs/msg/battery_state__type_support.cpp.o[0m
[ 23%] [32mBuilding CXX object CMakeFiles/pal_device_msgs__rosidl_typesupport_cpp.dir/rosidl_typesupport_cpp/pal_device_msgs/msg/led_flow_params__type_support.cpp.o[0m
[ 21%] [32mBuilding CXX object CMakeFiles/pal_device_msgs__rosidl_typesupport_cpp.dir/rosidl_typesupport_cpp/pal_device_msgs/msg/led_data_array_params__type_support.cpp.o[0m
[ 24%] [32mBuilding CXX object CMakeFiles/pal_device_msgs__rosidl_typesupport_cpp.dir/rosidl_typesupport_cpp/pal_device_msgs/msg/led_effect_via_topic_params__type_support.cpp.o[0m
[ 24%] [32mBuilding CXX object CMakeFiles/pal_device_msgs__rosidl_typesupport_cpp.dir/rosidl_typesupport_cpp/pal_device_msgs/msg/led_progress_params__type_support.cpp.o[0m
[ 26%] [32mBuilding CXX object CMakeFiles/pal_device_msgs__rosidl_typesupport_cpp.dir/rosidl_typesupport_cpp/pal_device_msgs/msg/led_blink_params__type_support.cpp.o[0m
[ 26%] [32mBuilding CXX object CMakeFiles/pal_device_msgs__rosidl_typesupport_cpp.dir/rosidl_typesupport_cpp/pal_device_msgs/srv/cancel_effect__type_support.cpp.o[0m
[ 26%] [32mBuilding CXX object CMakeFiles/pal_device_msgs__rosidl_typesupport_cpp.dir/rosidl_typesupport_cpp/pal_device_msgs/msg/led_pre_programmed_params__type_support.cpp.o[0m
[ 28%] [32mBuilding CXX object CMakeFiles/pal_device_msgs__rosidl_typesupport_cpp.dir/rosidl_typesupport_cpp/pal_device_msgs/srv/shutdown_and_wake_up_robot__type_support.cpp.o[0m
[ 28%] [32mBuilding CXX object CMakeFiles/pal_device_msgs__rosidl_typesupport_cpp.dir/rosidl_typesupport_cpp/pal_device_msgs/srv/timed_blink_effect__type_support.cpp.o[0m
[ 29%] [32mBuilding CXX object CMakeFiles/pal_device_msgs__rosidl_typesupport_cpp.dir/rosidl_typesupport_cpp/pal_device_msgs/msg/led_fixed_color_params__type_support.cpp.o[0m
[ 29%] [32mBuilding CXX object CMakeFiles/pal_device_msgs__rosidl_typesupport_cpp.dir/rosidl_typesupport_cpp/pal_device_msgs/srv/timed_colour_effect__type_support.cpp.o[0m
[ 29%] [32mBuilding CXX object CMakeFiles/pal_device_msgs__rosidl_typesupport_cpp.dir/rosidl_typesupport_cpp/pal_device_msgs/msg/led_fade_params__type_support.cpp.o[0m
[ 29%] [32mBuilding CXX object CMakeFiles/pal_device_msgs__rosidl_typesupport_cpp.dir/rosidl_typesupport_cpp/pal_device_msgs/srv/timed_fade_effect__type_support.cpp.o[0m
[ 30%] [32mBuilding CXX object CMakeFiles/pal_device_msgs__rosidl_typesupport_introspection_cpp.dir/rosidl_typesupport_introspection_cpp/pal_device_msgs/msg/detail/battery_state__type_support.cpp.o[0m
[ 31%] [32mBuilding CXX object CMakeFiles/pal_device_msgs__rosidl_typesupport_introspection_cpp.dir/rosidl_typesupport_introspection_cpp/pal_device_msgs/msg/detail/led_rainbow_params__type_support.cpp.o[0m
[ 32%] [32mBuilding CXX object CMakeFiles/pal_device_msgs__rosidl_typesupport_introspection_cpp.dir/rosidl_typesupport_introspection_cpp/pal_device_msgs/msg/detail/led_group__type_support.cpp.o[0m
[ 32%] [32mBuilding CXX object CMakeFiles/pal_device_msgs__rosidl_typesupport_introspection_cpp.dir/rosidl_typesupport_introspection_cpp/pal_device_msgs/msg/detail/led_effect_params__type_support.cpp.o[0m
[ 33%] [32mBuilding CXX object CMakeFiles/pal_device_msgs__rosidl_typesupport_introspection_cpp.dir/rosidl_typesupport_introspection_cpp/pal_device_msgs/msg/detail/led_blink_params__type_support.cpp.o[0m
[ 33%] [32mBuilding CXX object CMakeFiles/pal_device_msgs__rosidl_typesupport_introspection_cpp.dir/rosidl_typesupport_introspection_cpp/pal_device_msgs/action/detail/do_timed_led_effect__type_support.cpp.o[0m
[ 33%] [32mBuilding CXX object CMakeFiles/pal_device_msgs__rosidl_typesupport_introspection_cpp.dir/rosidl_typesupport_introspection_cpp/pal_device_msgs/msg/detail/led_progress_params__type_support.cpp.o[0m
[ 33%] [32mBuilding CXX object CMakeFiles/pal_device_msgs__rosidl_typesupport_introspection_cpp.dir/rosidl_typesupport_introspection_cpp/pal_device_msgs/msg/detail/bumper__type_support.cpp.o[0m
[ 33%] [32mBuilding CXX object CMakeFiles/pal_device_msgs__rosidl_typesupport_introspection_cpp.dir/rosidl_typesupport_introspection_cpp/pal_device_msgs/msg/detail/led_fade_params__type_support.cpp.o[0m
[ 34%] [32mBuilding CXX object CMakeFiles/pal_device_msgs__rosidl_typesupport_introspection_cpp.dir/rosidl_typesupport_introspection_cpp/pal_device_msgs/msg/detail/led_fixed_color_params__type_support.cpp.o[0m
[ 35%] [32mBuilding CXX object CMakeFiles/pal_device_msgs__rosidl_typesupport_introspection_cpp.dir/rosidl_typesupport_introspection_cpp/pal_device_msgs/msg/detail/led_flow_params__type_support.cpp.o[0m
[ 35%] [32mBuilding CXX object CMakeFiles/pal_device_msgs__rosidl_typesupport_fastrtps_cpp.dir/rosidl_typesupport_fastrtps_cpp/pal_device_msgs/action/detail/dds_fastrtps/do_timed_led_effect__type_support.cpp.o[0m
[ 35%] [32mBuilding CXX object CMakeFiles/pal_device_msgs__rosidl_typesupport_introspection_cpp.dir/rosidl_typesupport_introspection_cpp/pal_device_msgs/msg/detail/led_data_array_params__type_support.cpp.o[0m
[ 37%] [32mBuilding CXX object CMakeFiles/pal_device_msgs__rosidl_typesupport_fastrtps_cpp.dir/rosidl_typesupport_fastrtps_cpp/pal_device_msgs/msg/detail/dds_fastrtps/battery_state__type_support.cpp.o[0m
[ 37%] [32mBuilding CXX object CMakeFiles/pal_device_msgs__rosidl_typesupport_introspection_cpp.dir/rosidl_typesupport_introspection_cpp/pal_device_msgs/msg/detail/led_effect_via_topic_params__type_support.cpp.o[0m
[ 38%] [32mBuilding CXX object CMakeFiles/pal_device_msgs__rosidl_typesupport_introspection_cpp.dir/rosidl_typesupport_introspection_cpp/pal_device_msgs/msg/detail/led_pre_programmed_params__type_support.cpp.o[0m
[ 38%] [32mBuilding CXX object CMakeFiles/pal_device_msgs__rosidl_typesupport_fastrtps_cpp.dir/rosidl_typesupport_fastrtps_cpp/pal_device_msgs/msg/detail/dds_fastrtps/bumper__type_support.cpp.o[0m
[ 38%] [32mBuilding CXX object CMakeFiles/pal_device_msgs__rosidl_typesupport_introspection_cpp.dir/rosidl_typesupport_introspection_cpp/pal_device_msgs/srv/detail/cancel_effect__type_support.cpp.o[0m
[ 39%] [32mBuilding CXX object CMakeFiles/pal_device_msgs__rosidl_typesupport_introspection_cpp.dir/rosidl_typesupport_introspection_cpp/pal_device_msgs/srv/detail/shutdown_and_wake_up_robot__type_support.cpp.o[0m
[ 40%] [32mBuilding CXX object CMakeFiles/pal_device_msgs__rosidl_typesupport_fastrtps_cpp.dir/rosidl_typesupport_fastrtps_cpp/pal_device_msgs/msg/detail/dds_fastrtps/led_group__type_support.cpp.o[0m
[ 40%] [32mBuilding CXX object CMakeFiles/pal_device_msgs__rosidl_typesupport_introspection_cpp.dir/rosidl_typesupport_introspection_cpp/pal_device_msgs/srv/detail/timed_blink_effect__type_support.cpp.o[0m
[ 41%] [32mBuilding CXX object CMakeFiles/pal_device_msgs__rosidl_typesupport_introspection_cpp.dir/rosidl_typesupport_introspection_cpp/pal_device_msgs/srv/detail/timed_colour_effect__type_support.cpp.o[0m
[ 41%] [32mBuilding CXX object CMakeFiles/pal_device_msgs__rosidl_typesupport_fastrtps_cpp.dir/rosidl_typesupport_fastrtps_cpp/pal_device_msgs/msg/detail/dds_fastrtps/led_effect_params__type_support.cpp.o[0m
[ 42%] [32mBuilding CXX object CMakeFiles/pal_device_msgs__rosidl_typesupport_fastrtps_cpp.dir/rosidl_typesupport_fastrtps_cpp/pal_device_msgs/msg/detail/dds_fastrtps/led_fixed_color_params__type_support.cpp.o[0m
[ 43%] [32mBuilding CXX object CMakeFiles/pal_device_msgs__rosidl_typesupport_fastrtps_cpp.dir/rosidl_typesupport_fastrtps_cpp/pal_device_msgs/msg/detail/dds_fastrtps/led_rainbow_params__type_support.cpp.o[0m
[ 44%] [32m[1mLinking CXX shared library libpal_device_msgs__rosidl_typesupport_cpp.so[0m
[ 44%] [32mBuilding CXX object CMakeFiles/pal_device_msgs__rosidl_typesupport_introspection_cpp.dir/rosidl_typesupport_introspection_cpp/pal_device_msgs/srv/detail/timed_fade_effect__type_support.cpp.o[0m
[ 44%] [32mBuilding CXX object CMakeFiles/pal_device_msgs__rosidl_typesupport_fastrtps_cpp.dir/rosidl_typesupport_fastrtps_cpp/pal_device_msgs/msg/detail/dds_fastrtps/led_fade_params__type_support.cpp.o[0m
[ 45%] [32mBuilding CXX object CMakeFiles/pal_device_msgs__rosidl_typesupport_fastrtps_cpp.dir/rosidl_typesupport_fastrtps_cpp/pal_device_msgs/msg/detail/dds_fastrtps/led_blink_params__type_support.cpp.o[0m
[ 45%] Built target pal_device_msgs__rosidl_typesupport_cpp
[ 45%] [32mBuilding CXX object CMakeFiles/pal_device_msgs__rosidl_typesupport_fastrtps_cpp.dir/rosidl_typesupport_fastrtps_cpp/pal_device_msgs/msg/detail/dds_fastrtps/led_progress_params__type_support.cpp.o[0m
[ 46%] [32mBuilding CXX object CMakeFiles/pal_device_msgs__rosidl_typesupport_fastrtps_cpp.dir/rosidl_typesupport_fastrtps_cpp/pal_device_msgs/msg/detail/dds_fastrtps/led_flow_params__type_support.cpp.o[0m
[ 46%] [32mBuilding CXX object CMakeFiles/pal_device_msgs__rosidl_typesupport_fastrtps_cpp.dir/rosidl_typesupport_fastrtps_cpp/pal_device_msgs/msg/detail/dds_fastrtps/led_data_array_params__type_support.cpp.o[0m
[ 47%] [32mBuilding CXX object CMakeFiles/pal_device_msgs__rosidl_typesupport_fastrtps_cpp.dir/rosidl_typesupport_fastrtps_cpp/pal_device_msgs/msg/detail/dds_fastrtps/led_effect_via_topic_params__type_support.cpp.o[0m
[ 47%] [32mBuilding CXX object CMakeFiles/pal_device_msgs__rosidl_typesupport_c.dir/rosidl_typesupport_c/pal_device_msgs/action/do_timed_led_effect__type_support.cpp.o[0m
[ 48%] [32mBuilding CXX object CMakeFiles/pal_device_msgs__rosidl_typesupport_fastrtps_cpp.dir/rosidl_typesupport_fastrtps_cpp/pal_device_msgs/msg/detail/dds_fastrtps/led_pre_programmed_params__type_support.cpp.o[0m
[ 49%] [32mBuilding CXX object CMakeFiles/pal_device_msgs__rosidl_typesupport_c.dir/rosidl_typesupport_c/pal_device_msgs/msg/battery_state__type_support.cpp.o[0m
[ 49%] [32mBuilding CXX object CMakeFiles/pal_device_msgs__rosidl_typesupport_c.dir/rosidl_typesupport_c/pal_device_msgs/msg/bumper__type_support.cpp.o[0m
[ 50%] [32mBuilding CXX object CMakeFiles/pal_device_msgs__rosidl_typesupport_c.dir/rosidl_typesupport_c/pal_device_msgs/msg/led_group__type_support.cpp.o[0m
[ 50%] [32mBuilding CXX object CMakeFiles/pal_device_msgs__rosidl_typesupport_c.dir/rosidl_typesupport_c/pal_device_msgs/msg/led_effect_params__type_support.cpp.o[0m
[ 51%] [32mBuilding CXX object CMakeFiles/pal_device_msgs__rosidl_typesupport_c.dir/rosidl_typesupport_c/pal_device_msgs/msg/led_fixed_color_params__type_support.cpp.o[0m
[ 52%] [32mBuilding CXX object CMakeFiles/pal_device_msgs__rosidl_typesupport_fastrtps_cpp.dir/rosidl_typesupport_fastrtps_cpp/pal_device_msgs/srv/detail/dds_fastrtps/shutdown_and_wake_up_robot__type_support.cpp.o[0m
[ 52%] [32mBuilding CXX object CMakeFiles/pal_device_msgs__rosidl_typesupport_fastrtps_cpp.dir/rosidl_typesupport_fastrtps_cpp/pal_device_msgs/srv/detail/dds_fastrtps/cancel_effect__type_support.cpp.o[0m
[ 52%] [32mBuilding CXX object CMakeFiles/pal_device_msgs__rosidl_typesupport_c.dir/rosidl_typesupport_c/pal_device_msgs/msg/led_rainbow_params__type_support.cpp.o[0m
[ 52%] [32mBuilding CXX object CMakeFiles/pal_device_msgs__rosidl_typesupport_fastrtps_cpp.dir/rosidl_typesupport_fastrtps_cpp/pal_device_msgs/srv/detail/dds_fastrtps/timed_blink_effect__type_support.cpp.o[0m
[ 53%] [32mBuilding CXX object CMakeFiles/pal_device_msgs__rosidl_typesupport_fastrtps_cpp.dir/rosidl_typesupport_fastrtps_cpp/pal_device_msgs/srv/detail/dds_fastrtps/timed_colour_effect__type_support.cpp.o[0m
[ 54%] [32mBuilding CXX object CMakeFiles/pal_device_msgs__rosidl_typesupport_c.dir/rosidl_typesupport_c/pal_device_msgs/msg/led_fade_params__type_support.cpp.o[0m
[ 55%] [32mBuilding CXX object CMakeFiles/pal_device_msgs__rosidl_typesupport_c.dir/rosidl_typesupport_c/pal_device_msgs/msg/led_blink_params__type_support.cpp.o[0m
[ 55%] [32mBuilding CXX object CMakeFiles/pal_device_msgs__rosidl_typesupport_fastrtps_cpp.dir/rosidl_typesupport_fastrtps_cpp/pal_device_msgs/srv/detail/dds_fastrtps/timed_fade_effect__type_support.cpp.o[0m
[ 55%] [32mBuilding CXX object CMakeFiles/pal_device_msgs__rosidl_typesupport_c.dir/rosidl_typesupport_c/pal_device_msgs/msg/led_progress_params__type_support.cpp.o[0m
[ 56%] [32mBuilding CXX object CMakeFiles/pal_device_msgs__rosidl_typesupport_c.dir/rosidl_typesupport_c/pal_device_msgs/msg/led_flow_params__type_support.cpp.o[0m
[ 56%] [32mBuilding CXX object CMakeFiles/pal_device_msgs__rosidl_typesupport_c.dir/rosidl_typesupport_c/pal_device_msgs/msg/led_data_array_params__type_support.cpp.o[0m
[ 56%] [32mBuilding CXX object CMakeFiles/pal_device_msgs__rosidl_typesupport_c.dir/rosidl_typesupport_c/pal_device_msgs/msg/led_pre_programmed_params__type_support.cpp.o[0m
[ 57%] [32mBuilding CXX object CMakeFiles/pal_device_msgs__rosidl_typesupport_c.dir/rosidl_typesupport_c/pal_device_msgs/msg/led_effect_via_topic_params__type_support.cpp.o[0m
[ 58%] [32mBuilding CXX object CMakeFiles/pal_device_msgs__rosidl_typesupport_c.dir/rosidl_typesupport_c/pal_device_msgs/srv/cancel_effect__type_support.cpp.o[0m
[ 59%] [32mBuilding CXX object CMakeFiles/pal_device_msgs__rosidl_typesupport_c.dir/rosidl_typesupport_c/pal_device_msgs/srv/shutdown_and_wake_up_robot__type_support.cpp.o[0m
[ 60%] [32mBuilding CXX object CMakeFiles/pal_device_msgs__rosidl_typesupport_c.dir/rosidl_typesupport_c/pal_device_msgs/srv/timed_colour_effect__type_support.cpp.o[0m
[ 60%] [32mBuilding CXX object CMakeFiles/pal_device_msgs__rosidl_typesupport_c.dir/rosidl_typesupport_c/pal_device_msgs/srv/timed_blink_effect__type_support.cpp.o[0m
[ 60%] [32mBuilding CXX object CMakeFiles/pal_device_msgs__rosidl_typesupport_c.dir/rosidl_typesupport_c/pal_device_msgs/srv/timed_fade_effect__type_support.cpp.o[0m
[ 61%] [32m[1mLinking CXX shared library libpal_device_msgs__rosidl_typesupport_c.so[0m
[ 62%] [32mBuilding C object CMakeFiles/pal_device_msgs__rosidl_typesupport_introspection_c.dir/rosidl_typesupport_introspection_c/pal_device_msgs/msg/detail/bumper__type_support.c.o[0m
[ 63%] [32mBuilding C object CMakeFiles/pal_device_msgs__rosidl_typesupport_introspection_c.dir/rosidl_typesupport_introspection_c/pal_device_msgs/msg/detail/battery_state__type_support.c.o[0m
[ 63%] [32mBuilding C object CMakeFiles/pal_device_msgs__rosidl_typesupport_introspection_c.dir/rosidl_typesupport_introspection_c/pal_device_msgs/msg/detail/led_group__type_support.c.o[0m
[ 63%] [32mBuilding C object CMakeFiles/pal_device_msgs__rosidl_typesupport_introspection_c.dir/rosidl_typesupport_introspection_c/pal_device_msgs/msg/detail/led_effect_params__type_support.c.o[0m
[ 64%] [32mBuilding C object CMakeFiles/pal_device_msgs__rosidl_typesupport_introspection_c.dir/rosidl_typesupport_introspection_c/pal_device_msgs/msg/detail/led_fixed_color_params__type_support.c.o[0m
[ 65%] [32mBuilding C object CMakeFiles/pal_device_msgs__rosidl_typesupport_introspection_c.dir/rosidl_typesupport_introspection_c/pal_device_msgs/msg/detail/led_blink_params__type_support.c.o[0m
[ 65%] [32mBuilding C object CMakeFiles/pal_device_msgs__rosidl_typesupport_introspection_c.dir/rosidl_typesupport_introspection_c/pal_device_msgs/msg/detail/led_rainbow_params__type_support.c.o[0m
[ 66%] [32mBuilding C object CMakeFiles/pal_device_msgs__rosidl_typesupport_introspection_c.dir/rosidl_typesupport_introspection_c/pal_device_msgs/msg/detail/led_fade_params__type_support.c.o[0m
[ 66%] [32mBuilding C object CMakeFiles/pal_device_msgs__rosidl_typesupport_introspection_c.dir/rosidl_typesupport_introspection_c/pal_device_msgs/msg/detail/led_progress_params__type_support.c.o[0m
[ 67%] [32mBuilding C object CMakeFiles/pal_device_msgs__rosidl_typesupport_introspection_c.dir/rosidl_typesupport_introspection_c/pal_device_msgs/msg/detail/led_flow_params__type_support.c.o[0m
[ 67%] [32mBuilding C object CMakeFiles/pal_device_msgs__rosidl_typesupport_introspection_c.dir/rosidl_typesupport_introspection_c/pal_device_msgs/msg/detail/led_data_array_params__type_support.c.o[0m
[ 68%] [32mBuilding C object CMakeFiles/pal_device_msgs__rosidl_typesupport_introspection_c.dir/rosidl_typesupport_introspection_c/pal_device_msgs/msg/detail/led_effect_via_topic_params__type_support.c.o[0m
[ 68%] [32mBuilding C object CMakeFiles/pal_device_msgs__rosidl_typesupport_introspection_c.dir/rosidl_typesupport_introspection_c/pal_device_msgs/action/detail/do_timed_led_effect__type_support.c.o[0m
[ 69%] [32mBuilding C object CMakeFiles/pal_device_msgs__rosidl_typesupport_introspection_c.dir/rosidl_typesupport_introspection_c/pal_device_msgs/msg/detail/led_pre_programmed_params__type_support.c.o[0m
[ 69%] [32mBuilding C object CMakeFiles/pal_device_msgs__rosidl_typesupport_introspection_c.dir/rosidl_typesupport_introspection_c/pal_device_msgs/srv/detail/cancel_effect__type_support.c.o[0m
[ 70%] [32mBuilding C object CMakeFiles/pal_device_msgs__rosidl_typesupport_introspection_c.dir/rosidl_typesupport_introspection_c/pal_device_msgs/srv/detail/shutdown_and_wake_up_robot__type_support.c.o[0m
[ 70%] [32mBuilding C object CMakeFiles/pal_device_msgs__rosidl_typesupport_introspection_c.dir/rosidl_typesupport_introspection_c/pal_device_msgs/srv/detail/timed_blink_effect__type_support.c.o[0m
[ 70%] Built target pal_device_msgs__rosidl_typesupport_c
[ 70%] [32mBuilding C object CMakeFiles/pal_device_msgs__rosidl_typesupport_introspection_c.dir/rosidl_typesupport_introspection_c/pal_device_msgs/srv/detail/timed_fade_effect__type_support.c.o[0m
[ 71%] [32mBuilding C object CMakeFiles/pal_device_msgs__rosidl_typesupport_introspection_c.dir/rosidl_typesupport_introspection_c/pal_device_msgs/srv/detail/timed_colour_effect__type_support.c.o[0m
[ 72%] [32m[1mLinking C shared library libpal_device_msgs__rosidl_typesupport_introspection_c.so[0m
[ 72%] Built target pal_device_msgs__rosidl_typesupport_introspection_c
[ 73%] [32m[1mLinking CXX shared library libpal_device_msgs__rosidl_typesupport_introspection_cpp.so[0m
[ 74%] [32m[1mLinking CXX shared library libpal_device_msgs__rosidl_typesupport_fastrtps_cpp.so[0m
[ 74%] [32mBuilding CXX object CMakeFiles/pal_device_msgs__rosidl_typesupport_fastrtps_c.dir/rosidl_typesupport_fastrtps_c/pal_device_msgs/msg/detail/bumper__type_support_c.cpp.o[0m
[ 75%] [32mBuilding CXX object CMakeFiles/pal_device_msgs__rosidl_typesupport_fastrtps_c.dir/rosidl_typesupport_fastrtps_c/pal_device_msgs/msg/detail/battery_state__type_support_c.cpp.o[0m
[ 75%] [32mBuilding CXX object CMakeFiles/pal_device_msgs__rosidl_typesupport_fastrtps_c.dir/rosidl_typesupport_fastrtps_c/pal_device_msgs/action/detail/do_timed_led_effect__type_support_c.cpp.o[0m
[ 76%] [32mBuilding CXX object CMakeFiles/pal_device_msgs__rosidl_typesupport_fastrtps_c.dir/rosidl_typesupport_fastrtps_c/pal_device_msgs/msg/detail/led_blink_params__type_support_c.cpp.o[0m
[ 76%] [32mBuilding CXX object CMakeFiles/pal_device_msgs__rosidl_typesupport_fastrtps_c.dir/rosidl_typesupport_fastrtps_c/pal_device_msgs/msg/detail/led_rainbow_params__type_support_c.cpp.o[0m
[ 76%] [32mBuilding CXX object CMakeFiles/pal_device_msgs__rosidl_typesupport_fastrtps_c.dir/rosidl_typesupport_fastrtps_c/pal_device_msgs/msg/detail/led_effect_params__type_support_c.cpp.o[0m
[ 77%] [32mBuilding CXX object CMakeFiles/pal_device_msgs__rosidl_typesupport_fastrtps_c.dir/rosidl_typesupport_fastrtps_c/pal_device_msgs/msg/detail/led_group__type_support_c.cpp.o[0m
[ 78%] [32mBuilding CXX object CMakeFiles/pal_device_msgs__rosidl_typesupport_fastrtps_c.dir/rosidl_typesupport_fastrtps_c/pal_device_msgs/msg/detail/led_fixed_color_params__type_support_c.cpp.o[0m
[ 79%] [32mBuilding CXX object CMakeFiles/pal_device_msgs__rosidl_typesupport_fastrtps_c.dir/rosidl_typesupport_fastrtps_c/pal_device_msgs/msg/detail/led_fade_params__type_support_c.cpp.o[0m
[ 79%] [32mBuilding CXX object CMakeFiles/pal_device_msgs__rosidl_typesupport_fastrtps_c.dir/rosidl_typesupport_fastrtps_c/pal_device_msgs/msg/detail/led_pre_programmed_params__type_support_c.cpp.o[0m
[ 80%] [32mBuilding CXX object CMakeFiles/pal_device_msgs__rosidl_typesupport_fastrtps_c.dir/rosidl_typesupport_fastrtps_c/pal_device_msgs/msg/detail/led_flow_params__type_support_c.cpp.o[0m
[ 80%] [32mBuilding CXX object CMakeFiles/pal_device_msgs__rosidl_typesupport_fastrtps_c.dir/rosidl_typesupport_fastrtps_c/pal_device_msgs/msg/detail/led_progress_params__type_support_c.cpp.o[0m
[ 81%] [32mBuilding CXX object CMakeFiles/pal_device_msgs__rosidl_typesupport_fastrtps_c.dir/rosidl_typesupport_fastrtps_c/pal_device_msgs/msg/detail/led_effect_via_topic_params__type_support_c.cpp.o[0m
[ 81%] [32mBuilding CXX object CMakeFiles/pal_device_msgs__rosidl_typesupport_fastrtps_c.dir/rosidl_typesupport_fastrtps_c/pal_device_msgs/msg/detail/led_data_array_params__type_support_c.cpp.o[0m
[ 81%] Built target pal_device_msgs__rosidl_typesupport_fastrtps_cpp
[ 82%] [32mBuilding CXX object CMakeFiles/pal_device_msgs__rosidl_typesupport_fastrtps_c.dir/rosidl_typesupport_fastrtps_c/pal_device_msgs/srv/detail/shutdown_and_wake_up_robot__type_support_c.cpp.o[0m
[ 82%] [32mBuilding CXX object CMakeFiles/pal_device_msgs__rosidl_typesupport_fastrtps_c.dir/rosidl_typesupport_fastrtps_c/pal_device_msgs/srv/detail/timed_blink_effect__type_support_c.cpp.o[0m
[ 83%] [32mBuilding CXX object CMakeFiles/pal_device_msgs__rosidl_typesupport_fastrtps_c.dir/rosidl_typesupport_fastrtps_c/pal_device_msgs/srv/detail/cancel_effect__type_support_c.cpp.o[0m
[ 84%] [32mBuilding CXX object CMakeFiles/pal_device_msgs__rosidl_typesupport_fastrtps_c.dir/rosidl_typesupport_fastrtps_c/pal_device_msgs/srv/detail/timed_colour_effect__type_support_c.cpp.o[0m
[ 84%] [32mBuilding CXX object CMakeFiles/pal_device_msgs__rosidl_typesupport_fastrtps_c.dir/rosidl_typesupport_fastrtps_c/pal_device_msgs/srv/detail/timed_fade_effect__type_support_c.cpp.o[0m
[ 84%] Built target pal_device_msgs__rosidl_typesupport_introspection_cpp
[ 85%] [32m[1mLinking CXX shared library libpal_device_msgs__rosidl_typesupport_fastrtps_c.so[0m
[ 85%] Built target pal_device_msgs__rosidl_typesupport_fastrtps_c
[ 85%] Built target pal_device_msgs
[ 86%] [34m[1mGenerating Python code for ROS interfaces[0m
[ 86%] Built target pal_device_msgs__py
[ 86%] [32mBuilding C object CMakeFiles/pal_device_msgs__rosidl_generator_py.dir/rosidl_generator_py/pal_device_msgs/msg/_led_effect_params_s.c.o[0m
[ 86%] [32mBuilding C object CMakeFiles/pal_device_msgs__rosidl_generator_py.dir/rosidl_generator_py/pal_device_msgs/action/_do_timed_led_effect_s.c.o[0m
[ 88%] [32mBuilding C object CMakeFiles/pal_device_msgs__rosidl_generator_py.dir/rosidl_generator_py/pal_device_msgs/msg/_battery_state_s.c.o[0m
[ 88%] [32mBuilding C object CMakeFiles/pal_device_msgs__rosidl_generator_py.dir/rosidl_generator_py/pal_device_msgs/msg/_led_progress_params_s.c.o[0m
[ 88%] [32mBuilding C object CMakeFiles/pal_device_msgs__rosidl_generator_py.dir/rosidl_generator_py/pal_device_msgs/msg/_led_group_s.c.o[0m
[ 90%] [32mBuilding C object CMakeFiles/pal_device_msgs__rosidl_generator_py.dir/rosidl_generator_py/pal_device_msgs/msg/_led_flow_params_s.c.o[0m
[ 90%] [32mBuilding C object CMakeFiles/pal_device_msgs__rosidl_generator_py.dir/rosidl_generator_py/pal_device_msgs/msg/_led_rainbow_params_s.c.o[0m
[ 90%] [32mBuilding C object CMakeFiles/pal_device_msgs__rosidl_generator_py.dir/rosidl_generator_py/pal_device_msgs/msg/_bumper_s.c.o[0m
[ 90%] [32mBuilding C object CMakeFiles/pal_device_msgs__rosidl_generator_py.dir/rosidl_generator_py/pal_device_msgs/msg/_led_fade_params_s.c.o[0m
[ 91%] [32mBuilding C object CMakeFiles/pal_device_msgs__rosidl_generator_py.dir/rosidl_generator_py/pal_device_msgs/msg/_led_pre_programmed_params_s.c.o[0m
[ 91%] [32mBuilding C object CMakeFiles/pal_device_msgs__rosidl_generator_py.dir/rosidl_generator_py/pal_device_msgs/srv/_cancel_effect_s.c.o[0m
[ 92%] [32mBuilding C object CMakeFiles/pal_device_msgs__rosidl_generator_py.dir/rosidl_generator_py/pal_device_msgs/msg/_led_effect_via_topic_params_s.c.o[0m
[ 94%] [32mBuilding C object CMakeFiles/pal_device_msgs__rosidl_generator_py.dir/rosidl_generator_py/pal_device_msgs/msg/_led_blink_params_s.c.o[0m
[ 94%] [32mBuilding C object CMakeFiles/pal_device_msgs__rosidl_generator_py.dir/rosidl_generator_py/pal_device_msgs/srv/_timed_colour_effect_s.c.o[0m
[ 94%] [32mBuilding C object CMakeFiles/pal_device_msgs__rosidl_generator_py.dir/rosidl_generator_py/pal_device_msgs/msg/_led_data_array_params_s.c.o[0m
[ 94%] [32mBuilding C object CMakeFiles/pal_device_msgs__rosidl_generator_py.dir/rosidl_generator_py/pal_device_msgs/srv/_timed_blink_effect_s.c.o[0m
[ 95%] [32mBuilding C object CMakeFiles/pal_device_msgs__rosidl_generator_py.dir/rosidl_generator_py/pal_device_msgs/msg/_led_fixed_color_params_s.c.o[0m
[ 96%] [32mBuilding C object CMakeFiles/pal_device_msgs__rosidl_generator_py.dir/rosidl_generator_py/pal_device_msgs/srv/_shutdown_and_wake_up_robot_s.c.o[0m
[ 96%] [32mBuilding C object CMakeFiles/pal_device_msgs__rosidl_generator_py.dir/rosidl_generator_py/pal_device_msgs/srv/_timed_fade_effect_s.c.o[0m
[ 97%] [32m[1mLinking C shared library rosidl_generator_py/pal_device_msgs/libpal_device_msgs__rosidl_generator_py.so[0m
[ 97%] Built target pal_device_msgs__rosidl_generator_py
[ 97%] [32mBuilding C object CMakeFiles/pal_device_msgs__rosidl_typesupport_fastrtps_c__pyext.dir/rosidl_generator_py/pal_device_msgs/_pal_device_msgs_s.ep.rosidl_typesupport_fastrtps_c.c.o[0m
[ 97%] [32mBuilding C object CMakeFiles/pal_device_msgs__rosidl_typesupport_c__pyext.dir/rosidl_generator_py/pal_device_msgs/_pal_device_msgs_s.ep.rosidl_typesupport_c.c.o[0m
[ 97%] [32mBuilding C object CMakeFiles/pal_device_msgs__rosidl_typesupport_introspection_c__pyext.dir/rosidl_generator_py/pal_device_msgs/_pal_device_msgs_s.ep.rosidl_typesupport_introspection_c.c.o[0m
[ 98%] [32m[1mLinking C shared library rosidl_generator_py/pal_device_msgs/pal_device_msgs_s__rosidl_typesupport_fastrtps_c.cpython-310-x86_64-linux-gnu.so[0m
[ 99%] [32m[1mLinking C shared library rosidl_generator_py/pal_device_msgs/pal_device_msgs_s__rosidl_typesupport_introspection_c.cpython-310-x86_64-linux-gnu.so[0m
[100%] [32m[1mLinking C shared library rosidl_generator_py/pal_device_msgs/pal_device_msgs_s__rosidl_typesupport_c.cpython-310-x86_64-linux-gnu.so[0m
[100%] Built target pal_device_msgs__rosidl_typesupport_fastrtps_c__pyext
[100%] Built target pal_device_msgs__rosidl_typesupport_introspection_c__pyext
[100%] Built target pal_device_msgs__rosidl_typesupport_c__pyext
-- Install configuration: "Release"
-- Execute custom install script
-- Symlinking: /workspaces/TIAgo_humble/install/pal_device_msgs/share/ament_index/resource_index/rosidl_interfaces/pal_device_msgs
-- Symlinking: /workspaces/TIAgo_humble/install/pal_device_msgs/include/pal_device_msgs/pal_device_msgs/action/detail/do_timed_led_effect__functions.h
-- Symlinking: /workspaces/TIAgo_humble/install/pal_device_msgs/include/pal_device_msgs/pal_device_msgs/action/detail/do_timed_led_effect__struct.h
-- Symlinking: /workspaces/TIAgo_humble/install/pal_device_msgs/include/pal_device_msgs/pal_device_msgs/action/detail/do_timed_led_effect__type_support.h
-- Symlinking: /workspaces/TIAgo_humble/install/pal_device_msgs/include/pal_device_msgs/pal_device_msgs/action/do_timed_led_effect.h
-- Symlinking: /workspaces/TIAgo_humble/install/pal_device_msgs/include/pal_device_msgs/pal_device_msgs/msg/battery_state.h
-- Symlinking: /workspaces/TIAgo_humble/install/pal_device_msgs/include/pal_device_msgs/pal_device_msgs/msg/bumper.h
-- Symlinking: /workspaces/TIAgo_humble/install/pal_device_msgs/include/pal_device_msgs/pal_device_msgs/msg/detail/battery_state__functions.h
-- Symlinking: /workspaces/TIAgo_humble/install/pal_device_msgs/include/pal_device_msgs/pal_device_msgs/msg/detail/battery_state__struct.h
-- Symlinking: /workspaces/TIAgo_humble/install/pal_device_msgs/include/pal_device_msgs/pal_device_msgs/msg/detail/battery_state__type_support.h
-- Symlinking: /workspaces/TIAgo_humble/install/pal_device_msgs/include/pal_device_msgs/pal_device_msgs/msg/detail/bumper__functions.h
-- Symlinking: /workspaces/TIAgo_humble/install/pal_device_msgs/include/pal_device_msgs/pal_device_msgs/msg/detail/bumper__struct.h
-- Symlinking: /workspaces/TIAgo_humble/install/pal_device_msgs/include/pal_device_msgs/pal_device_msgs/msg/detail/bumper__type_support.h
-- Symlinking: /workspaces/TIAgo_humble/install/pal_device_msgs/include/pal_device_msgs/pal_device_msgs/msg/detail/led_blink_params__functions.h
-- Symlinking: /workspaces/TIAgo_humble/install/pal_device_msgs/include/pal_device_msgs/pal_device_msgs/msg/detail/led_blink_params__struct.h
-- Symlinking: /workspaces/TIAgo_humble/install/pal_device_msgs/include/pal_device_msgs/pal_device_msgs/msg/detail/led_blink_params__type_support.h
-- Symlinking: /workspaces/TIAgo_humble/install/pal_device_msgs/include/pal_device_msgs/pal_device_msgs/msg/detail/led_data_array_params__functions.h
-- Symlinking: /workspaces/TIAgo_humble/install/pal_device_msgs/include/pal_device_msgs/pal_device_msgs/msg/detail/led_data_array_params__struct.h
-- Symlinking: /workspaces/TIAgo_humble/install/pal_device_msgs/include/pal_device_msgs/pal_device_msgs/msg/detail/led_data_array_params__type_support.h
-- Symlinking: /workspaces/TIAgo_humble/install/pal_device_msgs/include/pal_device_msgs/pal_device_msgs/msg/detail/led_effect_params__functions.h
-- Symlinking: /workspaces/TIAgo_humble/install/pal_device_msgs/include/pal_device_msgs/pal_device_msgs/msg/detail/led_effect_params__struct.h
-- Symlinking: /workspaces/TIAgo_humble/install/pal_device_msgs/include/pal_device_msgs/pal_device_msgs/msg/detail/led_effect_params__type_support.h
-- Symlinking: /workspaces/TIAgo_humble/install/pal_device_msgs/include/pal_device_msgs/pal_device_msgs/msg/detail/led_effect_via_topic_params__functions.h
-- Symlinking: /workspaces/TIAgo_humble/install/pal_device_msgs/include/pal_device_msgs/pal_device_msgs/msg/detail/led_effect_via_topic_params__struct.h
-- Symlinking: /workspaces/TIAgo_humble/install/pal_device_msgs/include/pal_device_msgs/pal_device_msgs/msg/detail/led_effect_via_topic_params__type_support.h
-- Symlinking: /workspaces/TIAgo_humble/install/pal_device_msgs/include/pal_device_msgs/pal_device_msgs/msg/detail/led_fade_params__functions.h
-- Symlinking: /workspaces/TIAgo_humble/install/pal_device_msgs/include/pal_device_msgs/pal_device_msgs/msg/detail/led_fade_params__struct.h
-- Symlinking: /workspaces/TIAgo_humble/install/pal_device_msgs/include/pal_device_msgs/pal_device_msgs/msg/detail/led_fade_params__type_support.h
-- Symlinking: /workspaces/TIAgo_humble/install/pal_device_msgs/include/pal_device_msgs/pal_device_msgs/msg/detail/led_fixed_color_params__functions.h
-- Symlinking: /workspaces/TIAgo_humble/install/pal_device_msgs/include/pal_device_msgs/pal_device_msgs/msg/detail/led_fixed_color_params__struct.h
-- Symlinking: /workspaces/TIAgo_humble/install/pal_device_msgs/include/pal_device_msgs/pal_device_msgs/msg/detail/led_fixed_color_params__type_support.h
-- Symlinking: /workspaces/TIAgo_humble/install/pal_device_msgs/include/pal_device_msgs/pal_device_msgs/msg/detail/led_flow_params__functions.h
-- Symlinking: /workspaces/TIAgo_humble/install/pal_device_msgs/include/pal_device_msgs/pal_device_msgs/msg/detail/led_flow_params__struct.h
-- Symlinking: /workspaces/TIAgo_humble/install/pal_device_msgs/include/pal_device_msgs/pal_device_msgs/msg/detail/led_flow_params__type_support.h
-- Symlinking: /workspaces/TIAgo_humble/install/pal_device_msgs/include/pal_device_msgs/pal_device_msgs/msg/detail/led_group__functions.h
-- Symlinking: /workspaces/TIAgo_humble/install/pal_device_msgs/include/pal_device_msgs/pal_device_msgs/msg/detail/led_group__struct.h
-- Symlinking: /workspaces/TIAgo_humble/install/pal_device_msgs/include/pal_device_msgs/pal_device_msgs/msg/detail/led_group__type_support.h
-- Symlinking: /workspaces/TIAgo_humble/install/pal_device_msgs/include/pal_device_msgs/pal_device_msgs/msg/detail/led_pre_programmed_params__functions.h
-- Symlinking: /workspaces/TIAgo_humble/install/pal_device_msgs/include/pal_device_msgs/pal_device_msgs/msg/detail/led_pre_programmed_params__struct.h
-- Symlinking: /workspaces/TIAgo_humble/install/pal_device_msgs/include/pal_device_msgs/pal_device_msgs/msg/detail/led_pre_programmed_params__type_support.h
-- Symlinking: /workspaces/TIAgo_humble/install/pal_device_msgs/include/pal_device_msgs/pal_device_msgs/msg/detail/led_progress_params__functions.h
-- Symlinking: /workspaces/TIAgo_humble/install/pal_device_msgs/include/pal_device_msgs/pal_device_msgs/msg/detail/led_progress_params__struct.h
-- Symlinking: /workspaces/TIAgo_humble/install/pal_device_msgs/include/pal_device_msgs/pal_device_msgs/msg/detail/led_progress_params__type_support.h
-- Symlinking: /workspaces/TIAgo_humble/install/pal_device_msgs/include/pal_device_msgs/pal_device_msgs/msg/detail/led_rainbow_params__functions.h
-- Symlinking: /workspaces/TIAgo_humble/install/pal_device_msgs/include/pal_device_msgs/pal_device_msgs/msg/detail/led_rainbow_params__struct.h
-- Symlinking: /workspaces/TIAgo_humble/install/pal_device_msgs/include/pal_device_msgs/pal_device_msgs/msg/detail/led_rainbow_params__type_support.h
-- Symlinking: /workspaces/TIAgo_humble/install/pal_device_msgs/include/pal_device_msgs/pal_device_msgs/msg/led_blink_params.h
-- Symlinking: /workspaces/TIAgo_humble/install/pal_device_msgs/include/pal_device_msgs/pal_device_msgs/msg/led_data_array_params.h
-- Symlinking: /workspaces/TIAgo_humble/install/pal_device_msgs/include/pal_device_msgs/pal_device_msgs/msg/led_effect_params.h
-- Symlinking: /workspaces/TIAgo_humble/install/pal_device_msgs/include/pal_device_msgs/pal_device_msgs/msg/led_effect_via_topic_params.h
-- Symlinking: /workspaces/TIAgo_humble/install/pal_device_msgs/include/pal_device_msgs/pal_device_msgs/msg/led_fade_params.h
-- Symlinking: /workspaces/TIAgo_humble/install/pal_device_msgs/include/pal_device_msgs/pal_device_msgs/msg/led_fixed_color_params.h
-- Symlinking: /workspaces/TIAgo_humble/install/pal_device_msgs/include/pal_device_msgs/pal_device_msgs/msg/led_flow_params.h
-- Symlinking: /workspaces/TIAgo_humble/install/pal_device_msgs/include/pal_device_msgs/pal_device_msgs/msg/led_group.h
-- Symlinking: /workspaces/TIAgo_humble/install/pal_device_msgs/include/pal_device_msgs/pal_device_msgs/msg/led_pre_programmed_params.h
-- Symlinking: /workspaces/TIAgo_humble/install/pal_device_msgs/include/pal_device_msgs/pal_device_msgs/msg/led_progress_params.h
-- Symlinking: /workspaces/TIAgo_humble/install/pal_device_msgs/include/pal_device_msgs/pal_device_msgs/msg/led_rainbow_params.h
-- Symlinking: /workspaces/TIAgo_humble/install/pal_device_msgs/include/pal_device_msgs/pal_device_msgs/msg/rosidl_generator_c__visibility_control.h
-- Symlinking: /workspaces/TIAgo_humble/install/pal_device_msgs/include/pal_device_msgs/pal_device_msgs/srv/cancel_effect.h
-- Symlinking: /workspaces/TIAgo_humble/install/pal_device_msgs/include/pal_device_msgs/pal_device_msgs/srv/detail/cancel_effect__functions.h
-- Symlinking: /workspaces/TIAgo_humble/install/pal_device_msgs/include/pal_device_msgs/pal_device_msgs/srv/detail/cancel_effect__struct.h
-- Symlinking: /workspaces/TIAgo_humble/install/pal_device_msgs/include/pal_device_msgs/pal_device_msgs/srv/detail/cancel_effect__type_support.h
-- Symlinking: /workspaces/TIAgo_humble/install/pal_device_msgs/include/pal_device_msgs/pal_device_msgs/srv/detail/shutdown_and_wake_up_robot__functions.h
-- Symlinking: /workspaces/TIAgo_humble/install/pal_device_msgs/include/pal_device_msgs/pal_device_msgs/srv/detail/shutdown_and_wake_up_robot__struct.h
-- Symlinking: /workspaces/TIAgo_humble/install/pal_device_msgs/include/pal_device_msgs/pal_device_msgs/srv/detail/shutdown_and_wake_up_robot__type_support.h
-- Symlinking: /workspaces/TIAgo_humble/install/pal_device_msgs/include/pal_device_msgs/pal_device_msgs/srv/detail/timed_blink_effect__functions.h
-- Symlinking: /workspaces/TIAgo_humble/install/pal_device_msgs/include/pal_device_msgs/pal_device_msgs/srv/detail/timed_blink_effect__struct.h
-- Symlinking: /workspaces/TIAgo_humble/install/pal_device_msgs/include/pal_device_msgs/pal_device_msgs/srv/detail/timed_blink_effect__type_support.h
-- Symlinking: /workspaces/TIAgo_humble/install/pal_device_msgs/include/pal_device_msgs/pal_device_msgs/srv/detail/timed_colour_effect__functions.h
-- Symlinking: /workspaces/TIAgo_humble/install/pal_device_msgs/include/pal_device_msgs/pal_device_msgs/srv/detail/timed_colour_effect__struct.h
-- Symlinking: /workspaces/TIAgo_humble/install/pal_device_msgs/include/pal_device_msgs/pal_device_msgs/srv/detail/timed_colour_effect__type_support.h
-- Symlinking: /workspaces/TIAgo_humble/install/pal_device_msgs/include/pal_device_msgs/pal_device_msgs/srv/detail/timed_fade_effect__functions.h
-- Symlinking: /workspaces/TIAgo_humble/install/pal_device_msgs/include/pal_device_msgs/pal_device_msgs/srv/detail/timed_fade_effect__struct.h
-- Symlinking: /workspaces/TIAgo_humble/install/pal_device_msgs/include/pal_device_msgs/pal_device_msgs/srv/detail/timed_fade_effect__type_support.h
-- Symlinking: /workspaces/TIAgo_humble/install/pal_device_msgs/include/pal_device_msgs/pal_device_msgs/srv/shutdown_and_wake_up_robot.h
-- Symlinking: /workspaces/TIAgo_humble/install/pal_device_msgs/include/pal_device_msgs/pal_device_msgs/srv/timed_blink_effect.h
-- Symlinking: /workspaces/TIAgo_humble/install/pal_device_msgs/include/pal_device_msgs/pal_device_msgs/srv/timed_colour_effect.h
-- Symlinking: /workspaces/TIAgo_humble/install/pal_device_msgs/include/pal_device_msgs/pal_device_msgs/srv/timed_fade_effect.h
-- Symlinking: /workspaces/TIAgo_humble/install/pal_device_msgs/share/pal_device_msgs/environment/library_path.sh
-- Symlinking: /workspaces/TIAgo_humble/install/pal_device_msgs/share/pal_device_msgs/environment/library_path.dsv
-- Symlinking: /workspaces/TIAgo_humble/install/pal_device_msgs/include/pal_device_msgs/pal_device_msgs/action/detail/do_timed_led_effect__rosidl_typesupport_fastrtps_c.h
-- Symlinking: /workspaces/TIAgo_humble/install/pal_device_msgs/include/pal_device_msgs/pal_device_msgs/msg/detail/battery_state__rosidl_typesupport_fastrtps_c.h
-- Symlinking: /workspaces/TIAgo_humble/install/pal_device_msgs/include/pal_device_msgs/pal_device_msgs/msg/detail/bumper__rosidl_typesupport_fastrtps_c.h
-- Symlinking: /workspaces/TIAgo_humble/install/pal_device_msgs/include/pal_device_msgs/pal_device_msgs/msg/detail/led_blink_params__rosidl_typesupport_fastrtps_c.h
-- Symlinking: /workspaces/TIAgo_humble/install/pal_device_msgs/include/pal_device_msgs/pal_device_msgs/msg/detail/led_data_array_params__rosidl_typesupport_fastrtps_c.h
-- Symlinking: /workspaces/TIAgo_humble/install/pal_device_msgs/include/pal_device_msgs/pal_device_msgs/msg/detail/led_effect_params__rosidl_typesupport_fastrtps_c.h
-- Symlinking: /workspaces/TIAgo_humble/install/pal_device_msgs/include/pal_device_msgs/pal_device_msgs/msg/detail/led_effect_via_topic_params__rosidl_typesupport_fastrtps_c.h
-- Symlinking: /workspaces/TIAgo_humble/install/pal_device_msgs/include/pal_device_msgs/pal_device_msgs/msg/detail/led_fade_params__rosidl_typesupport_fastrtps_c.h
-- Symlinking: /workspaces/TIAgo_humble/install/pal_device_msgs/include/pal_device_msgs/pal_device_msgs/msg/detail/led_fixed_color_params__rosidl_typesupport_fastrtps_c.h
-- Symlinking: /workspaces/TIAgo_humble/install/pal_device_msgs/include/pal_device_msgs/pal_device_msgs/msg/detail/led_flow_params__rosidl_typesupport_fastrtps_c.h
-- Symlinking: /workspaces/TIAgo_humble/install/pal_device_msgs/include/pal_device_msgs/pal_device_msgs/msg/detail/led_group__rosidl_typesupport_fastrtps_c.h
-- Symlinking: /workspaces/TIAgo_humble/install/pal_device_msgs/include/pal_device_msgs/pal_device_msgs/msg/detail/led_pre_programmed_params__rosidl_typesupport_fastrtps_c.h
-- Symlinking: /workspaces/TIAgo_humble/install/pal_device_msgs/include/pal_device_msgs/pal_device_msgs/msg/detail/led_progress_params__rosidl_typesupport_fastrtps_c.h
-- Symlinking: /workspaces/TIAgo_humble/install/pal_device_msgs/include/pal_device_msgs/pal_device_msgs/msg/detail/led_rainbow_params__rosidl_typesupport_fastrtps_c.h
-- Symlinking: /workspaces/TIAgo_humble/install/pal_device_msgs/include/pal_device_msgs/pal_device_msgs/msg/rosidl_typesupport_fastrtps_c__visibility_control.h
-- Symlinking: /workspaces/TIAgo_humble/install/pal_device_msgs/include/pal_device_msgs/pal_device_msgs/srv/detail/cancel_effect__rosidl_typesupport_fastrtps_c.h
-- Symlinking: /workspaces/TIAgo_humble/install/pal_device_msgs/include/pal_device_msgs/pal_device_msgs/srv/detail/shutdown_and_wake_up_robot__rosidl_typesupport_fastrtps_c.h
-- Symlinking: /workspaces/TIAgo_humble/install/pal_device_msgs/include/pal_device_msgs/pal_device_msgs/srv/detail/timed_blink_effect__rosidl_typesupport_fastrtps_c.h
-- Symlinking: /workspaces/TIAgo_humble/install/pal_device_msgs/include/pal_device_msgs/pal_device_msgs/srv/detail/timed_colour_effect__rosidl_typesupport_fastrtps_c.h
-- Symlinking: /workspaces/TIAgo_humble/install/pal_device_msgs/include/pal_device_msgs/pal_device_msgs/srv/detail/timed_fade_effect__rosidl_typesupport_fastrtps_c.h
-- Symlinking: /workspaces/TIAgo_humble/install/pal_device_msgs/include/pal_device_msgs/pal_device_msgs/action/detail/do_timed_led_effect__builder.hpp
-- Symlinking: /workspaces/TIAgo_humble/install/pal_device_msgs/include/pal_device_msgs/pal_device_msgs/action/detail/do_timed_led_effect__struct.hpp
-- Symlinking: /workspaces/TIAgo_humble/install/pal_device_msgs/include/pal_device_msgs/pal_device_msgs/action/detail/do_timed_led_effect__traits.hpp
-- Symlinking: /workspaces/TIAgo_humble/install/pal_device_msgs/include/pal_device_msgs/pal_device_msgs/action/detail/do_timed_led_effect__type_support.hpp
-- Symlinking: /workspaces/TIAgo_humble/install/pal_device_msgs/include/pal_device_msgs/pal_device_msgs/action/do_timed_led_effect.hpp
-- Symlinking: /workspaces/TIAgo_humble/install/pal_device_msgs/include/pal_device_msgs/pal_device_msgs/msg/battery_state.hpp
-- Symlinking: /workspaces/TIAgo_humble/install/pal_device_msgs/include/pal_device_msgs/pal_device_msgs/msg/bumper.hpp
-- Symlinking: /workspaces/TIAgo_humble/install/pal_device_msgs/include/pal_device_msgs/pal_device_msgs/msg/detail/battery_state__builder.hpp
-- Symlinking: /workspaces/TIAgo_humble/install/pal_device_msgs/include/pal_device_msgs/pal_device_msgs/msg/detail/battery_state__struct.hpp
-- Symlinking: /workspaces/TIAgo_humble/install/pal_device_msgs/include/pal_device_msgs/pal_device_msgs/msg/detail/battery_state__traits.hpp
-- Symlinking: /workspaces/TIAgo_humble/install/pal_device_msgs/include/pal_device_msgs/pal_device_msgs/msg/detail/battery_state__type_support.hpp
-- Symlinking: /workspaces/TIAgo_humble/install/pal_device_msgs/include/pal_device_msgs/pal_device_msgs/msg/detail/bumper__builder.hpp
-- Symlinking: /workspaces/TIAgo_humble/install/pal_device_msgs/include/pal_device_msgs/pal_device_msgs/msg/detail/bumper__struct.hpp
-- Symlinking: /workspaces/TIAgo_humble/install/pal_device_msgs/include/pal_device_msgs/pal_device_msgs/msg/detail/bumper__traits.hpp
-- Symlinking: /workspaces/TIAgo_humble/install/pal_device_msgs/include/pal_device_msgs/pal_device_msgs/msg/detail/bumper__type_support.hpp
-- Symlinking: /workspaces/TIAgo_humble/install/pal_device_msgs/include/pal_device_msgs/pal_device_msgs/msg/detail/led_blink_params__builder.hpp
-- Symlinking: /workspaces/TIAgo_humble/install/pal_device_msgs/include/pal_device_msgs/pal_device_msgs/msg/detail/led_blink_params__struct.hpp
-- Symlinking: /workspaces/TIAgo_humble/install/pal_device_msgs/include/pal_device_msgs/pal_device_msgs/msg/detail/led_blink_params__traits.hpp
-- Symlinking: /workspaces/TIAgo_humble/install/pal_device_msgs/include/pal_device_msgs/pal_device_msgs/msg/detail/led_blink_params__type_support.hpp
-- Symlinking: /workspaces/TIAgo_humble/install/pal_device_msgs/include/pal_device_msgs/pal_device_msgs/msg/detail/led_data_array_params__builder.hpp
-- Symlinking: /workspaces/TIAgo_humble/install/pal_device_msgs/include/pal_device_msgs/pal_device_msgs/msg/detail/led_data_array_params__struct.hpp
-- Symlinking: /workspaces/TIAgo_humble/install/pal_device_msgs/include/pal_device_msgs/pal_device_msgs/msg/detail/led_data_array_params__traits.hpp
-- Symlinking: /workspaces/TIAgo_humble/install/pal_device_msgs/include/pal_device_msgs/pal_device_msgs/msg/detail/led_data_array_params__type_support.hpp
-- Symlinking: /workspaces/TIAgo_humble/install/pal_device_msgs/include/pal_device_msgs/pal_device_msgs/msg/detail/led_effect_params__builder.hpp
-- Symlinking: /workspaces/TIAgo_humble/install/pal_device_msgs/include/pal_device_msgs/pal_device_msgs/msg/detail/led_effect_params__struct.hpp
-- Symlinking: /workspaces/TIAgo_humble/install/pal_device_msgs/include/pal_device_msgs/pal_device_msgs/msg/detail/led_effect_params__traits.hpp
-- Symlinking: /workspaces/TIAgo_humble/install/pal_device_msgs/include/pal_device_msgs/pal_device_msgs/msg/detail/led_effect_params__type_support.hpp
-- Symlinking: /workspaces/TIAgo_humble/install/pal_device_msgs/include/pal_device_msgs/pal_device_msgs/msg/detail/led_effect_via_topic_params__builder.hpp
-- Symlinking: /workspaces/TIAgo_humble/install/pal_device_msgs/include/pal_device_msgs/pal_device_msgs/msg/detail/led_effect_via_topic_params__struct.hpp
-- Symlinking: /workspaces/TIAgo_humble/install/pal_device_msgs/include/pal_device_msgs/pal_device_msgs/msg/detail/led_effect_via_topic_params__traits.hpp
-- Symlinking: /workspaces/TIAgo_humble/install/pal_device_msgs/include/pal_device_msgs/pal_device_msgs/msg/detail/led_effect_via_topic_params__type_support.hpp
-- Symlinking: /workspaces/TIAgo_humble/install/pal_device_msgs/include/pal_device_msgs/pal_device_msgs/msg/detail/led_fade_params__builder.hpp
-- Symlinking: /workspaces/TIAgo_humble/install/pal_device_msgs/include/pal_device_msgs/pal_device_msgs/msg/detail/led_fade_params__struct.hpp
-- Symlinking: /workspaces/TIAgo_humble/install/pal_device_msgs/include/pal_device_msgs/pal_device_msgs/msg/detail/led_fade_params__traits.hpp
-- Symlinking: /workspaces/TIAgo_humble/install/pal_device_msgs/include/pal_device_msgs/pal_device_msgs/msg/detail/led_fade_params__type_support.hpp
-- Symlinking: /workspaces/TIAgo_humble/install/pal_device_msgs/include/pal_device_msgs/pal_device_msgs/msg/detail/led_fixed_color_params__builder.hpp
-- Symlinking: /workspaces/TIAgo_humble/install/pal_device_msgs/include/pal_device_msgs/pal_device_msgs/msg/detail/led_fixed_color_params__struct.hpp
-- Symlinking: /workspaces/TIAgo_humble/install/pal_device_msgs/include/pal_device_msgs/pal_device_msgs/msg/detail/led_fixed_color_params__traits.hpp
-- Symlinking: /workspaces/TIAgo_humble/install/pal_device_msgs/include/pal_device_msgs/pal_device_msgs/msg/detail/led_fixed_color_params__type_support.hpp
-- Symlinking: /workspaces/TIAgo_humble/install/pal_device_msgs/include/pal_device_msgs/pal_device_msgs/msg/detail/led_flow_params__builder.hpp
-- Symlinking: /workspaces/TIAgo_humble/install/pal_device_msgs/include/pal_device_msgs/pal_device_msgs/msg/detail/led_flow_params__struct.hpp
-- Symlinking: /workspaces/TIAgo_humble/install/pal_device_msgs/include/pal_device_msgs/pal_device_msgs/msg/detail/led_flow_params__traits.hpp
-- Symlinking: /workspaces/TIAgo_humble/install/pal_device_msgs/include/pal_device_msgs/pal_device_msgs/msg/detail/led_flow_params__type_support.hpp
-- Symlinking: /workspaces/TIAgo_humble/install/pal_device_msgs/include/pal_device_msgs/pal_device_msgs/msg/detail/led_group__builder.hpp
-- Symlinking: /workspaces/TIAgo_humble/install/pal_device_msgs/include/pal_device_msgs/pal_device_msgs/msg/detail/led_group__struct.hpp
-- Symlinking: /workspaces/TIAgo_humble/install/pal_device_msgs/include/pal_device_msgs/pal_device_msgs/msg/detail/led_group__traits.hpp
-- Symlinking: /workspaces/TIAgo_humble/install/pal_device_msgs/include/pal_device_msgs/pal_device_msgs/msg/detail/led_group__type_support.hpp
-- Symlinking: /workspaces/TIAgo_humble/install/pal_device_msgs/include/pal_device_msgs/pal_device_msgs/msg/detail/led_pre_programmed_params__builder.hpp
-- Symlinking: /workspaces/TIAgo_humble/install/pal_device_msgs/include/pal_device_msgs/pal_device_msgs/msg/detail/led_pre_programmed_params__struct.hpp
-- Symlinking: /workspaces/TIAgo_humble/install/pal_device_msgs/include/pal_device_msgs/pal_device_msgs/msg/detail/led_pre_programmed_params__traits.hpp
-- Symlinking: /workspaces/TIAgo_humble/install/pal_device_msgs/include/pal_device_msgs/pal_device_msgs/msg/detail/led_pre_programmed_params__type_support.hpp
-- Symlinking: /workspaces/TIAgo_humble/install/pal_device_msgs/include/pal_device_msgs/pal_device_msgs/msg/detail/led_progress_params__builder.hpp
-- Symlinking: /workspaces/TIAgo_humble/install/pal_device_msgs/include/pal_device_msgs/pal_device_msgs/msg/detail/led_progress_params__struct.hpp
-- Symlinking: /workspaces/TIAgo_humble/install/pal_device_msgs/include/pal_device_msgs/pal_device_msgs/msg/detail/led_progress_params__traits.hpp
-- Symlinking: /workspaces/TIAgo_humble/install/pal_device_msgs/include/pal_device_msgs/pal_device_msgs/msg/detail/led_progress_params__type_support.hpp
-- Symlinking: /workspaces/TIAgo_humble/install/pal_device_msgs/include/pal_device_msgs/pal_device_msgs/msg/detail/led_rainbow_params__builder.hpp
-- Symlinking: /workspaces/TIAgo_humble/install/pal_device_msgs/include/pal_device_msgs/pal_device_msgs/msg/detail/led_rainbow_params__struct.hpp
-- Symlinking: /workspaces/TIAgo_humble/install/pal_device_msgs/include/pal_device_msgs/pal_device_msgs/msg/detail/led_rainbow_params__traits.hpp
-- Symlinking: /workspaces/TIAgo_humble/install/pal_device_msgs/include/pal_device_msgs/pal_device_msgs/msg/detail/led_rainbow_params__type_support.hpp
-- Symlinking: /workspaces/TIAgo_humble/install/pal_device_msgs/include/pal_device_msgs/pal_device_msgs/msg/led_blink_params.hpp
-- Symlinking: /workspaces/TIAgo_humble/install/pal_device_msgs/include/pal_device_msgs/pal_device_msgs/msg/led_data_array_params.hpp
-- Symlinking: /workspaces/TIAgo_humble/install/pal_device_msgs/include/pal_device_msgs/pal_device_msgs/msg/led_effect_params.hpp
-- Symlinking: /workspaces/TIAgo_humble/install/pal_device_msgs/include/pal_device_msgs/pal_device_msgs/msg/led_effect_via_topic_params.hpp
-- Symlinking: /workspaces/TIAgo_humble/install/pal_device_msgs/include/pal_device_msgs/pal_device_msgs/msg/led_fade_params.hpp
-- Symlinking: /workspaces/TIAgo_humble/install/pal_device_msgs/include/pal_device_msgs/pal_device_msgs/msg/led_fixed_color_params.hpp
-- Symlinking: /workspaces/TIAgo_humble/install/pal_device_msgs/include/pal_device_msgs/pal_device_msgs/msg/led_flow_params.hpp
-- Symlinking: /workspaces/TIAgo_humble/install/pal_device_msgs/include/pal_device_msgs/pal_device_msgs/msg/led_group.hpp
-- Symlinking: /workspaces/TIAgo_humble/install/pal_device_msgs/include/pal_device_msgs/pal_device_msgs/msg/led_pre_programmed_params.hpp
-- Symlinking: /workspaces/TIAgo_humble/install/pal_device_msgs/include/pal_device_msgs/pal_device_msgs/msg/led_progress_params.hpp
-- Symlinking: /workspaces/TIAgo_humble/install/pal_device_msgs/include/pal_device_msgs/pal_device_msgs/msg/led_rainbow_params.hpp
-- Symlinking: /workspaces/TIAgo_humble/install/pal_device_msgs/include/pal_device_msgs/pal_device_msgs/msg/rosidl_generator_cpp__visibility_control.hpp
-- Symlinking: /workspaces/TIAgo_humble/install/pal_device_msgs/include/pal_device_msgs/pal_device_msgs/srv/cancel_effect.hpp
-- Symlinking: /workspaces/TIAgo_humble/install/pal_device_msgs/include/pal_device_msgs/pal_device_msgs/srv/detail/cancel_effect__builder.hpp
-- Symlinking: /workspaces/TIAgo_humble/install/pal_device_msgs/include/pal_device_msgs/pal_device_msgs/srv/detail/cancel_effect__struct.hpp
-- Symlinking: /workspaces/TIAgo_humble/install/pal_device_msgs/include/pal_device_msgs/pal_device_msgs/srv/detail/cancel_effect__traits.hpp
-- Symlinking: /workspaces/TIAgo_humble/install/pal_device_msgs/include/pal_device_msgs/pal_device_msgs/srv/detail/cancel_effect__type_support.hpp
-- Symlinking: /workspaces/TIAgo_humble/install/pal_device_msgs/include/pal_device_msgs/pal_device_msgs/srv/detail/shutdown_and_wake_up_robot__builder.hpp
-- Symlinking: /workspaces/TIAgo_humble/install/pal_device_msgs/include/pal_device_msgs/pal_device_msgs/srv/detail/shutdown_and_wake_up_robot__struct.hpp
-- Symlinking: /workspaces/TIAgo_humble/install/pal_device_msgs/include/pal_device_msgs/pal_device_msgs/srv/detail/shutdown_and_wake_up_robot__traits.hpp
-- Symlinking: /workspaces/TIAgo_humble/install/pal_device_msgs/include/pal_device_msgs/pal_device_msgs/srv/detail/shutdown_and_wake_up_robot__type_support.hpp
-- Symlinking: /workspaces/TIAgo_humble/install/pal_device_msgs/include/pal_device_msgs/pal_device_msgs/srv/detail/timed_blink_effect__builder.hpp
-- Symlinking: /workspaces/TIAgo_humble/install/pal_device_msgs/include/pal_device_msgs/pal_device_msgs/srv/detail/timed_blink_effect__struct.hpp
-- Symlinking: /workspaces/TIAgo_humble/install/pal_device_msgs/include/pal_device_msgs/pal_device_msgs/srv/detail/timed_blink_effect__traits.hpp
-- Symlinking: /workspaces/TIAgo_humble/install/pal_device_msgs/include/pal_device_msgs/pal_device_msgs/srv/detail/timed_blink_effect__type_support.hpp
-- Symlinking: /workspaces/TIAgo_humble/install/pal_device_msgs/include/pal_device_msgs/pal_device_msgs/srv/detail/timed_colour_effect__builder.hpp
-- Symlinking: /workspaces/TIAgo_humble/install/pal_device_msgs/include/pal_device_msgs/pal_device_msgs/srv/detail/timed_colour_effect__struct.hpp
-- Symlinking: /workspaces/TIAgo_humble/install/pal_device_msgs/include/pal_device_msgs/pal_device_msgs/srv/detail/timed_colour_effect__traits.hpp
-- Symlinking: /workspaces/TIAgo_humble/install/pal_device_msgs/include/pal_device_msgs/pal_device_msgs/srv/detail/timed_colour_effect__type_support.hpp
-- Symlinking: /workspaces/TIAgo_humble/install/pal_device_msgs/include/pal_device_msgs/pal_device_msgs/srv/detail/timed_fade_effect__builder.hpp
-- Symlinking: /workspaces/TIAgo_humble/install/pal_device_msgs/include/pal_device_msgs/pal_device_msgs/srv/detail/timed_fade_effect__struct.hpp
-- Symlinking: /workspaces/TIAgo_humble/install/pal_device_msgs/include/pal_device_msgs/pal_device_msgs/srv/detail/timed_fade_effect__traits.hpp
-- Symlinking: /workspaces/TIAgo_humble/install/pal_device_msgs/include/pal_device_msgs/pal_device_msgs/srv/detail/timed_fade_effect__type_support.hpp
-- Symlinking: /workspaces/TIAgo_humble/install/pal_device_msgs/include/pal_device_msgs/pal_device_msgs/srv/shutdown_and_wake_up_robot.hpp
-- Symlinking: /workspaces/TIAgo_humble/install/pal_device_msgs/include/pal_device_msgs/pal_device_msgs/srv/timed_blink_effect.hpp
-- Symlinking: /workspaces/TIAgo_humble/install/pal_device_msgs/include/pal_device_msgs/pal_device_msgs/srv/timed_colour_effect.hpp
-- Symlinking: /workspaces/TIAgo_humble/install/pal_device_msgs/include/pal_device_msgs/pal_device_msgs/srv/timed_fade_effect.hpp
-- Symlinking: /workspaces/TIAgo_humble/install/pal_device_msgs/include/pal_device_msgs/pal_device_msgs/action/detail/do_timed_led_effect__rosidl_typesupport_fastrtps_cpp.hpp
-- Symlinking: /workspaces/TIAgo_humble/install/pal_device_msgs/include/pal_device_msgs/pal_device_msgs/msg/detail/battery_state__rosidl_typesupport_fastrtps_cpp.hpp
-- Symlinking: /workspaces/TIAgo_humble/install/pal_device_msgs/include/pal_device_msgs/pal_device_msgs/msg/detail/bumper__rosidl_typesupport_fastrtps_cpp.hpp
-- Symlinking: /workspaces/TIAgo_humble/install/pal_device_msgs/include/pal_device_msgs/pal_device_msgs/msg/detail/led_blink_params__rosidl_typesupport_fastrtps_cpp.hpp
-- Symlinking: /workspaces/TIAgo_humble/install/pal_device_msgs/include/pal_device_msgs/pal_device_msgs/msg/detail/led_data_array_params__rosidl_typesupport_fastrtps_cpp.hpp
-- Symlinking: /workspaces/TIAgo_humble/install/pal_device_msgs/include/pal_device_msgs/pal_device_msgs/msg/detail/led_effect_params__rosidl_typesupport_fastrtps_cpp.hpp
-- Symlinking: /workspaces/TIAgo_humble/install/pal_device_msgs/include/pal_device_msgs/pal_device_msgs/msg/detail/led_effect_via_topic_params__rosidl_typesupport_fastrtps_cpp.hpp
-- Symlinking: /workspaces/TIAgo_humble/install/pal_device_msgs/include/pal_device_msgs/pal_device_msgs/msg/detail/led_fade_params__rosidl_typesupport_fastrtps_cpp.hpp
-- Symlinking: /workspaces/TIAgo_humble/install/pal_device_msgs/include/pal_device_msgs/pal_device_msgs/msg/detail/led_fixed_color_params__rosidl_typesupport_fastrtps_cpp.hpp
-- Symlinking: /workspaces/TIAgo_humble/install/pal_device_msgs/include/pal_device_msgs/pal_device_msgs/msg/detail/led_flow_params__rosidl_typesupport_fastrtps_cpp.hpp
-- Symlinking: /workspaces/TIAgo_humble/install/pal_device_msgs/include/pal_device_msgs/pal_device_msgs/msg/detail/led_group__rosidl_typesupport_fastrtps_cpp.hpp
-- Symlinking: /workspaces/TIAgo_humble/install/pal_device_msgs/include/pal_device_msgs/pal_device_msgs/msg/detail/led_pre_programmed_params__rosidl_typesupport_fastrtps_cpp.hpp
-- Symlinking: /workspaces/TIAgo_humble/install/pal_device_msgs/include/pal_device_msgs/pal_device_msgs/msg/detail/led_progress_params__rosidl_typesupport_fastrtps_cpp.hpp
-- Symlinking: /workspaces/TIAgo_humble/install/pal_device_msgs/include/pal_device_msgs/pal_device_msgs/msg/detail/led_rainbow_params__rosidl_typesupport_fastrtps_cpp.hpp
-- Symlinking: /workspaces/TIAgo_humble/install/pal_device_msgs/include/pal_device_msgs/pal_device_msgs/msg/rosidl_typesupport_fastrtps_cpp__visibility_control.h
-- Symlinking: /workspaces/TIAgo_humble/install/pal_device_msgs/include/pal_device_msgs/pal_device_msgs/srv/detail/cancel_effect__rosidl_typesupport_fastrtps_cpp.hpp
-- Symlinking: /workspaces/TIAgo_humble/install/pal_device_msgs/include/pal_device_msgs/pal_device_msgs/srv/detail/shutdown_and_wake_up_robot__rosidl_typesupport_fastrtps_cpp.hpp
-- Symlinking: /workspaces/TIAgo_humble/install/pal_device_msgs/include/pal_device_msgs/pal_device_msgs/srv/detail/timed_blink_effect__rosidl_typesupport_fastrtps_cpp.hpp
-- Symlinking: /workspaces/TIAgo_humble/install/pal_device_msgs/include/pal_device_msgs/pal_device_msgs/srv/detail/timed_colour_effect__rosidl_typesupport_fastrtps_cpp.hpp
-- Symlinking: /workspaces/TIAgo_humble/install/pal_device_msgs/include/pal_device_msgs/pal_device_msgs/srv/detail/timed_fade_effect__rosidl_typesupport_fastrtps_cpp.hpp
-- Symlinking: /workspaces/TIAgo_humble/install/pal_device_msgs/include/pal_device_msgs/pal_device_msgs/action/detail/do_timed_led_effect__rosidl_typesupport_introspection_c.h
-- Symlinking: /workspaces/TIAgo_humble/install/pal_device_msgs/include/pal_device_msgs/pal_device_msgs/msg/detail/battery_state__rosidl_typesupport_introspection_c.h
-- Symlinking: /workspaces/TIAgo_humble/install/pal_device_msgs/include/pal_device_msgs/pal_device_msgs/msg/detail/bumper__rosidl_typesupport_introspection_c.h
-- Symlinking: /workspaces/TIAgo_humble/install/pal_device_msgs/include/pal_device_msgs/pal_device_msgs/msg/detail/led_blink_params__rosidl_typesupport_introspection_c.h
-- Symlinking: /workspaces/TIAgo_humble/install/pal_device_msgs/include/pal_device_msgs/pal_device_msgs/msg/detail/led_data_array_params__rosidl_typesupport_introspection_c.h
-- Symlinking: /workspaces/TIAgo_humble/install/pal_device_msgs/include/pal_device_msgs/pal_device_msgs/msg/detail/led_effect_params__rosidl_typesupport_introspection_c.h
-- Symlinking: /workspaces/TIAgo_humble/install/pal_device_msgs/include/pal_device_msgs/pal_device_msgs/msg/detail/led_effect_via_topic_params__rosidl_typesupport_introspection_c.h
-- Symlinking: /workspaces/TIAgo_humble/install/pal_device_msgs/include/pal_device_msgs/pal_device_msgs/msg/detail/led_fade_params__rosidl_typesupport_introspection_c.h
-- Symlinking: /workspaces/TIAgo_humble/install/pal_device_msgs/include/pal_device_msgs/pal_device_msgs/msg/detail/led_fixed_color_params__rosidl_typesupport_introspection_c.h
-- Symlinking: /workspaces/TIAgo_humble/install/pal_device_msgs/include/pal_device_msgs/pal_device_msgs/msg/detail/led_flow_params__rosidl_typesupport_introspection_c.h
-- Symlinking: /workspaces/TIAgo_humble/install/pal_device_msgs/include/pal_device_msgs/pal_device_msgs/msg/detail/led_group__rosidl_typesupport_introspection_c.h
-- Symlinking: /workspaces/TIAgo_humble/install/pal_device_msgs/include/pal_device_msgs/pal_device_msgs/msg/detail/led_pre_programmed_params__rosidl_typesupport_introspection_c.h
-- Symlinking: /workspaces/TIAgo_humble/install/pal_device_msgs/include/pal_device_msgs/pal_device_msgs/msg/detail/led_progress_params__rosidl_typesupport_introspection_c.h
-- Symlinking: /workspaces/TIAgo_humble/install/pal_device_msgs/include/pal_device_msgs/pal_device_msgs/msg/detail/led_rainbow_params__rosidl_typesupport_introspection_c.h
-- Symlinking: /workspaces/TIAgo_humble/install/pal_device_msgs/include/pal_device_msgs/pal_device_msgs/msg/rosidl_typesupport_introspection_c__visibility_control.h
-- Symlinking: /workspaces/TIAgo_humble/install/pal_device_msgs/include/pal_device_msgs/pal_device_msgs/srv/detail/cancel_effect__rosidl_typesupport_introspection_c.h
-- Symlinking: /workspaces/TIAgo_humble/install/pal_device_msgs/include/pal_device_msgs/pal_device_msgs/srv/detail/shutdown_and_wake_up_robot__rosidl_typesupport_introspection_c.h
-- Symlinking: /workspaces/TIAgo_humble/install/pal_device_msgs/include/pal_device_msgs/pal_device_msgs/srv/detail/timed_blink_effect__rosidl_typesupport_introspection_c.h
-- Symlinking: /workspaces/TIAgo_humble/install/pal_device_msgs/include/pal_device_msgs/pal_device_msgs/srv/detail/timed_colour_effect__rosidl_typesupport_introspection_c.h
-- Symlinking: /workspaces/TIAgo_humble/install/pal_device_msgs/include/pal_device_msgs/pal_device_msgs/srv/detail/timed_fade_effect__rosidl_typesupport_introspection_c.h
-- Symlinking: /workspaces/TIAgo_humble/install/pal_device_msgs/include/pal_device_msgs/pal_device_msgs/action/detail/do_timed_led_effect__rosidl_typesupport_introspection_cpp.hpp
-- Symlinking: /workspaces/TIAgo_humble/install/pal_device_msgs/include/pal_device_msgs/pal_device_msgs/msg/detail/battery_state__rosidl_typesupport_introspection_cpp.hpp
-- Symlinking: /workspaces/TIAgo_humble/install/pal_device_msgs/include/pal_device_msgs/pal_device_msgs/msg/detail/bumper__rosidl_typesupport_introspection_cpp.hpp
-- Symlinking: /workspaces/TIAgo_humble/install/pal_device_msgs/include/pal_device_msgs/pal_device_msgs/msg/detail/led_blink_params__rosidl_typesupport_introspection_cpp.hpp
-- Symlinking: /workspaces/TIAgo_humble/install/pal_device_msgs/include/pal_device_msgs/pal_device_msgs/msg/detail/led_data_array_params__rosidl_typesupport_introspection_cpp.hpp
-- Symlinking: /workspaces/TIAgo_humble/install/pal_device_msgs/include/pal_device_msgs/pal_device_msgs/msg/detail/led_effect_params__rosidl_typesupport_introspection_cpp.hpp
-- Symlinking: /workspaces/TIAgo_humble/install/pal_device_msgs/include/pal_device_msgs/pal_device_msgs/msg/detail/led_effect_via_topic_params__rosidl_typesupport_introspection_cpp.hpp
-- Symlinking: /workspaces/TIAgo_humble/install/pal_device_msgs/include/pal_device_msgs/pal_device_msgs/msg/detail/led_fade_params__rosidl_typesupport_introspection_cpp.hpp
-- Symlinking: /workspaces/TIAgo_humble/install/pal_device_msgs/include/pal_device_msgs/pal_device_msgs/msg/detail/led_fixed_color_params__rosidl_typesupport_introspection_cpp.hpp
-- Symlinking: /workspaces/TIAgo_humble/install/pal_device_msgs/include/pal_device_msgs/pal_device_msgs/msg/detail/led_flow_params__rosidl_typesupport_introspection_cpp.hpp
-- Symlinking: /workspaces/TIAgo_humble/install/pal_device_msgs/include/pal_device_msgs/pal_device_msgs/msg/detail/led_group__rosidl_typesupport_introspection_cpp.hpp
-- Symlinking: /workspaces/TIAgo_humble/install/pal_device_msgs/include/pal_device_msgs/pal_device_msgs/msg/detail/led_pre_programmed_params__rosidl_typesupport_introspection_cpp.hpp
-- Symlinking: /workspaces/TIAgo_humble/install/pal_device_msgs/include/pal_device_msgs/pal_device_msgs/msg/detail/led_progress_params__rosidl_typesupport_introspection_cpp.hpp
-- Symlinking: /workspaces/TIAgo_humble/install/pal_device_msgs/include/pal_device_msgs/pal_device_msgs/msg/detail/led_rainbow_params__rosidl_typesupport_introspection_cpp.hpp
-- Symlinking: /workspaces/TIAgo_humble/install/pal_device_msgs/include/pal_device_msgs/pal_device_msgs/srv/detail/cancel_effect__rosidl_typesupport_introspection_cpp.hpp
-- Symlinking: /workspaces/TIAgo_humble/install/pal_device_msgs/include/pal_device_msgs/pal_device_msgs/srv/detail/shutdown_and_wake_up_robot__rosidl_typesupport_introspection_cpp.hpp
-- Symlinking: /workspaces/TIAgo_humble/install/pal_device_msgs/include/pal_device_msgs/pal_device_msgs/srv/detail/timed_blink_effect__rosidl_typesupport_introspection_cpp.hpp
-- Symlinking: /workspaces/TIAgo_humble/install/pal_device_msgs/include/pal_device_msgs/pal_device_msgs/srv/detail/timed_colour_effect__rosidl_typesupport_introspection_cpp.hpp
-- Symlinking: /workspaces/TIAgo_humble/install/pal_device_msgs/include/pal_device_msgs/pal_device_msgs/srv/detail/timed_fade_effect__rosidl_typesupport_introspection_cpp.hpp
-- Symlinking: /workspaces/TIAgo_humble/install/pal_device_msgs/share/pal_device_msgs/environment/pythonpath.sh
-- Symlinking: /workspaces/TIAgo_humble/install/pal_device_msgs/share/pal_device_msgs/environment/pythonpath.dsv
-- Symlinking: /workspaces/TIAgo_humble/install/pal_device_msgs/local/lib/python3.10/dist-packages/pal_device_msgs-2.0.0-py3.10.egg-info/PKG-INFO
-- Symlinking: /workspaces/TIAgo_humble/install/pal_device_msgs/local/lib/python3.10/dist-packages/pal_device_msgs-2.0.0-py3.10.egg-info/SOURCES.txt
-- Symlinking: /workspaces/TIAgo_humble/install/pal_device_msgs/local/lib/python3.10/dist-packages/pal_device_msgs-2.0.0-py3.10.egg-info/dependency_links.txt
-- Symlinking: /workspaces/TIAgo_humble/install/pal_device_msgs/local/lib/python3.10/dist-packages/pal_device_msgs-2.0.0-py3.10.egg-info/top_level.txt
-- Symlinking: /workspaces/TIAgo_humble/install/pal_device_msgs/local/lib/python3.10/dist-packages/pal_device_msgs/__init__.py
-- Symlinking: /workspaces/TIAgo_humble/install/pal_device_msgs/local/lib/python3.10/dist-packages/pal_device_msgs/_pal_device_msgs_s.ep.rosidl_typesupport_c.c
-- Symlinking: /workspaces/TIAgo_humble/install/pal_device_msgs/local/lib/python3.10/dist-packages/pal_device_msgs/_pal_device_msgs_s.ep.rosidl_typesupport_fastrtps_c.c
-- Symlinking: /workspaces/TIAgo_humble/install/pal_device_msgs/local/lib/python3.10/dist-packages/pal_device_msgs/_pal_device_msgs_s.ep.rosidl_typesupport_introspection_c.c
-- Symlinking: /workspaces/TIAgo_humble/install/pal_device_msgs/local/lib/python3.10/dist-packages/pal_device_msgs/action/__init__.py
-- Symlinking: /workspaces/TIAgo_humble/install/pal_device_msgs/local/lib/python3.10/dist-packages/pal_device_msgs/action/_do_timed_led_effect.py
-- Symlinking: /workspaces/TIAgo_humble/install/pal_device_msgs/local/lib/python3.10/dist-packages/pal_device_msgs/action/_do_timed_led_effect_s.c
-- Symlinking: /workspaces/TIAgo_humble/install/pal_device_msgs/local/lib/python3.10/dist-packages/pal_device_msgs/libpal_device_msgs__rosidl_generator_py.so
-- Symlinking: /workspaces/TIAgo_humble/install/pal_device_msgs/local/lib/python3.10/dist-packages/pal_device_msgs/msg/__init__.py
-- Symlinking: /workspaces/TIAgo_humble/install/pal_device_msgs/local/lib/python3.10/dist-packages/pal_device_msgs/msg/_battery_state.py
-- Symlinking: /workspaces/TIAgo_humble/install/pal_device_msgs/local/lib/python3.10/dist-packages/pal_device_msgs/msg/_battery_state_s.c
-- Symlinking: /workspaces/TIAgo_humble/install/pal_device_msgs/local/lib/python3.10/dist-packages/pal_device_msgs/msg/_bumper.py
-- Symlinking: /workspaces/TIAgo_humble/install/pal_device_msgs/local/lib/python3.10/dist-packages/pal_device_msgs/msg/_bumper_s.c
-- Symlinking: /workspaces/TIAgo_humble/install/pal_device_msgs/local/lib/python3.10/dist-packages/pal_device_msgs/msg/_led_blink_params.py
-- Symlinking: /workspaces/TIAgo_humble/install/pal_device_msgs/local/lib/python3.10/dist-packages/pal_device_msgs/msg/_led_blink_params_s.c
-- Symlinking: /workspaces/TIAgo_humble/install/pal_device_msgs/local/lib/python3.10/dist-packages/pal_device_msgs/msg/_led_data_array_params.py
-- Symlinking: /workspaces/TIAgo_humble/install/pal_device_msgs/local/lib/python3.10/dist-packages/pal_device_msgs/msg/_led_data_array_params_s.c
-- Symlinking: /workspaces/TIAgo_humble/install/pal_device_msgs/local/lib/python3.10/dist-packages/pal_device_msgs/msg/_led_effect_params.py
-- Symlinking: /workspaces/TIAgo_humble/install/pal_device_msgs/local/lib/python3.10/dist-packages/pal_device_msgs/msg/_led_effect_params_s.c
-- Symlinking: /workspaces/TIAgo_humble/install/pal_device_msgs/local/lib/python3.10/dist-packages/pal_device_msgs/msg/_led_effect_via_topic_params.py
-- Symlinking: /workspaces/TIAgo_humble/install/pal_device_msgs/local/lib/python3.10/dist-packages/pal_device_msgs/msg/_led_effect_via_topic_params_s.c
-- Symlinking: /workspaces/TIAgo_humble/install/pal_device_msgs/local/lib/python3.10/dist-packages/pal_device_msgs/msg/_led_fade_params.py
-- Symlinking: /workspaces/TIAgo_humble/install/pal_device_msgs/local/lib/python3.10/dist-packages/pal_device_msgs/msg/_led_fade_params_s.c
-- Symlinking: /workspaces/TIAgo_humble/install/pal_device_msgs/local/lib/python3.10/dist-packages/pal_device_msgs/msg/_led_fixed_color_params.py
-- Symlinking: /workspaces/TIAgo_humble/install/pal_device_msgs/local/lib/python3.10/dist-packages/pal_device_msgs/msg/_led_fixed_color_params_s.c
-- Symlinking: /workspaces/TIAgo_humble/install/pal_device_msgs/local/lib/python3.10/dist-packages/pal_device_msgs/msg/_led_flow_params.py
-- Symlinking: /workspaces/TIAgo_humble/install/pal_device_msgs/local/lib/python3.10/dist-packages/pal_device_msgs/msg/_led_flow_params_s.c
-- Symlinking: /workspaces/TIAgo_humble/install/pal_device_msgs/local/lib/python3.10/dist-packages/pal_device_msgs/msg/_led_group.py
-- Symlinking: /workspaces/TIAgo_humble/install/pal_device_msgs/local/lib/python3.10/dist-packages/pal_device_msgs/msg/_led_group_s.c
-- Symlinking: /workspaces/TIAgo_humble/install/pal_device_msgs/local/lib/python3.10/dist-packages/pal_device_msgs/msg/_led_pre_programmed_params.py
-- Symlinking: /workspaces/TIAgo_humble/install/pal_device_msgs/local/lib/python3.10/dist-packages/pal_device_msgs/msg/_led_pre_programmed_params_s.c
-- Symlinking: /workspaces/TIAgo_humble/install/pal_device_msgs/local/lib/python3.10/dist-packages/pal_device_msgs/msg/_led_progress_params.py
-- Symlinking: /workspaces/TIAgo_humble/install/pal_device_msgs/local/lib/python3.10/dist-packages/pal_device_msgs/msg/_led_progress_params_s.c
-- Symlinking: /workspaces/TIAgo_humble/install/pal_device_msgs/local/lib/python3.10/dist-packages/pal_device_msgs/msg/_led_rainbow_params.py
-- Symlinking: /workspaces/TIAgo_humble/install/pal_device_msgs/local/lib/python3.10/dist-packages/pal_device_msgs/msg/_led_rainbow_params_s.c
-- Symlinking: /workspaces/TIAgo_humble/install/pal_device_msgs/local/lib/python3.10/dist-packages/pal_device_msgs/pal_device_msgs_s__rosidl_typesupport_c.cpython-310-x86_64-linux-gnu.so
-- Symlinking: /workspaces/TIAgo_humble/install/pal_device_msgs/local/lib/python3.10/dist-packages/pal_device_msgs/pal_device_msgs_s__rosidl_typesupport_fastrtps_c.cpython-310-x86_64-linux-gnu.so
-- Symlinking: /workspaces/TIAgo_humble/install/pal_device_msgs/local/lib/python3.10/dist-packages/pal_device_msgs/pal_device_msgs_s__rosidl_typesupport_introspection_c.cpython-310-x86_64-linux-gnu.so
-- Symlinking: /workspaces/TIAgo_humble/install/pal_device_msgs/local/lib/python3.10/dist-packages/pal_device_msgs/srv/__init__.py
-- Symlinking: /workspaces/TIAgo_humble/install/pal_device_msgs/local/lib/python3.10/dist-packages/pal_device_msgs/srv/_cancel_effect.py
-- Symlinking: /workspaces/TIAgo_humble/install/pal_device_msgs/local/lib/python3.10/dist-packages/pal_device_msgs/srv/_cancel_effect_s.c
-- Symlinking: /workspaces/TIAgo_humble/install/pal_device_msgs/local/lib/python3.10/dist-packages/pal_device_msgs/srv/_shutdown_and_wake_up_robot.py
-- Symlinking: /workspaces/TIAgo_humble/install/pal_device_msgs/local/lib/python3.10/dist-packages/pal_device_msgs/srv/_shutdown_and_wake_up_robot_s.c
-- Symlinking: /workspaces/TIAgo_humble/install/pal_device_msgs/local/lib/python3.10/dist-packages/pal_device_msgs/srv/_timed_blink_effect.py
-- Symlinking: /workspaces/TIAgo_humble/install/pal_device_msgs/local/lib/python3.10/dist-packages/pal_device_msgs/srv/_timed_blink_effect_s.c
-- Symlinking: /workspaces/TIAgo_humble/install/pal_device_msgs/local/lib/python3.10/dist-packages/pal_device_msgs/srv/_timed_colour_effect.py
-- Symlinking: /workspaces/TIAgo_humble/install/pal_device_msgs/local/lib/python3.10/dist-packages/pal_device_msgs/srv/_timed_colour_effect_s.c
-- Symlinking: /workspaces/TIAgo_humble/install/pal_device_msgs/local/lib/python3.10/dist-packages/pal_device_msgs/srv/_timed_fade_effect.py
-- Symlinking: /workspaces/TIAgo_humble/install/pal_device_msgs/local/lib/python3.10/dist-packages/pal_device_msgs/srv/_timed_fade_effect_s.c
-- Up-to-date symlink: /workspaces/TIAgo_humble/install/pal_device_msgs/local/lib/python3.10/dist-packages/pal_device_msgs/pal_device_msgs_s__rosidl_typesupport_fastrtps_c.cpython-310-x86_64-linux-gnu.so
-- Up-to-date symlink: /workspaces/TIAgo_humble/install/pal_device_msgs/local/lib/python3.10/dist-packages/pal_device_msgs/pal_device_msgs_s__rosidl_typesupport_introspection_c.cpython-310-x86_64-linux-gnu.so
-- Up-to-date symlink: /workspaces/TIAgo_humble/install/pal_device_msgs/local/lib/python3.10/dist-packages/pal_device_msgs/pal_device_msgs_s__rosidl_typesupport_c.cpython-310-x86_64-linux-gnu.so
-- Symlinking: /workspaces/TIAgo_humble/install/pal_device_msgs/share/ament_index/resource_index/rust_packages/pal_device_msgs
-- Symlinking: /workspaces/TIAgo_humble/install/pal_device_msgs/share/pal_device_msgs/rust/Cargo.toml
-- Symlinking: /workspaces/TIAgo_humble/install/pal_device_msgs/share/pal_device_msgs/rust/build.rs
-- Symlinking: /workspaces/TIAgo_humble/install/pal_device_msgs/share/pal_device_msgs/rust/src/action.rs
-- Symlinking: /workspaces/TIAgo_humble/install/pal_device_msgs/share/pal_device_msgs/rust/src/action/rmw.rs
-- Symlinking: /workspaces/TIAgo_humble/install/pal_device_msgs/share/pal_device_msgs/rust/src/lib.rs
-- Symlinking: /workspaces/TIAgo_humble/install/pal_device_msgs/share/pal_device_msgs/rust/src/msg.rs
-- Symlinking: /workspaces/TIAgo_humble/install/pal_device_msgs/share/pal_device_msgs/rust/src/msg/rmw.rs
-- Symlinking: /workspaces/TIAgo_humble/install/pal_device_msgs/share/pal_device_msgs/rust/src/srv.rs
-- Symlinking: /workspaces/TIAgo_humble/install/pal_device_msgs/share/pal_device_msgs/rust/src/srv/rmw.rs
-- Symlinking: /workspaces/TIAgo_humble/install/pal_device_msgs/share/pal_device_msgs/action/DoTimedLedEffect.idl
-- Symlinking: /workspaces/TIAgo_humble/install/pal_device_msgs/share/pal_device_msgs/msg/BatteryState.idl
-- Symlinking: /workspaces/TIAgo_humble/install/pal_device_msgs/share/pal_device_msgs/msg/Bumper.idl
-- Symlinking: /workspaces/TIAgo_humble/install/pal_device_msgs/share/pal_device_msgs/msg/LedGroup.idl
-- Symlinking: /workspaces/TIAgo_humble/install/pal_device_msgs/share/pal_device_msgs/msg/LedEffectParams.idl
-- Symlinking: /workspaces/TIAgo_humble/install/pal_device_msgs/share/pal_device_msgs/msg/LedFixedColorParams.idl
-- Symlinking: /workspaces/TIAgo_humble/install/pal_device_msgs/share/pal_device_msgs/msg/LedRainbowParams.idl
-- Symlinking: /workspaces/TIAgo_humble/install/pal_device_msgs/share/pal_device_msgs/msg/LedFadeParams.idl
-- Symlinking: /workspaces/TIAgo_humble/install/pal_device_msgs/share/pal_device_msgs/msg/LedBlinkParams.idl
-- Symlinking: /workspaces/TIAgo_humble/install/pal_device_msgs/share/pal_device_msgs/msg/LedProgressParams.idl
-- Symlinking: /workspaces/TIAgo_humble/install/pal_device_msgs/share/pal_device_msgs/msg/LedFlowParams.idl
-- Symlinking: /workspaces/TIAgo_humble/install/pal_device_msgs/share/pal_device_msgs/msg/LedDataArrayParams.idl
-- Symlinking: /workspaces/TIAgo_humble/install/pal_device_msgs/share/pal_device_msgs/msg/LedEffectViaTopicParams.idl
-- Symlinking: /workspaces/TIAgo_humble/install/pal_device_msgs/share/pal_device_msgs/msg/LedPreProgrammedParams.idl
-- Symlinking: /workspaces/TIAgo_humble/install/pal_device_msgs/share/pal_device_msgs/srv/CancelEffect.idl
-- Symlinking: /workspaces/TIAgo_humble/install/pal_device_msgs/share/pal_device_msgs/srv/ShutdownAndWakeUpRobot.idl
-- Symlinking: /workspaces/TIAgo_humble/install/pal_device_msgs/share/pal_device_msgs/srv/TimedBlinkEffect.idl
-- Symlinking: /workspaces/TIAgo_humble/install/pal_device_msgs/share/pal_device_msgs/srv/TimedColourEffect.idl
-- Symlinking: /workspaces/TIAgo_humble/install/pal_device_msgs/share/pal_device_msgs/srv/TimedFadeEffect.idl
-- Symlinking: /workspaces/TIAgo_humble/install/pal_device_msgs/share/pal_device_msgs/action/DoTimedLedEffect.action
-- Symlinking: /workspaces/TIAgo_humble/install/pal_device_msgs/share/pal_device_msgs/msg/BatteryState.msg
-- Symlinking: /workspaces/TIAgo_humble/install/pal_device_msgs/share/pal_device_msgs/msg/Bumper.msg
-- Symlinking: /workspaces/TIAgo_humble/install/pal_device_msgs/share/pal_device_msgs/msg/LedGroup.msg
-- Symlinking: /workspaces/TIAgo_humble/install/pal_device_msgs/share/pal_device_msgs/msg/LedEffectParams.msg
-- Symlinking: /workspaces/TIAgo_humble/install/pal_device_msgs/share/pal_device_msgs/msg/LedFixedColorParams.msg
-- Symlinking: /workspaces/TIAgo_humble/install/pal_device_msgs/share/pal_device_msgs/msg/LedRainbowParams.msg
-- Symlinking: /workspaces/TIAgo_humble/install/pal_device_msgs/share/pal_device_msgs/msg/LedFadeParams.msg
-- Symlinking: /workspaces/TIAgo_humble/install/pal_device_msgs/share/pal_device_msgs/msg/LedBlinkParams.msg
-- Symlinking: /workspaces/TIAgo_humble/install/pal_device_msgs/share/pal_device_msgs/msg/LedProgressParams.msg
-- Symlinking: /workspaces/TIAgo_humble/install/pal_device_msgs/share/pal_device_msgs/msg/LedFlowParams.msg
-- Symlinking: /workspaces/TIAgo_humble/install/pal_device_msgs/share/pal_device_msgs/msg/LedDataArrayParams.msg
-- Symlinking: /workspaces/TIAgo_humble/install/pal_device_msgs/share/pal_device_msgs/msg/LedEffectViaTopicParams.msg
-- Symlinking: /workspaces/TIAgo_humble/install/pal_device_msgs/share/pal_device_msgs/msg/LedPreProgrammedParams.msg
-- Symlinking: /workspaces/TIAgo_humble/install/pal_device_msgs/share/pal_device_msgs/srv/CancelEffect.srv
-- Symlinking: /workspaces/TIAgo_humble/install/pal_device_msgs/share/pal_device_msgs/srv/CancelEffect_Request.msg
-- Symlinking: /workspaces/TIAgo_humble/install/pal_device_msgs/share/pal_device_msgs/srv/CancelEffect_Response.msg
-- Symlinking: /workspaces/TIAgo_humble/install/pal_device_msgs/share/pal_device_msgs/srv/ShutdownAndWakeUpRobot.srv
-- Symlinking: /workspaces/TIAgo_humble/install/pal_device_msgs/share/pal_device_msgs/srv/ShutdownAndWakeUpRobot_Request.msg
-- Symlinking: /workspaces/TIAgo_humble/install/pal_device_msgs/share/pal_device_msgs/srv/ShutdownAndWakeUpRobot_Response.msg
-- Symlinking: /workspaces/TIAgo_humble/install/pal_device_msgs/share/pal_device_msgs/srv/TimedBlinkEffect.srv
-- Symlinking: /workspaces/TIAgo_humble/install/pal_device_msgs/share/pal_device_msgs/srv/TimedBlinkEffect_Request.msg
-- Symlinking: /workspaces/TIAgo_humble/install/pal_device_msgs/share/pal_device_msgs/srv/TimedBlinkEffect_Response.msg
-- Symlinking: /workspaces/TIAgo_humble/install/pal_device_msgs/share/pal_device_msgs/srv/TimedColourEffect.srv
-- Symlinking: /workspaces/TIAgo_humble/install/pal_device_msgs/share/pal_device_msgs/srv/TimedColourEffect_Request.msg
-- Symlinking: /workspaces/TIAgo_humble/install/pal_device_msgs/share/pal_device_msgs/srv/TimedColourEffect_Response.msg
-- Symlinking: /workspaces/TIAgo_humble/install/pal_device_msgs/share/pal_device_msgs/srv/TimedFadeEffect.srv
-- Symlinking: /workspaces/TIAgo_humble/install/pal_device_msgs/share/pal_device_msgs/srv/TimedFadeEffect_Request.msg
-- Symlinking: /workspaces/TIAgo_humble/install/pal_device_msgs/share/pal_device_msgs/srv/TimedFadeEffect_Response.msg
-- Symlinking: /workspaces/TIAgo_humble/install/pal_device_msgs/share/ament_index/resource_index/package_run_dependencies/pal_device_msgs
-- Symlinking: /workspaces/TIAgo_humble/install/pal_device_msgs/share/ament_index/resource_index/parent_prefix_path/pal_device_msgs
-- Symlinking: /workspaces/TIAgo_humble/install/pal_device_msgs/share/pal_device_msgs/environment/ament_prefix_path.sh
-- Symlinking: /workspaces/TIAgo_humble/install/pal_device_msgs/share/pal_device_msgs/environment/ament_prefix_path.dsv
-- Symlinking: /workspaces/TIAgo_humble/install/pal_device_msgs/share/pal_device_msgs/environment/path.sh
-- Symlinking: /workspaces/TIAgo_humble/install/pal_device_msgs/share/pal_device_msgs/environment/path.dsv
-- Symlinking: /workspaces/TIAgo_humble/install/pal_device_msgs/share/pal_device_msgs/local_setup.bash
-- Symlinking: /workspaces/TIAgo_humble/install/pal_device_msgs/share/pal_device_msgs/local_setup.sh
-- Symlinking: /workspaces/TIAgo_humble/install/pal_device_msgs/share/pal_device_msgs/local_setup.zsh
-- Symlinking: /workspaces/TIAgo_humble/install/pal_device_msgs/share/pal_device_msgs/local_setup.dsv
-- Symlinking: /workspaces/TIAgo_humble/install/pal_device_msgs/share/pal_device_msgs/package.dsv
-- Symlinking: /workspaces/TIAgo_humble/install/pal_device_msgs/share/ament_index/resource_index/packages/pal_device_msgs
-- Symlinking: /workspaces/TIAgo_humble/install/pal_device_msgs/share/pal_device_msgs/cmake/rosidl_cmake-extras.cmake
-- Symlinking: /workspaces/TIAgo_humble/install/pal_device_msgs/share/pal_device_msgs/cmake/ament_cmake_export_dependencies-extras.cmake
-- Symlinking: /workspaces/TIAgo_humble/install/pal_device_msgs/share/pal_device_msgs/cmake/ament_cmake_export_include_directories-extras.cmake
-- Symlinking: /workspaces/TIAgo_humble/install/pal_device_msgs/share/pal_device_msgs/cmake/ament_cmake_export_libraries-extras.cmake
-- Symlinking: /workspaces/TIAgo_humble/install/pal_device_msgs/share/pal_device_msgs/cmake/ament_cmake_export_targets-extras.cmake
-- Symlinking: /workspaces/TIAgo_humble/install/pal_device_msgs/share/pal_device_msgs/cmake/rosidl_cmake_export_typesupport_targets-extras.cmake
-- Symlinking: /workspaces/TIAgo_humble/install/pal_device_msgs/share/pal_device_msgs/cmake/rosidl_cmake_export_typesupport_libraries-extras.cmake
-- Symlinking: /workspaces/TIAgo_humble/install/pal_device_msgs/share/pal_device_msgs/cmake/rosidl_cmake_aggregate_target-extras.cmake
-- Symlinking: /workspaces/TIAgo_humble/install/pal_device_msgs/share/pal_device_msgs/cmake/pal_device_msgsConfig.cmake
-- Symlinking: /workspaces/TIAgo_humble/install/pal_device_msgs/share/pal_device_msgs/cmake/pal_device_msgsConfig-version.cmake
-- Symlinking: /workspaces/TIAgo_humble/install/pal_device_msgs/share/pal_device_msgs/package.xml
-- Installing: /workspaces/TIAgo_humble/install/pal_device_msgs/lib/libpal_device_msgs__rosidl_generator_c.so
-- Set runtime path of "/workspaces/TIAgo_humble/install/pal_device_msgs/lib/libpal_device_msgs__rosidl_generator_c.so" to ""
-- Installing: /workspaces/TIAgo_humble/install/pal_device_msgs/lib/libpal_device_msgs__rosidl_typesupport_fastrtps_c.so
-- Set runtime path of "/workspaces/TIAgo_humble/install/pal_device_msgs/lib/libpal_device_msgs__rosidl_typesupport_fastrtps_c.so" to ""
-- Installing: /workspaces/TIAgo_humble/install/pal_device_msgs/lib/libpal_device_msgs__rosidl_typesupport_fastrtps_cpp.so
-- Set runtime path of "/workspaces/TIAgo_humble/install/pal_device_msgs/lib/libpal_device_msgs__rosidl_typesupport_fastrtps_cpp.so" to ""
-- Installing: /workspaces/TIAgo_humble/install/pal_device_msgs/lib/libpal_device_msgs__rosidl_typesupport_introspection_c.so
-- Set runtime path of "/workspaces/TIAgo_humble/install/pal_device_msgs/lib/libpal_device_msgs__rosidl_typesupport_introspection_c.so" to ""
-- Installing: /workspaces/TIAgo_humble/install/pal_device_msgs/lib/libpal_device_msgs__rosidl_typesupport_c.so
-- Set runtime path of "/workspaces/TIAgo_humble/install/pal_device_msgs/lib/libpal_device_msgs__rosidl_typesupport_c.so" to ""
-- Installing: /workspaces/TIAgo_humble/install/pal_device_msgs/lib/libpal_device_msgs__rosidl_typesupport_introspection_cpp.so
-- Set runtime path of "/workspaces/TIAgo_humble/install/pal_device_msgs/lib/libpal_device_msgs__rosidl_typesupport_introspection_cpp.so" to ""
-- Installing: /workspaces/TIAgo_humble/install/pal_device_msgs/lib/libpal_device_msgs__rosidl_typesupport_cpp.so
-- Set runtime path of "/workspaces/TIAgo_humble/install/pal_device_msgs/lib/libpal_device_msgs__rosidl_typesupport_cpp.so" to ""
Listing '/workspaces/TIAgo_humble/install/pal_device_msgs/local/lib/python3.10/dist-packages/pal_device_msgs'...
Compiling '/workspaces/TIAgo_humble/install/pal_device_msgs/local/lib/python3.10/dist-packages/pal_device_msgs/__init__.py'...
Listing '/workspaces/TIAgo_humble/install/pal_device_msgs/local/lib/python3.10/dist-packages/pal_device_msgs/action'...
Compiling '/workspaces/TIAgo_humble/install/pal_device_msgs/local/lib/python3.10/dist-packages/pal_device_msgs/action/__init__.py'...
Compiling '/workspaces/TIAgo_humble/install/pal_device_msgs/local/lib/python3.10/dist-packages/pal_device_msgs/action/_do_timed_led_effect.py'...
Listing '/workspaces/TIAgo_humble/install/pal_device_msgs/local/lib/python3.10/dist-packages/pal_device_msgs/msg'...
Compiling '/workspaces/TIAgo_humble/install/pal_device_msgs/local/lib/python3.10/dist-packages/pal_device_msgs/msg/__init__.py'...
Compiling '/workspaces/TIAgo_humble/install/pal_device_msgs/local/lib/python3.10/dist-packages/pal_device_msgs/msg/_battery_state.py'...
Compiling '/workspaces/TIAgo_humble/install/pal_device_msgs/local/lib/python3.10/dist-packages/pal_device_msgs/msg/_bumper.py'...
Compiling '/workspaces/TIAgo_humble/install/pal_device_msgs/local/lib/python3.10/dist-packages/pal_device_msgs/msg/_led_blink_params.py'...
Compiling '/workspaces/TIAgo_humble/install/pal_device_msgs/local/lib/python3.10/dist-packages/pal_device_msgs/msg/_led_data_array_params.py'...
Compiling '/workspaces/TIAgo_humble/install/pal_device_msgs/local/lib/python3.10/dist-packages/pal_device_msgs/msg/_led_effect_params.py'...
Compiling '/workspaces/TIAgo_humble/install/pal_device_msgs/local/lib/python3.10/dist-packages/pal_device_msgs/msg/_led_effect_via_topic_params.py'...
Compiling '/workspaces/TIAgo_humble/install/pal_device_msgs/local/lib/python3.10/dist-packages/pal_device_msgs/msg/_led_fade_params.py'...
Compiling '/workspaces/TIAgo_humble/install/pal_device_msgs/local/lib/python3.10/dist-packages/pal_device_msgs/msg/_led_fixed_color_params.py'...
Compiling '/workspaces/TIAgo_humble/install/pal_device_msgs/local/lib/python3.10/dist-packages/pal_device_msgs/msg/_led_flow_params.py'...
Compiling '/workspaces/TIAgo_humble/install/pal_device_msgs/local/lib/python3.10/dist-packages/pal_device_msgs/msg/_led_group.py'...
Compiling '/workspaces/TIAgo_humble/install/pal_device_msgs/local/lib/python3.10/dist-packages/pal_device_msgs/msg/_led_pre_programmed_params.py'...
Compiling '/workspaces/TIAgo_humble/install/pal_device_msgs/local/lib/python3.10/dist-packages/pal_device_msgs/msg/_led_progress_params.py'...
Compiling '/workspaces/TIAgo_humble/install/pal_device_msgs/local/lib/python3.10/dist-packages/pal_device_msgs/msg/_led_rainbow_params.py'...
Listing '/workspaces/TIAgo_humble/install/pal_device_msgs/local/lib/python3.10/dist-packages/pal_device_msgs/srv'...
Compiling '/workspaces/TIAgo_humble/install/pal_device_msgs/local/lib/python3.10/dist-packages/pal_device_msgs/srv/__init__.py'...
Compiling '/workspaces/TIAgo_humble/install/pal_device_msgs/local/lib/python3.10/dist-packages/pal_device_msgs/srv/_cancel_effect.py'...
Compiling '/workspaces/TIAgo_humble/install/pal_device_msgs/local/lib/python3.10/dist-packages/pal_device_msgs/srv/_shutdown_and_wake_up_robot.py'...
Compiling '/workspaces/TIAgo_humble/install/pal_device_msgs/local/lib/python3.10/dist-packages/pal_device_msgs/srv/_timed_blink_effect.py'...
Compiling '/workspaces/TIAgo_humble/install/pal_device_msgs/local/lib/python3.10/dist-packages/pal_device_msgs/srv/_timed_colour_effect.py'...
Compiling '/workspaces/TIAgo_humble/install/pal_device_msgs/local/lib/python3.10/dist-packages/pal_device_msgs/srv/_timed_fade_effect.py'...
-- Installing: /workspaces/TIAgo_humble/install/pal_device_msgs/lib/libpal_device_msgs__rosidl_generator_py.so
-- Set runtime path of "/workspaces/TIAgo_humble/install/pal_device_msgs/lib/libpal_device_msgs__rosidl_generator_py.so" to ""
-- Installing: /workspaces/TIAgo_humble/install/pal_device_msgs/share/pal_device_msgs/cmake/export_pal_device_msgs__rosidl_generator_cExport.cmake
-- Installing: /workspaces/TIAgo_humble/install/pal_device_msgs/share/pal_device_msgs/cmake/export_pal_device_msgs__rosidl_generator_cExport-release.cmake
-- Installing: /workspaces/TIAgo_humble/install/pal_device_msgs/share/pal_device_msgs/cmake/export_pal_device_msgs__rosidl_typesupport_fastrtps_cExport.cmake
-- Installing: /workspaces/TIAgo_humble/install/pal_device_msgs/share/pal_device_msgs/cmake/export_pal_device_msgs__rosidl_typesupport_fastrtps_cExport-release.cmake
-- Installing: /workspaces/TIAgo_humble/install/pal_device_msgs/share/pal_device_msgs/cmake/export_pal_device_msgs__rosidl_generator_cppExport.cmake
-- Installing: /workspaces/TIAgo_humble/install/pal_device_msgs/share/pal_device_msgs/cmake/export_pal_device_msgs__rosidl_typesupport_fastrtps_cppExport.cmake
-- Installing: /workspaces/TIAgo_humble/install/pal_device_msgs/share/pal_device_msgs/cmake/export_pal_device_msgs__rosidl_typesupport_fastrtps_cppExport-release.cmake
-- Installing: /workspaces/TIAgo_humble/install/pal_device_msgs/share/pal_device_msgs/cmake/pal_device_msgs__rosidl_typesupport_introspection_cExport.cmake
-- Installing: /workspaces/TIAgo_humble/install/pal_device_msgs/share/pal_device_msgs/cmake/pal_device_msgs__rosidl_typesupport_introspection_cExport-release.cmake
-- Installing: /workspaces/TIAgo_humble/install/pal_device_msgs/share/pal_device_msgs/cmake/pal_device_msgs__rosidl_typesupport_cExport.cmake
-- Installing: /workspaces/TIAgo_humble/install/pal_device_msgs/share/pal_device_msgs/cmake/pal_device_msgs__rosidl_typesupport_cExport-release.cmake
-- Installing: /workspaces/TIAgo_humble/install/pal_device_msgs/share/pal_device_msgs/cmake/pal_device_msgs__rosidl_typesupport_introspection_cppExport.cmake
-- Installing: /workspaces/TIAgo_humble/install/pal_device_msgs/share/pal_device_msgs/cmake/pal_device_msgs__rosidl_typesupport_introspection_cppExport-release.cmake
-- Installing: /workspaces/TIAgo_humble/install/pal_device_msgs/share/pal_device_msgs/cmake/pal_device_msgs__rosidl_typesupport_cppExport.cmake
-- Installing: /workspaces/TIAgo_humble/install/pal_device_msgs/share/pal_device_msgs/cmake/pal_device_msgs__rosidl_typesupport_cppExport-release.cmake
-- Installing: /workspaces/TIAgo_humble/install/pal_device_msgs/share/pal_device_msgs/cmake/export_pal_device_msgs__rosidl_generator_pyExport.cmake
-- Installing: /workspaces/TIAgo_humble/install/pal_device_msgs/share/pal_device_msgs/cmake/export_pal_device_msgs__rosidl_generator_pyExport-release.cmake
