[0.085s] Invoking command in '/workspaces/TIAgo_humble/build/pal_gazebo_worlds': AMENT_PREFIX_PATH=/workspaces/TIAgo_humble/install/launch_pal:${AMENT_PREFIX_PATH} CMAKE_PREFIX_PATH=/opt/ros/humble PYTHONPATH=/workspaces/TIAgo_humble/build/launch_pal:/workspaces/TIAgo_humble/install/launch_pal/lib/python3.10/site-packages:${PYTHONPATH} /usr/bin/cmake /workspaces/TIAgo_humble/ros2_ws/src/pal_gazebo_worlds -DCMAKE_BUILD_TYPE=Release -DAMENT_CMAKE_SYMLINK_INSTALL=1 -DCMAKE_INSTALL_PREFIX=/workspaces/TIAgo_humble/install/pal_gazebo_worlds
[0.148s] -- The C compiler identification is GNU 11.4.0
[0.218s] -- The CXX compiler identification is GNU 11.4.0
[0.226s] -- Detecting C compiler ABI info
[0.303s] -- Detecting C compiler ABI info - done
[0.313s] -- Check for working C compiler: /usr/bin/cc - skipped
[0.313s] -- Detecting C compile features
[0.314s] -- Detecting C compile features - done
[0.319s] -- Detecting CXX compiler ABI info
[0.424s] -- Detecting CXX compiler ABI info - done
[0.436s] -- Check for working CXX compiler: /usr/bin/c++ - skipped
[0.437s] -- Detecting CXX compile features
[0.438s] -- Detecting CXX compile features - done
[0.443s] -- Found ament_cmake_auto: 1.3.14 (/opt/ros/humble/share/ament_cmake_auto/cmake)
[0.627s] -- Found Python3: /usr/bin/python3 (found version "3.10.12") found components: Interpreter 
[0.697s] -- Override CMake install command with custom implementation using symlinks instead of copying resources
[0.760s] -- Found ament_lint_auto: 0.12.15 (/opt/ros/humble/share/ament_lint_auto/cmake)
[0.890s] -- Added test 'copyright' to check source files copyright and LICENSE
[0.953s] -- Added test 'flake8' to check Python code syntax and style conventions
[0.960s] -- Added test 'lint_cmake' to check CMake code style
[0.964s] -- Added test 'pep257' to check Python code against some of the docstring style conventions in PEP 257
[1.004s] -- Added test 'xmllint' to check XML markup files
[1.006s] -- Configuring done
[1.009s] -- Generating done
[1.010s] -- Build files have been written to: /workspaces/TIAgo_humble/build/pal_gazebo_worlds
[1.015s] Invoked command in '/workspaces/TIAgo_humble/build/pal_gazebo_worlds' returned '0': AMENT_PREFIX_PATH=/workspaces/TIAgo_humble/install/launch_pal:${AMENT_PREFIX_PATH} CMAKE_PREFIX_PATH=/opt/ros/humble PYTHONPATH=/workspaces/TIAgo_humble/build/launch_pal:/workspaces/TIAgo_humble/install/launch_pal/lib/python3.10/site-packages:${PYTHONPATH} /usr/bin/cmake /workspaces/TIAgo_humble/ros2_ws/src/pal_gazebo_worlds -DCMAKE_BUILD_TYPE=Release -DAMENT_CMAKE_SYMLINK_INSTALL=1 -DCMAKE_INSTALL_PREFIX=/workspaces/TIAgo_humble/install/pal_gazebo_worlds
[1.016s] Invoking command in '/workspaces/TIAgo_humble/build/pal_gazebo_worlds': AMENT_PREFIX_PATH=/workspaces/TIAgo_humble/install/launch_pal:${AMENT_PREFIX_PATH} CMAKE_PREFIX_PATH=/opt/ros/humble PYTHONPATH=/workspaces/TIAgo_humble/build/launch_pal:/workspaces/TIAgo_humble/install/launch_pal/lib/python3.10/site-packages:${PYTHONPATH} /usr/bin/cmake --build /workspaces/TIAgo_humble/build/pal_gazebo_worlds -- -j24 -l24
[1.062s] Invoked command in '/workspaces/TIAgo_humble/build/pal_gazebo_worlds' returned '0': AMENT_PREFIX_PATH=/workspaces/TIAgo_humble/install/launch_pal:${AMENT_PREFIX_PATH} CMAKE_PREFIX_PATH=/opt/ros/humble PYTHONPATH=/workspaces/TIAgo_humble/build/launch_pal:/workspaces/TIAgo_humble/install/launch_pal/lib/python3.10/site-packages:${PYTHONPATH} /usr/bin/cmake --build /workspaces/TIAgo_humble/build/pal_gazebo_worlds -- -j24 -l24
[1.064s] Invoking command in '/workspaces/TIAgo_humble/build/pal_gazebo_worlds': AMENT_PREFIX_PATH=/workspaces/TIAgo_humble/install/launch_pal:${AMENT_PREFIX_PATH} CMAKE_PREFIX_PATH=/opt/ros/humble PYTHONPATH=/workspaces/TIAgo_humble/build/launch_pal:/workspaces/TIAgo_humble/install/launch_pal/lib/python3.10/site-packages:${PYTHONPATH} /usr/bin/cmake --install /workspaces/TIAgo_humble/build/pal_gazebo_worlds
[1.074s] -- Install configuration: "Release"
[1.074s] -- Execute custom install script
[1.075s] -- Symlinking: /workspaces/TIAgo_humble/install/pal_gazebo_worlds/share/pal_gazebo_worlds/environment/pal_gazebo_worlds.sh
[1.085s] -- Symlinking: /workspaces/TIAgo_humble/install/pal_gazebo_worlds/share/pal_gazebo_worlds/launch/pal_gazebo.launch.py
[1.100s] -- Symlinking: /workspaces/TIAgo_humble/install/pal_gazebo_worlds/share/pal_gazebo_worlds/models/apriltag_0/materials/scripts/apriltag_0.material
[1.109s] -- Symlinking: /workspaces/TIAgo_humble/install/pal_gazebo_worlds/share/pal_gazebo_worlds/models/apriltag_0/materials/textures/tag41_12_00000.png
[1.119s] -- Symlinking: /workspaces/TIAgo_humble/install/pal_gazebo_worlds/share/pal_gazebo_worlds/models/apriltag_0/model.config
[1.129s] -- Symlinking: /workspaces/TIAgo_humble/install/pal_gazebo_worlds/share/pal_gazebo_worlds/models/apriltag_0/model.sdf
[1.139s] -- Symlinking: /workspaces/TIAgo_humble/install/pal_gazebo_worlds/share/pal_gazebo_worlds/models/apriltag_20/materials/scripts/apriltag_20.material
[1.148s] -- Symlinking: /workspaces/TIAgo_humble/install/pal_gazebo_worlds/share/pal_gazebo_worlds/models/apriltag_20/materials/textures/tag41_12_00020.png
[1.158s] -- Symlinking: /workspaces/TIAgo_humble/install/pal_gazebo_worlds/share/pal_gazebo_worlds/models/apriltag_20/model.config
[1.171s] -- Symlinking: /workspaces/TIAgo_humble/install/pal_gazebo_worlds/share/pal_gazebo_worlds/models/apriltag_20/model.sdf
[1.183s] -- Symlinking: /workspaces/TIAgo_humble/install/pal_gazebo_worlds/share/pal_gazebo_worlds/models/arm_chair/arm_chair.sdf
[1.197s] -- Symlinking: /workspaces/TIAgo_humble/install/pal_gazebo_worlds/share/pal_gazebo_worlds/models/arm_chair/meshes/arm_chair.stl
[1.205s] -- Symlinking: /workspaces/TIAgo_humble/install/pal_gazebo_worlds/share/pal_gazebo_worlds/models/arm_chair/model.config
[1.220s] -- Symlinking: /workspaces/TIAgo_humble/install/pal_gazebo_worlds/share/pal_gazebo_worlds/models/aruco_board/aruco_board.sdf
[1.234s] -- Symlinking: /workspaces/TIAgo_humble/install/pal_gazebo_worlds/share/pal_gazebo_worlds/models/aruco_board/material/scripts/aruco_board.material
[1.250s] -- Symlinking: /workspaces/TIAgo_humble/install/pal_gazebo_worlds/share/pal_gazebo_worlds/models/aruco_board/material/textures/aruco_board.png
[1.257s] -- Symlinking: /workspaces/TIAgo_humble/install/pal_gazebo_worlds/share/pal_gazebo_worlds/models/aruco_board/model.config
[1.268s] -- Symlinking: /workspaces/TIAgo_humble/install/pal_gazebo_worlds/share/pal_gazebo_worlds/models/aruco_cube/aruco_cube.sdf
[1.277s] -- Symlinking: /workspaces/TIAgo_humble/install/pal_gazebo_worlds/share/pal_gazebo_worlds/models/aruco_cube/meshes/aruco_cube_5cm.dae
[1.286s] -- Symlinking: /workspaces/TIAgo_humble/install/pal_gazebo_worlds/share/pal_gazebo_worlds/models/aruco_cube/meshes/aruco_cube_6cm.dae
[1.302s] -- Symlinking: /workspaces/TIAgo_humble/install/pal_gazebo_worlds/share/pal_gazebo_worlds/models/aruco_cube/meshes/aruco_cube_8cm.dae
[1.325s] -- Symlinking: /workspaces/TIAgo_humble/install/pal_gazebo_worlds/share/pal_gazebo_worlds/models/aruco_cube/meshes/marker582.png
[1.335s] -- Symlinking: /workspaces/TIAgo_humble/install/pal_gazebo_worlds/share/pal_gazebo_worlds/models/aruco_cube/meshes/marker582_small_margin.png
[1.360s] -- Symlinking: /workspaces/TIAgo_humble/install/pal_gazebo_worlds/share/pal_gazebo_worlds/models/aruco_cube/model.config
[1.369s] -- Symlinking: /workspaces/TIAgo_humble/install/pal_gazebo_worlds/share/pal_gazebo_worlds/models/aruco_marker_0/materials/scripts/aruco_marker_0.material
[1.380s] -- Symlinking: /workspaces/TIAgo_humble/install/pal_gazebo_worlds/share/pal_gazebo_worlds/models/aruco_marker_0/materials/textures/aruco_marker_0.png
[1.389s] -- Symlinking: /workspaces/TIAgo_humble/install/pal_gazebo_worlds/share/pal_gazebo_worlds/models/aruco_marker_0/model.config
[1.399s] -- Symlinking: /workspaces/TIAgo_humble/install/pal_gazebo_worlds/share/pal_gazebo_worlds/models/aruco_marker_0/model.sdf
[1.411s] -- Symlinking: /workspaces/TIAgo_humble/install/pal_gazebo_worlds/share/pal_gazebo_worlds/models/aruco_marker_20/materials/scripts/aruco_marker_20.material
[1.417s] -- Symlinking: /workspaces/TIAgo_humble/install/pal_gazebo_worlds/share/pal_gazebo_worlds/models/aruco_marker_20/materials/textures/aruco_marker_20.png
[1.425s] -- Symlinking: /workspaces/TIAgo_humble/install/pal_gazebo_worlds/share/pal_gazebo_worlds/models/aruco_marker_20/model.config
[1.436s] -- Symlinking: /workspaces/TIAgo_humble/install/pal_gazebo_worlds/share/pal_gazebo_worlds/models/aruco_marker_20/model.sdf
[1.445s] -- Symlinking: /workspaces/TIAgo_humble/install/pal_gazebo_worlds/share/pal_gazebo_worlds/models/aruco_marker_250_6x6_1/aruco_marker_250_6x6.sdf
[1.473s] -- Symlinking: /workspaces/TIAgo_humble/install/pal_gazebo_worlds/share/pal_gazebo_worlds/models/aruco_marker_250_6x6_1/material/scripts/aruco_marker_250_6x6.material
[1.486s] -- Symlinking: /workspaces/TIAgo_humble/install/pal_gazebo_worlds/share/pal_gazebo_worlds/models/aruco_marker_250_6x6_1/material/textures/Aruco_6x6_250_0.png
[1.503s] -- Symlinking: /workspaces/TIAgo_humble/install/pal_gazebo_worlds/share/pal_gazebo_worlds/models/aruco_marker_250_6x6_1/model.config
[1.514s] -- Symlinking: /workspaces/TIAgo_humble/install/pal_gazebo_worlds/share/pal_gazebo_worlds/models/aruco_marker_250_6x6_2/aruco_marker_250_6x6.sdf
[1.554s] -- Symlinking: /workspaces/TIAgo_humble/install/pal_gazebo_worlds/share/pal_gazebo_worlds/models/aruco_marker_250_6x6_2/material/scripts/aruco_marker_250_6x6.material
[1.555s] -- Symlinking: /workspaces/TIAgo_humble/install/pal_gazebo_worlds/share/pal_gazebo_worlds/models/aruco_marker_250_6x6_2/material/textures/Aruco_6x6_250_1.png
[1.565s] -- Symlinking: /workspaces/TIAgo_humble/install/pal_gazebo_worlds/share/pal_gazebo_worlds/models/aruco_marker_250_6x6_2/model.config
[1.584s] -- Symlinking: /workspaces/TIAgo_humble/install/pal_gazebo_worlds/share/pal_gazebo_worlds/models/aruco_marker_250_6x6_3/aruco_marker_250_6x6.sdf
[1.601s] -- Symlinking: /workspaces/TIAgo_humble/install/pal_gazebo_worlds/share/pal_gazebo_worlds/models/aruco_marker_250_6x6_3/material/scripts/aruco_marker_250_6x6.material
[1.619s] -- Symlinking: /workspaces/TIAgo_humble/install/pal_gazebo_worlds/share/pal_gazebo_worlds/models/aruco_marker_250_6x6_3/material/textures/Aruco_6x6_250_2.png
[1.630s] -- Symlinking: /workspaces/TIAgo_humble/install/pal_gazebo_worlds/share/pal_gazebo_worlds/models/aruco_marker_250_6x6_3/model.config
[1.649s] -- Symlinking: /workspaces/TIAgo_humble/install/pal_gazebo_worlds/share/pal_gazebo_worlds/models/aruco_marker_250_6x6_4/aruco_marker_250_6x6.sdf
[1.658s] -- Symlinking: /workspaces/TIAgo_humble/install/pal_gazebo_worlds/share/pal_gazebo_worlds/models/aruco_marker_250_6x6_4/material/scripts/aruco_marker_250_6x6.material
[1.668s] -- Symlinking: /workspaces/TIAgo_humble/install/pal_gazebo_worlds/share/pal_gazebo_worlds/models/aruco_marker_250_6x6_4/material/textures/Aruco_6x6_250_3.png
[1.678s] -- Symlinking: /workspaces/TIAgo_humble/install/pal_gazebo_worlds/share/pal_gazebo_worlds/models/aruco_marker_250_6x6_4/model.config
[1.700s] -- Symlinking: /workspaces/TIAgo_humble/install/pal_gazebo_worlds/share/pal_gazebo_worlds/models/aruco_marker_6cm_238/aruco_marker_6cm.sdf
[1.713s] -- Symlinking: /workspaces/TIAgo_humble/install/pal_gazebo_worlds/share/pal_gazebo_worlds/models/aruco_marker_6cm_238/material/scripts/aruco_marker_original.material
[1.730s] -- Symlinking: /workspaces/TIAgo_humble/install/pal_gazebo_worlds/share/pal_gazebo_worlds/models/aruco_marker_6cm_238/material/textures/Aruco_6cm_238.png
[1.749s] -- Symlinking: /workspaces/TIAgo_humble/install/pal_gazebo_worlds/share/pal_gazebo_worlds/models/aruco_marker_6cm_238/model.config
[1.763s] -- Symlinking: /workspaces/TIAgo_humble/install/pal_gazebo_worlds/share/pal_gazebo_worlds/models/aruco_marker_6cm_26/aruco_marker_6cm.sdf
[1.776s] -- Symlinking: /workspaces/TIAgo_humble/install/pal_gazebo_worlds/share/pal_gazebo_worlds/models/aruco_marker_6cm_26/material/scripts/aruco_marker_original.material
[1.788s] -- Symlinking: /workspaces/TIAgo_humble/install/pal_gazebo_worlds/share/pal_gazebo_worlds/models/aruco_marker_6cm_26/material/textures/Aruco_6cm_26.png
[1.804s] -- Symlinking: /workspaces/TIAgo_humble/install/pal_gazebo_worlds/share/pal_gazebo_worlds/models/aruco_marker_6cm_26/model.config
[1.813s] -- Symlinking: /workspaces/TIAgo_humble/install/pal_gazebo_worlds/share/pal_gazebo_worlds/models/aruco_marker_6cm_582/aruco_marker_6cm.sdf
[1.829s] -- Symlinking: /workspaces/TIAgo_humble/install/pal_gazebo_worlds/share/pal_gazebo_worlds/models/aruco_marker_6cm_582/material/scripts/aruco_marker_original.material
[1.839s] -- Symlinking: /workspaces/TIAgo_humble/install/pal_gazebo_worlds/share/pal_gazebo_worlds/models/aruco_marker_6cm_582/material/textures/Aruco_6cm_582.png
[1.855s] -- Symlinking: /workspaces/TIAgo_humble/install/pal_gazebo_worlds/share/pal_gazebo_worlds/models/aruco_marker_6cm_582/model.config
[1.878s] -- Symlinking: /workspaces/TIAgo_humble/install/pal_gazebo_worlds/share/pal_gazebo_worlds/models/aruco_marker_6cm_63/aruco_marker_6cm.sdf
[1.894s] -- Symlinking: /workspaces/TIAgo_humble/install/pal_gazebo_worlds/share/pal_gazebo_worlds/models/aruco_marker_6cm_63/material/scripts/aruco_marker_original.material
[1.908s] -- Symlinking: /workspaces/TIAgo_humble/install/pal_gazebo_worlds/share/pal_gazebo_worlds/models/aruco_marker_6cm_63/material/textures/Aruco_6cm_63.png
[1.936s] -- Symlinking: /workspaces/TIAgo_humble/install/pal_gazebo_worlds/share/pal_gazebo_worlds/models/aruco_marker_6cm_63/model.config
[1.948s] -- Symlinking: /workspaces/TIAgo_humble/install/pal_gazebo_worlds/share/pal_gazebo_worlds/models/aruco_marker_9cm_238/aruco_marker_9cm.sdf
[1.968s] -- Symlinking: /workspaces/TIAgo_humble/install/pal_gazebo_worlds/share/pal_gazebo_worlds/models/aruco_marker_9cm_238/material/scripts/aruco_marker_original.material
[1.978s] -- Symlinking: /workspaces/TIAgo_humble/install/pal_gazebo_worlds/share/pal_gazebo_worlds/models/aruco_marker_9cm_238/material/textures/Aruco_9cm_238.png
[1.998s] -- Symlinking: /workspaces/TIAgo_humble/install/pal_gazebo_worlds/share/pal_gazebo_worlds/models/aruco_marker_9cm_238/model.config
[2.021s] -- Symlinking: /workspaces/TIAgo_humble/install/pal_gazebo_worlds/share/pal_gazebo_worlds/models/aruco_marker_9cm_26/aruco_marker_9cm.sdf
[2.045s] -- Symlinking: /workspaces/TIAgo_humble/install/pal_gazebo_worlds/share/pal_gazebo_worlds/models/aruco_marker_9cm_26/material/scripts/aruco_marker_original.material
[2.064s] -- Symlinking: /workspaces/TIAgo_humble/install/pal_gazebo_worlds/share/pal_gazebo_worlds/models/aruco_marker_9cm_26/material/textures/Aruco_9cm_26.png
[2.093s] -- Symlinking: /workspaces/TIAgo_humble/install/pal_gazebo_worlds/share/pal_gazebo_worlds/models/aruco_marker_9cm_26/model.config
[2.115s] -- Symlinking: /workspaces/TIAgo_humble/install/pal_gazebo_worlds/share/pal_gazebo_worlds/models/aruco_marker_9cm_582/aruco_marker_9cm.sdf
[2.141s] -- Symlinking: /workspaces/TIAgo_humble/install/pal_gazebo_worlds/share/pal_gazebo_worlds/models/aruco_marker_9cm_582/material/scripts/aruco_marker_original.material
[2.152s] -- Symlinking: /workspaces/TIAgo_humble/install/pal_gazebo_worlds/share/pal_gazebo_worlds/models/aruco_marker_9cm_582/material/textures/Aruco_9cm_582.png
[2.168s] -- Symlinking: /workspaces/TIAgo_humble/install/pal_gazebo_worlds/share/pal_gazebo_worlds/models/aruco_marker_9cm_582/model.config
[2.183s] -- Symlinking: /workspaces/TIAgo_humble/install/pal_gazebo_worlds/share/pal_gazebo_worlds/models/aruco_marker_9cm_63/aruco_marker_9cm.sdf
[2.201s] -- Symlinking: /workspaces/TIAgo_humble/install/pal_gazebo_worlds/share/pal_gazebo_worlds/models/aruco_marker_9cm_63/material/scripts/aruco_marker_original.material
[2.217s] -- Symlinking: /workspaces/TIAgo_humble/install/pal_gazebo_worlds/share/pal_gazebo_worlds/models/aruco_marker_9cm_63/material/textures/Aruco_9cm_63.png
[2.229s] -- Symlinking: /workspaces/TIAgo_humble/install/pal_gazebo_worlds/share/pal_gazebo_worlds/models/aruco_marker_9cm_63/model.config
[2.246s] -- Symlinking: /workspaces/TIAgo_humble/install/pal_gazebo_worlds/share/pal_gazebo_worlds/models/aruco_marker_original_238/aruco_marker_original.sdf
[2.268s] -- Symlinking: /workspaces/TIAgo_humble/install/pal_gazebo_worlds/share/pal_gazebo_worlds/models/aruco_marker_original_238/material/scripts/aruco_marker_original.material
[2.297s] -- Symlinking: /workspaces/TIAgo_humble/install/pal_gazebo_worlds/share/pal_gazebo_worlds/models/aruco_marker_original_238/material/textures/Aruco_original_238.png
[2.313s] -- Symlinking: /workspaces/TIAgo_humble/install/pal_gazebo_worlds/share/pal_gazebo_worlds/models/aruco_marker_original_238/model.config
[2.329s] -- Symlinking: /workspaces/TIAgo_humble/install/pal_gazebo_worlds/share/pal_gazebo_worlds/models/aruco_marker_original_26/aruco_marker_original.sdf
[2.345s] -- Symlinking: /workspaces/TIAgo_humble/install/pal_gazebo_worlds/share/pal_gazebo_worlds/models/aruco_marker_original_26/material/scripts/aruco_marker_original.material
[2.361s] -- Symlinking: /workspaces/TIAgo_humble/install/pal_gazebo_worlds/share/pal_gazebo_worlds/models/aruco_marker_original_26/material/textures/Aruco_original_26.png
[2.392s] -- Symlinking: /workspaces/TIAgo_humble/install/pal_gazebo_worlds/share/pal_gazebo_worlds/models/aruco_marker_original_26/model.config
[2.395s] -- Symlinking: /workspaces/TIAgo_humble/install/pal_gazebo_worlds/share/pal_gazebo_worlds/models/aruco_marker_original_582/aruco_marker_original.sdf
[2.412s] -- Symlinking: /workspaces/TIAgo_humble/install/pal_gazebo_worlds/share/pal_gazebo_worlds/models/aruco_marker_original_582/material/scripts/aruco_marker_original.material
[2.434s] -- Symlinking: /workspaces/TIAgo_humble/install/pal_gazebo_worlds/share/pal_gazebo_worlds/models/aruco_marker_original_582/material/textures/Aruco_original_582.png
[2.437s] -- Symlinking: /workspaces/TIAgo_humble/install/pal_gazebo_worlds/share/pal_gazebo_worlds/models/aruco_marker_original_582/model.config
[2.458s] -- Symlinking: /workspaces/TIAgo_humble/install/pal_gazebo_worlds/share/pal_gazebo_worlds/models/aruco_marker_original_63/aruco_marker_original.sdf
[2.491s] -- Symlinking: /workspaces/TIAgo_humble/install/pal_gazebo_worlds/share/pal_gazebo_worlds/models/aruco_marker_original_63/material/scripts/aruco_marker_original.material
[2.491s] -- Symlinking: /workspaces/TIAgo_humble/install/pal_gazebo_worlds/share/pal_gazebo_worlds/models/aruco_marker_original_63/material/textures/Aruco_original_63.png
[2.498s] -- Symlinking: /workspaces/TIAgo_humble/install/pal_gazebo_worlds/share/pal_gazebo_worlds/models/aruco_marker_original_63/model.config
[2.522s] -- Symlinking: /workspaces/TIAgo_humble/install/pal_gazebo_worlds/share/pal_gazebo_worlds/models/aruco_markermap_1/materials/scripts/aruco_markermap_1.material
[2.553s] -- Symlinking: /workspaces/TIAgo_humble/install/pal_gazebo_worlds/share/pal_gazebo_worlds/models/aruco_markermap_1/materials/textures/aruco_markermap_1.png
[2.594s] -- Symlinking: /workspaces/TIAgo_humble/install/pal_gazebo_worlds/share/pal_gazebo_worlds/models/aruco_markermap_1/model.config
[2.615s] -- Symlinking: /workspaces/TIAgo_humble/install/pal_gazebo_worlds/share/pal_gazebo_worlds/models/aruco_markermap_1/model.sdf
[2.646s] -- Symlinking: /workspaces/TIAgo_humble/install/pal_gazebo_worlds/share/pal_gazebo_worlds/models/aruco_markermap_2/materials/scripts/aruco_markermap_2.material
[2.676s] -- Symlinking: /workspaces/TIAgo_humble/install/pal_gazebo_worlds/share/pal_gazebo_worlds/models/aruco_markermap_2/materials/textures/aruco_markermap_2.png
[2.694s] -- Symlinking: /workspaces/TIAgo_humble/install/pal_gazebo_worlds/share/pal_gazebo_worlds/models/aruco_markermap_2/model.config
[2.713s] -- Symlinking: /workspaces/TIAgo_humble/install/pal_gazebo_worlds/share/pal_gazebo_worlds/models/aruco_markermap_2/model.sdf
[2.854s] -- Symlinking: /workspaces/TIAgo_humble/install/pal_gazebo_worlds/share/pal_gazebo_worlds/models/bauman/README
[2.883s] -- Symlinking: /workspaces/TIAgo_humble/install/pal_gazebo_worlds/share/pal_gazebo_worlds/models/bauman/bauman_walls.png
[2.896s] -- Symlinking: /workspaces/TIAgo_humble/install/pal_gazebo_worlds/share/pal_gazebo_worlds/models/bauman/model.config
[2.933s] -- Symlinking: /workspaces/TIAgo_humble/install/pal_gazebo_worlds/share/pal_gazebo_worlds/models/bauman/model.sdf
[2.962s] -- Symlinking: /workspaces/TIAgo_humble/install/pal_gazebo_worlds/share/pal_gazebo_worlds/models/bench/bench.sdf
[2.991s] -- Symlinking: /workspaces/TIAgo_humble/install/pal_gazebo_worlds/share/pal_gazebo_worlds/models/bench/meshes/bench.stl
[3.009s] -- Symlinking: /workspaces/TIAgo_humble/install/pal_gazebo_worlds/share/pal_gazebo_worlds/models/bench/model.config
[3.035s] -- Symlinking: /workspaces/TIAgo_humble/install/pal_gazebo_worlds/share/pal_gazebo_worlds/models/bifrutas_tropical_can/bifrutas_tropical_can.sdf
[3.044s] -- Symlinking: /workspaces/TIAgo_humble/install/pal_gazebo_worlds/share/pal_gazebo_worlds/models/bifrutas_tropical_can/material/scripts/bifrutas_tropical_can.material
[3.066s] -- Symlinking: /workspaces/TIAgo_humble/install/pal_gazebo_worlds/share/pal_gazebo_worlds/models/bifrutas_tropical_can/material/textures/bifrutas_tropical_can.jpg
[3.128s] -- Symlinking: /workspaces/TIAgo_humble/install/pal_gazebo_worlds/share/pal_gazebo_worlds/models/bifrutas_tropical_can/model.config
[3.170s] -- Symlinking: /workspaces/TIAgo_humble/install/pal_gazebo_worlds/share/pal_gazebo_worlds/models/biscuits_pack/biscuits_pack.sdf
[3.194s] -- Symlinking: /workspaces/TIAgo_humble/install/pal_gazebo_worlds/share/pal_gazebo_worlds/models/biscuits_pack/material/scripts/pringles.material
[3.210s] -- Symlinking: /workspaces/TIAgo_humble/install/pal_gazebo_worlds/share/pal_gazebo_worlds/models/biscuits_pack/material/textures/biscuits_pack.jpg
[3.238s] -- Symlinking: /workspaces/TIAgo_humble/install/pal_gazebo_worlds/share/pal_gazebo_worlds/models/biscuits_pack/model.config
[3.279s] -- Symlinking: /workspaces/TIAgo_humble/install/pal_gazebo_worlds/share/pal_gazebo_worlds/models/box_with_handles/box_with_handles.sdf
[3.279s] -- Symlinking: /workspaces/TIAgo_humble/install/pal_gazebo_worlds/share/pal_gazebo_worlds/models/box_with_handles/material/scripts/aruco_marker_original.material
[3.306s] -- Symlinking: /workspaces/TIAgo_humble/install/pal_gazebo_worlds/share/pal_gazebo_worlds/models/box_with_handles/material/textures/Aruco_original_582.png
[3.319s] -- Symlinking: /workspaces/TIAgo_humble/install/pal_gazebo_worlds/share/pal_gazebo_worlds/models/box_with_handles/model.config
[3.324s] -- Symlinking: /workspaces/TIAgo_humble/install/pal_gazebo_worlds/share/pal_gazebo_worlds/models/brick_box_3x1x3/materials/scripts/brick_box.material
[3.337s] -- Symlinking: /workspaces/TIAgo_humble/install/pal_gazebo_worlds/share/pal_gazebo_worlds/models/brick_box_3x1x3/materials/textures/simple_box.png
[3.350s] -- Symlinking: /workspaces/TIAgo_humble/install/pal_gazebo_worlds/share/pal_gazebo_worlds/models/brick_box_3x1x3/meshes/simple_box.dae
[3.371s] -- Symlinking: /workspaces/TIAgo_humble/install/pal_gazebo_worlds/share/pal_gazebo_worlds/models/brick_box_3x1x3/model-1_3.sdf
[3.426s] -- Symlinking: /workspaces/TIAgo_humble/install/pal_gazebo_worlds/share/pal_gazebo_worlds/models/brick_box_3x1x3/model-1_4.sdf
[3.533s] -- Symlinking: /workspaces/TIAgo_humble/install/pal_gazebo_worlds/share/pal_gazebo_worlds/models/brick_box_3x1x3/model.config
[3.546s] -- Symlinking: /workspaces/TIAgo_humble/install/pal_gazebo_worlds/share/pal_gazebo_worlds/models/brick_box_3x1x3/model.sdf
[3.582s] -- Symlinking: /workspaces/TIAgo_humble/install/pal_gazebo_worlds/share/pal_gazebo_worlds/models/citizen_extras_female_02/images/_01_-_Default1noCulling.JPG
[3.597s] -- Symlinking: /workspaces/TIAgo_humble/install/pal_gazebo_worlds/share/pal_gazebo_worlds/models/citizen_extras_female_02/images/_02_-_Default1noCulling.JPG
[3.610s] -- Symlinking: /workspaces/TIAgo_humble/install/pal_gazebo_worlds/share/pal_gazebo_worlds/models/citizen_extras_female_02/images/_03_-_Default1noCulling.JPG
[3.622s] -- Symlinking: /workspaces/TIAgo_humble/install/pal_gazebo_worlds/share/pal_gazebo_worlds/models/citizen_extras_female_02/meshes/mesh.dae
[3.635s] -- Symlinking: /workspaces/TIAgo_humble/install/pal_gazebo_worlds/share/pal_gazebo_worlds/models/citizen_extras_female_02/model.config
[3.651s] -- Symlinking: /workspaces/TIAgo_humble/install/pal_gazebo_worlds/share/pal_gazebo_worlds/models/citizen_extras_female_02/model.sdf
[3.673s] -- Symlinking: /workspaces/TIAgo_humble/install/pal_gazebo_worlds/share/pal_gazebo_worlds/models/citizen_extras_female_03/images/Material__1noCulling.JPG
[3.701s] -- Symlinking: /workspaces/TIAgo_humble/install/pal_gazebo_worlds/share/pal_gazebo_worlds/models/citizen_extras_female_03/images/Material__2noCulling.JPG
[3.741s] -- Symlinking: /workspaces/TIAgo_humble/install/pal_gazebo_worlds/share/pal_gazebo_worlds/models/citizen_extras_female_03/images/_03_-_Default1noCulling.JPG
[3.758s] -- Symlinking: /workspaces/TIAgo_humble/install/pal_gazebo_worlds/share/pal_gazebo_worlds/models/citizen_extras_female_03/meshes/mesh.dae
[3.776s] -- Symlinking: /workspaces/TIAgo_humble/install/pal_gazebo_worlds/share/pal_gazebo_worlds/models/citizen_extras_female_03/model.config
[3.813s] -- Symlinking: /workspaces/TIAgo_humble/install/pal_gazebo_worlds/share/pal_gazebo_worlds/models/citizen_extras_female_03/model.sdf
[3.819s] -- Symlinking: /workspaces/TIAgo_humble/install/pal_gazebo_worlds/share/pal_gazebo_worlds/models/citizen_extras_male_03/images/Material__1noCulling.JPG
[3.829s] -- Symlinking: /workspaces/TIAgo_humble/install/pal_gazebo_worlds/share/pal_gazebo_worlds/models/citizen_extras_male_03/images/hair1noCulling.JPG
[3.842s] -- Symlinking: /workspaces/TIAgo_humble/install/pal_gazebo_worlds/share/pal_gazebo_worlds/models/citizen_extras_male_03/images/hrad1noCulling.JPG
[3.854s] -- Symlinking: /workspaces/TIAgo_humble/install/pal_gazebo_worlds/share/pal_gazebo_worlds/models/citizen_extras_male_03/meshes/mesh.dae
[3.886s] -- Symlinking: /workspaces/TIAgo_humble/install/pal_gazebo_worlds/share/pal_gazebo_worlds/models/citizen_extras_male_03/model.config
[3.908s] -- Symlinking: /workspaces/TIAgo_humble/install/pal_gazebo_worlds/share/pal_gazebo_worlds/models/citizen_extras_male_03/model.sdf
[3.944s] -- Symlinking: /workspaces/TIAgo_humble/install/pal_gazebo_worlds/share/pal_gazebo_worlds/models/closet/closet.sdf
[3.963s] -- Symlinking: /workspaces/TIAgo_humble/install/pal_gazebo_worlds/share/pal_gazebo_worlds/models/closet/meshes/closet.stl
[3.979s] -- Symlinking: /workspaces/TIAgo_humble/install/pal_gazebo_worlds/share/pal_gazebo_worlds/models/closet/model.config
[3.995s] -- Symlinking: /workspaces/TIAgo_humble/install/pal_gazebo_worlds/share/pal_gazebo_worlds/models/cocacola/cocacola.sdf
[4.013s] -- Symlinking: /workspaces/TIAgo_humble/install/pal_gazebo_worlds/share/pal_gazebo_worlds/models/cocacola/material/scripts/cocacola.material
[4.064s] -- Symlinking: /workspaces/TIAgo_humble/install/pal_gazebo_worlds/share/pal_gazebo_worlds/models/cocacola/material/textures/cocacola.jpg
[4.069s] -- Symlinking: /workspaces/TIAgo_humble/install/pal_gazebo_worlds/share/pal_gazebo_worlds/models/cocacola/model.config
[4.099s] -- Symlinking: /workspaces/TIAgo_humble/install/pal_gazebo_worlds/share/pal_gazebo_worlds/models/coke_can_slim/coke_can_slim.sdf
[4.116s] -- Symlinking: /workspaces/TIAgo_humble/install/pal_gazebo_worlds/share/pal_gazebo_worlds/models/coke_can_slim/material/scripts/coke_can_slim.material
[4.120s] -- Symlinking: /workspaces/TIAgo_humble/install/pal_gazebo_worlds/share/pal_gazebo_worlds/models/coke_can_slim/material/textures/coke_can_slim.jpg
[4.131s] -- Symlinking: /workspaces/TIAgo_humble/install/pal_gazebo_worlds/share/pal_gazebo_worlds/models/coke_can_slim/model.config
[4.150s] -- Symlinking: /workspaces/TIAgo_humble/install/pal_gazebo_worlds/share/pal_gazebo_worlds/models/database.config
[4.179s] -- Symlinking: /workspaces/TIAgo_humble/install/pal_gazebo_worlds/share/pal_gazebo_worlds/models/dining_chair/dining_chair.sdf
[4.206s] -- Symlinking: /workspaces/TIAgo_humble/install/pal_gazebo_worlds/share/pal_gazebo_worlds/models/dining_chair/meshes/dining_chair.stl
[4.239s] -- Symlinking: /workspaces/TIAgo_humble/install/pal_gazebo_worlds/share/pal_gazebo_worlds/models/dining_chair/model.config
[4.270s] -- Symlinking: /workspaces/TIAgo_humble/install/pal_gazebo_worlds/share/pal_gazebo_worlds/models/dock1/dock1.sdf
[4.304s] -- Symlinking: /workspaces/TIAgo_humble/install/pal_gazebo_worlds/share/pal_gazebo_worlds/models/dock1/meshes/dock1.dae
[4.344s] -- Symlinking: /workspaces/TIAgo_humble/install/pal_gazebo_worlds/share/pal_gazebo_worlds/models/dock1/model.config
[4.413s] -- Symlinking: /workspaces/TIAgo_humble/install/pal_gazebo_worlds/share/pal_gazebo_worlds/models/door_obstacle/door_obstacle.sdf
[4.449s] -- Symlinking: /workspaces/TIAgo_humble/install/pal_gazebo_worlds/share/pal_gazebo_worlds/models/door_obstacle/model.config
[4.475s] -- Symlinking: /workspaces/TIAgo_humble/install/pal_gazebo_worlds/share/pal_gazebo_worlds/models/floor_lamp/floor_lamp.sdf
[4.508s] -- Symlinking: /workspaces/TIAgo_humble/install/pal_gazebo_worlds/share/pal_gazebo_worlds/models/floor_lamp/meshes/floor_lamp.stl
[4.540s] -- Symlinking: /workspaces/TIAgo_humble/install/pal_gazebo_worlds/share/pal_gazebo_worlds/models/floor_lamp/model.config
[4.561s] -- Symlinking: /workspaces/TIAgo_humble/install/pal_gazebo_worlds/share/pal_gazebo_worlds/models/goetz_sofa/goetz_sofa.sdf
[4.580s] -- Symlinking: /workspaces/TIAgo_humble/install/pal_gazebo_worlds/share/pal_gazebo_worlds/models/goetz_sofa/materials/textures/texture0.jpg
[4.603s] -- Symlinking: /workspaces/TIAgo_humble/install/pal_gazebo_worlds/share/pal_gazebo_worlds/models/goetz_sofa/meshes/goetz_sofa.dae
[4.637s] -- Symlinking: /workspaces/TIAgo_humble/install/pal_gazebo_worlds/share/pal_gazebo_worlds/models/goetz_sofa/model.config
[4.692s] -- Symlinking: /workspaces/TIAgo_humble/install/pal_gazebo_worlds/share/pal_gazebo_worlds/models/green_ball/materials/scripts/ball.material
[4.739s] -- Symlinking: /workspaces/TIAgo_humble/install/pal_gazebo_worlds/share/pal_gazebo_worlds/models/green_ball/model.config
[4.770s] -- Symlinking: /workspaces/TIAgo_humble/install/pal_gazebo_worlds/share/pal_gazebo_worlds/models/green_ball/model.sdf
[4.808s] -- Symlinking: /workspaces/TIAgo_humble/install/pal_gazebo_worlds/share/pal_gazebo_worlds/models/green_cube/green_cube.sdf
[4.836s] -- Symlinking: /workspaces/TIAgo_humble/install/pal_gazebo_worlds/share/pal_gazebo_worlds/models/green_cube/model.config
[4.881s] -- Symlinking: /workspaces/TIAgo_humble/install/pal_gazebo_worlds/share/pal_gazebo_worlds/models/green_rectangle/green_rectangle.sdf
[4.881s] -- Symlinking: /workspaces/TIAgo_humble/install/pal_gazebo_worlds/share/pal_gazebo_worlds/models/green_rectangle/model.config
[4.903s] -- Symlinking: /workspaces/TIAgo_humble/install/pal_gazebo_worlds/share/pal_gazebo_worlds/models/ground_plane/model-1_2.sdf
[4.914s] -- Symlinking: /workspaces/TIAgo_humble/install/pal_gazebo_worlds/share/pal_gazebo_worlds/models/ground_plane/model-1_3.sdf
[4.962s] -- Symlinking: /workspaces/TIAgo_humble/install/pal_gazebo_worlds/share/pal_gazebo_worlds/models/ground_plane/model-1_4.sdf
[4.978s] -- Symlinking: /workspaces/TIAgo_humble/install/pal_gazebo_worlds/share/pal_gazebo_worlds/models/ground_plane/model.config
[5.012s] -- Symlinking: /workspaces/TIAgo_humble/install/pal_gazebo_worlds/share/pal_gazebo_worlds/models/ground_plane/model.sdf
[5.046s] -- Symlinking: /workspaces/TIAgo_humble/install/pal_gazebo_worlds/share/pal_gazebo_worlds/models/hospital_flat_map/hospital_flat_map.sdf
[5.064s] -- Symlinking: /workspaces/TIAgo_humble/install/pal_gazebo_worlds/share/pal_gazebo_worlds/models/hospital_flat_map/meshes/hospital_flat_map.stl
[5.115s] -- Symlinking: /workspaces/TIAgo_humble/install/pal_gazebo_worlds/share/pal_gazebo_worlds/models/hospital_flat_map/model.config
[5.148s] -- Symlinking: /workspaces/TIAgo_humble/install/pal_gazebo_worlds/share/pal_gazebo_worlds/models/hospital_map/hospital_map.sdf
[5.178s] -- Symlinking: /workspaces/TIAgo_humble/install/pal_gazebo_worlds/share/pal_gazebo_worlds/models/hospital_map/meshes/g1.stl
[5.229s] -- Symlinking: /workspaces/TIAgo_humble/install/pal_gazebo_worlds/share/pal_gazebo_worlds/models/hospital_map/meshes/g2.stl
[5.260s] -- Symlinking: /workspaces/TIAgo_humble/install/pal_gazebo_worlds/share/pal_gazebo_worlds/models/hospital_map/meshes/g3.stl
[5.298s] -- Symlinking: /workspaces/TIAgo_humble/install/pal_gazebo_worlds/share/pal_gazebo_worlds/models/hospital_map/meshes/g4.stl
[5.329s] -- Symlinking: /workspaces/TIAgo_humble/install/pal_gazebo_worlds/share/pal_gazebo_worlds/models/hospital_map/meshes/g5.stl
[5.465s] -- Symlinking: /workspaces/TIAgo_humble/install/pal_gazebo_worlds/share/pal_gazebo_worlds/models/hospital_map/meshes/g6.stl
[5.465s] -- Symlinking: /workspaces/TIAgo_humble/install/pal_gazebo_worlds/share/pal_gazebo_worlds/models/hospital_map/meshes/g7.stl
[5.465s] -- Symlinking: /workspaces/TIAgo_humble/install/pal_gazebo_worlds/share/pal_gazebo_worlds/models/hospital_map/meshes/gr1.stl
[5.465s] -- Symlinking: /workspaces/TIAgo_humble/install/pal_gazebo_worlds/share/pal_gazebo_worlds/models/hospital_map/meshes/gr2.stl
[5.465s] -- Symlinking: /workspaces/TIAgo_humble/install/pal_gazebo_worlds/share/pal_gazebo_worlds/models/hospital_map/meshes/gr3.stl
[5.466s] -- Symlinking: /workspaces/TIAgo_humble/install/pal_gazebo_worlds/share/pal_gazebo_worlds/models/hospital_map/meshes/gr4.stl
[5.466s] -- Symlinking: /workspaces/TIAgo_humble/install/pal_gazebo_worlds/share/pal_gazebo_worlds/models/hospital_map/meshes/gr5.stl
[5.466s] -- Symlinking: /workspaces/TIAgo_humble/install/pal_gazebo_worlds/share/pal_gazebo_worlds/models/hospital_map/meshes/gr6.stl
[5.472s] -- Symlinking: /workspaces/TIAgo_humble/install/pal_gazebo_worlds/share/pal_gazebo_worlds/models/hospital_map/meshes/hospital_map.stl
[5.561s] -- Symlinking: /workspaces/TIAgo_humble/install/pal_gazebo_worlds/share/pal_gazebo_worlds/models/hospital_map/meshes/w1.stl
[5.561s] -- Symlinking: /workspaces/TIAgo_humble/install/pal_gazebo_worlds/share/pal_gazebo_worlds/models/hospital_map/meshes/w2.stl
[5.590s] -- Symlinking: /workspaces/TIAgo_humble/install/pal_gazebo_worlds/share/pal_gazebo_worlds/models/hospital_map/meshes/w3.stl
[5.609s] -- Symlinking: /workspaces/TIAgo_humble/install/pal_gazebo_worlds/share/pal_gazebo_worlds/models/hospital_map/meshes/w4.stl
[5.630s] -- Symlinking: /workspaces/TIAgo_humble/install/pal_gazebo_worlds/share/pal_gazebo_worlds/models/hospital_map/meshes/w5.stl
[5.653s] -- Symlinking: /workspaces/TIAgo_humble/install/pal_gazebo_worlds/share/pal_gazebo_worlds/models/hospital_map/meshes/w6.stl
[5.732s] -- Symlinking: /workspaces/TIAgo_humble/install/pal_gazebo_worlds/share/pal_gazebo_worlds/models/hospital_map/meshes/w7.stl
[5.733s] -- Symlinking: /workspaces/TIAgo_humble/install/pal_gazebo_worlds/share/pal_gazebo_worlds/models/hospital_map/meshes/wr1.stl
[5.740s] -- Symlinking: /workspaces/TIAgo_humble/install/pal_gazebo_worlds/share/pal_gazebo_worlds/models/hospital_map/meshes/wr2.stl
[5.772s] -- Symlinking: /workspaces/TIAgo_humble/install/pal_gazebo_worlds/share/pal_gazebo_worlds/models/hospital_map/meshes/wr3.stl
[5.813s] -- Symlinking: /workspaces/TIAgo_humble/install/pal_gazebo_worlds/share/pal_gazebo_worlds/models/hospital_map/meshes/wr4.stl
[5.904s] -- Symlinking: /workspaces/TIAgo_humble/install/pal_gazebo_worlds/share/pal_gazebo_worlds/models/hospital_map/meshes/wr5.stl
[5.905s] -- Symlinking: /workspaces/TIAgo_humble/install/pal_gazebo_worlds/share/pal_gazebo_worlds/models/hospital_map/meshes/wr6.stl
[5.912s] -- Symlinking: /workspaces/TIAgo_humble/install/pal_gazebo_worlds/share/pal_gazebo_worlds/models/hospital_map/model.config
[5.941s] -- Symlinking: /workspaces/TIAgo_humble/install/pal_gazebo_worlds/share/pal_gazebo_worlds/models/ideal_sun/model.config
[5.954s] -- Symlinking: /workspaces/TIAgo_humble/install/pal_gazebo_worlds/share/pal_gazebo_worlds/models/ideal_sun/model.sdf
[5.972s] -- Symlinking: /workspaces/TIAgo_humble/install/pal_gazebo_worlds/share/pal_gazebo_worlds/models/ikea_ektorp_chair/meshes/IKE06001.JPG
[6.000s] -- Symlinking: /workspaces/TIAgo_humble/install/pal_gazebo_worlds/share/pal_gazebo_worlds/models/ikea_ektorp_chair/meshes/mesh.dae
[6.018s] -- Symlinking: /workspaces/TIAgo_humble/install/pal_gazebo_worlds/share/pal_gazebo_worlds/models/ikea_ektorp_chair/model.config
[6.078s] -- Symlinking: /workspaces/TIAgo_humble/install/pal_gazebo_worlds/share/pal_gazebo_worlds/models/ikea_ektorp_chair/model.sdf
[6.122s] -- Symlinking: /workspaces/TIAgo_humble/install/pal_gazebo_worlds/share/pal_gazebo_worlds/models/ikea_folke_chair/meshes/mesh.dae
[6.148s] -- Symlinking: /workspaces/TIAgo_humble/install/pal_gazebo_worlds/share/pal_gazebo_worlds/models/ikea_folke_chair/meshes/notexture.png
[6.173s] -- Symlinking: /workspaces/TIAgo_humble/install/pal_gazebo_worlds/share/pal_gazebo_worlds/models/ikea_folke_chair/meshes/texture.png
[6.190s] -- Symlinking: /workspaces/TIAgo_humble/install/pal_gazebo_worlds/share/pal_gazebo_worlds/models/ikea_folke_chair/model.config
[6.238s] -- Symlinking: /workspaces/TIAgo_humble/install/pal_gazebo_worlds/share/pal_gazebo_worlds/models/ikea_folke_chair/model.sdf
[6.260s] -- Symlinking: /workspaces/TIAgo_humble/install/pal_gazebo_worlds/share/pal_gazebo_worlds/models/ikea_harry_chair/meshes/body.png
[6.285s] -- Symlinking: /workspaces/TIAgo_humble/install/pal_gazebo_worlds/share/pal_gazebo_worlds/models/ikea_harry_chair/meshes/legs.png
[6.334s] -- Symlinking: /workspaces/TIAgo_humble/install/pal_gazebo_worlds/share/pal_gazebo_worlds/models/ikea_harry_chair/meshes/mesh.dae
[6.346s] -- Symlinking: /workspaces/TIAgo_humble/install/pal_gazebo_worlds/share/pal_gazebo_worlds/models/ikea_harry_chair/model.config
[6.402s] -- Symlinking: /workspaces/TIAgo_humble/install/pal_gazebo_worlds/share/pal_gazebo_worlds/models/ikea_harry_chair/model.sdf
[6.414s] -- Symlinking: /workspaces/TIAgo_humble/install/pal_gazebo_worlds/share/pal_gazebo_worlds/models/ikea_stefan_chair/meshes/mesh.dae
[6.442s] -- Symlinking: /workspaces/TIAgo_humble/install/pal_gazebo_worlds/share/pal_gazebo_worlds/models/ikea_stefan_chair/model.config
[6.470s] -- Symlinking: /workspaces/TIAgo_humble/install/pal_gazebo_worlds/share/pal_gazebo_worlds/models/ikea_stefan_chair/model.sdf
[6.517s] -- Symlinking: /workspaces/TIAgo_humble/install/pal_gazebo_worlds/share/pal_gazebo_worlds/models/ikea_urban_chair/meshes/mesh.dae
[6.562s] -- Symlinking: /workspaces/TIAgo_humble/install/pal_gazebo_worlds/share/pal_gazebo_worlds/models/ikea_urban_chair/meshes/notexture.png
[6.608s] -- Symlinking: /workspaces/TIAgo_humble/install/pal_gazebo_worlds/share/pal_gazebo_worlds/models/ikea_urban_chair/model.config
[6.646s] -- Symlinking: /workspaces/TIAgo_humble/install/pal_gazebo_worlds/share/pal_gazebo_worlds/models/ikea_urban_chair/model.sdf
[6.689s] -- Symlinking: /workspaces/TIAgo_humble/install/pal_gazebo_worlds/share/pal_gazebo_worlds/models/kitchen_chair/kitchen_chair.sdf
[6.804s] -- Symlinking: /workspaces/TIAgo_humble/install/pal_gazebo_worlds/share/pal_gazebo_worlds/models/kitchen_chair/meshes/kitchen_chair.stl
[6.853s] -- Symlinking: /workspaces/TIAgo_humble/install/pal_gazebo_worlds/share/pal_gazebo_worlds/models/kitchen_chair/model.config
[6.865s] -- Symlinking: /workspaces/TIAgo_humble/install/pal_gazebo_worlds/share/pal_gazebo_worlds/models/kitchen_table/kitchen_table.sdf
[6.908s] -- Symlinking: /workspaces/TIAgo_humble/install/pal_gazebo_worlds/share/pal_gazebo_worlds/models/kitchen_table/meshes/kitchen_table.stl
[6.920s] -- Symlinking: /workspaces/TIAgo_humble/install/pal_gazebo_worlds/share/pal_gazebo_worlds/models/kitchen_table/model.config
[6.942s] -- Symlinking: /workspaces/TIAgo_humble/install/pal_gazebo_worlds/share/pal_gazebo_worlds/models/lamp/lamp.sdf
[6.959s] -- Symlinking: /workspaces/TIAgo_humble/install/pal_gazebo_worlds/share/pal_gazebo_worlds/models/lamp/meshes/lamp.stl
[6.983s] -- Symlinking: /workspaces/TIAgo_humble/install/pal_gazebo_worlds/share/pal_gazebo_worlds/models/lamp/model.config
[7.009s] -- Symlinking: /workspaces/TIAgo_humble/install/pal_gazebo_worlds/share/pal_gazebo_worlds/models/macrolink_small_table/model.config
[7.072s] -- Symlinking: /workspaces/TIAgo_humble/install/pal_gazebo_worlds/share/pal_gazebo_worlds/models/macrolink_small_table/table.sdf
[7.150s] -- Symlinking: /workspaces/TIAgo_humble/install/pal_gazebo_worlds/share/pal_gazebo_worlds/models/macrolink_table/model.config
[7.201s] -- Symlinking: /workspaces/TIAgo_humble/install/pal_gazebo_worlds/share/pal_gazebo_worlds/models/macrolink_table/table.sdf
[7.236s] -- Symlinking: /workspaces/TIAgo_humble/install/pal_gazebo_worlds/share/pal_gazebo_worlds/models/marker26_8cm/marker26_8cm.sdf
[7.339s] -- Symlinking: /workspaces/TIAgo_humble/install/pal_gazebo_worlds/share/pal_gazebo_worlds/models/marker26_8cm/material/scripts/marker26_8cm.material
[7.415s] -- Symlinking: /workspaces/TIAgo_humble/install/pal_gazebo_worlds/share/pal_gazebo_worlds/models/marker26_8cm/material/textures/aruco-26_8cm.png
[7.418s] -- Symlinking: /workspaces/TIAgo_humble/install/pal_gazebo_worlds/share/pal_gazebo_worlds/models/marker26_8cm/model.config
[7.438s] -- Symlinking: /workspaces/TIAgo_humble/install/pal_gazebo_worlds/share/pal_gazebo_worlds/models/pal_poster/material/scripts/pal_poster.material
[7.455s] -- Symlinking: /workspaces/TIAgo_humble/install/pal_gazebo_worlds/share/pal_gazebo_worlds/models/pal_poster/material/textures/pal_poster.jpg
[7.468s] -- Symlinking: /workspaces/TIAgo_humble/install/pal_gazebo_worlds/share/pal_gazebo_worlds/models/pal_poster/model.config
[7.497s] -- Symlinking: /workspaces/TIAgo_humble/install/pal_gazebo_worlds/share/pal_gazebo_worlds/models/pal_poster/pal_poster.sdf
[7.530s] -- Symlinking: /workspaces/TIAgo_humble/install/pal_gazebo_worlds/share/pal_gazebo_worlds/models/pal_textured_object/material/scripts/pal_textured_object.material
[7.549s] -- Symlinking: /workspaces/TIAgo_humble/install/pal_gazebo_worlds/share/pal_gazebo_worlds/models/pal_textured_object/material/textures/pal_textured_object.png
[7.567s] -- Symlinking: /workspaces/TIAgo_humble/install/pal_gazebo_worlds/share/pal_gazebo_worlds/models/pal_textured_object/model.config
[7.594s] -- Symlinking: /workspaces/TIAgo_humble/install/pal_gazebo_worlds/share/pal_gazebo_worlds/models/pal_textured_object/pal_textured_object.sdf
[7.636s] -- Symlinking: /workspaces/TIAgo_humble/install/pal_gazebo_worlds/share/pal_gazebo_worlds/models/pringles/material/scripts/pringles.material
[7.660s] -- Symlinking: /workspaces/TIAgo_humble/install/pal_gazebo_worlds/share/pal_gazebo_worlds/models/pringles/material/textures/pringles.jpg
[7.672s] -- Symlinking: /workspaces/TIAgo_humble/install/pal_gazebo_worlds/share/pal_gazebo_worlds/models/pringles/model.config
[7.684s] -- Symlinking: /workspaces/TIAgo_humble/install/pal_gazebo_worlds/share/pal_gazebo_worlds/models/pringles/pringles.sdf
[7.746s] -- Symlinking: /workspaces/TIAgo_humble/install/pal_gazebo_worlds/share/pal_gazebo_worlds/models/pringles2/material/scripts/pringles2.material
[7.765s] -- Symlinking: /workspaces/TIAgo_humble/install/pal_gazebo_worlds/share/pal_gazebo_worlds/models/pringles2/material/textures/pringles2.jpg
[7.773s] -- Symlinking: /workspaces/TIAgo_humble/install/pal_gazebo_worlds/share/pal_gazebo_worlds/models/pringles2/model.config
[7.814s] -- Symlinking: /workspaces/TIAgo_humble/install/pal_gazebo_worlds/share/pal_gazebo_worlds/models/pringles2/pringles2.sdf
[7.856s] -- Symlinking: /workspaces/TIAgo_humble/install/pal_gazebo_worlds/share/pal_gazebo_worlds/models/reemc_bookshelf/bookshelf.sdf
[7.876s] -- Symlinking: /workspaces/TIAgo_humble/install/pal_gazebo_worlds/share/pal_gazebo_worlds/models/reemc_bookshelf/model.config
[7.930s] -- Symlinking: /workspaces/TIAgo_humble/install/pal_gazebo_worlds/share/pal_gazebo_worlds/models/reemc_cabinet/cabinet.sdf
[7.965s] -- Symlinking: /workspaces/TIAgo_humble/install/pal_gazebo_worlds/share/pal_gazebo_worlds/models/reemc_cabinet/model.config
[7.986s] -- Symlinking: /workspaces/TIAgo_humble/install/pal_gazebo_worlds/share/pal_gazebo_worlds/models/reemc_table/model.config
[8.047s] -- Symlinking: /workspaces/TIAgo_humble/install/pal_gazebo_worlds/share/pal_gazebo_worlds/models/reemc_table/table.sdf
[8.060s] -- Symlinking: /workspaces/TIAgo_humble/install/pal_gazebo_worlds/share/pal_gazebo_worlds/models/reemc_textured_object/meshes/mesh.dae
[8.099s] -- Symlinking: /workspaces/TIAgo_humble/install/pal_gazebo_worlds/share/pal_gazebo_worlds/models/reemc_textured_object/meshes/texture.jpg
[8.112s] -- Symlinking: /workspaces/TIAgo_humble/install/pal_gazebo_worlds/share/pal_gazebo_worlds/models/reemc_textured_object/model.config
[8.140s] -- Symlinking: /workspaces/TIAgo_humble/install/pal_gazebo_worlds/share/pal_gazebo_worlds/models/reemc_textured_object/model.sdf
[8.161s] -- Symlinking: /workspaces/TIAgo_humble/install/pal_gazebo_worlds/share/pal_gazebo_worlds/models/reemc_textured_object_nograv/model.config
[8.188s] -- Symlinking: /workspaces/TIAgo_humble/install/pal_gazebo_worlds/share/pal_gazebo_worlds/models/reemc_textured_object_nograv/model.sdf
[8.216s] -- Symlinking: /workspaces/TIAgo_humble/install/pal_gazebo_worlds/share/pal_gazebo_worlds/models/reemc_walls/model.config
[8.235s] -- Symlinking: /workspaces/TIAgo_humble/install/pal_gazebo_worlds/share/pal_gazebo_worlds/models/reemc_walls/walls.sdf
[8.268s] -- Symlinking: /workspaces/TIAgo_humble/install/pal_gazebo_worlds/share/pal_gazebo_worlds/models/reviews_table/meshes/reviews_table.stl
[8.290s] -- Symlinking: /workspaces/TIAgo_humble/install/pal_gazebo_worlds/share/pal_gazebo_worlds/models/reviews_table/model.config
[8.312s] -- Symlinking: /workspaces/TIAgo_humble/install/pal_gazebo_worlds/share/pal_gazebo_worlds/models/reviews_table/reviews_table.sdf
[8.322s] -- Symlinking: /workspaces/TIAgo_humble/install/pal_gazebo_worlds/share/pal_gazebo_worlds/models/robocup_walls_70cm_doors/house_walls.sdf
[8.336s] -- Symlinking: /workspaces/TIAgo_humble/install/pal_gazebo_worlds/share/pal_gazebo_worlds/models/robocup_walls_70cm_doors/meshes/robocup_house.stl
[8.350s] -- Symlinking: /workspaces/TIAgo_humble/install/pal_gazebo_worlds/share/pal_gazebo_worlds/models/robocup_walls_70cm_doors/model.config
[8.363s] -- Symlinking: /workspaces/TIAgo_humble/install/pal_gazebo_worlds/share/pal_gazebo_worlds/models/rockin_camp/README
[8.382s] -- Symlinking: /workspaces/TIAgo_humble/install/pal_gazebo_worlds/share/pal_gazebo_worlds/models/rockin_camp/model.config
[8.404s] -- Symlinking: /workspaces/TIAgo_humble/install/pal_gazebo_worlds/share/pal_gazebo_worlds/models/rockin_camp/model.sdf
[8.426s] -- Symlinking: /workspaces/TIAgo_humble/install/pal_gazebo_worlds/share/pal_gazebo_worlds/models/rockin_camp/rockin_camp.png
[8.458s] -- Symlinking: /workspaces/TIAgo_humble/install/pal_gazebo_worlds/share/pal_gazebo_worlds/models/sideboard/meshes/sideboard.stl
[8.481s] -- Symlinking: /workspaces/TIAgo_humble/install/pal_gazebo_worlds/share/pal_gazebo_worlds/models/sideboard/model.config
[8.504s] -- Symlinking: /workspaces/TIAgo_humble/install/pal_gazebo_worlds/share/pal_gazebo_worlds/models/sideboard/sideboard.sdf
[8.543s] -- Symlinking: /workspaces/TIAgo_humble/install/pal_gazebo_worlds/share/pal_gazebo_worlds/models/slippery_patch/material/scripts/slippery_patch.material
[8.555s] -- Symlinking: /workspaces/TIAgo_humble/install/pal_gazebo_worlds/share/pal_gazebo_worlds/models/slippery_patch/material/textures/slippery_patch.jpg
[8.573s] -- Symlinking: /workspaces/TIAgo_humble/install/pal_gazebo_worlds/share/pal_gazebo_worlds/models/slippery_patch/model.config
[8.590s] -- Symlinking: /workspaces/TIAgo_humble/install/pal_gazebo_worlds/share/pal_gazebo_worlds/models/slippery_patch/slippery_patch.sdf
[8.611s] -- Symlinking: /workspaces/TIAgo_humble/install/pal_gazebo_worlds/share/pal_gazebo_worlds/models/small_cylinder/model.config
[8.686s] -- Symlinking: /workspaces/TIAgo_humble/install/pal_gazebo_worlds/share/pal_gazebo_worlds/models/small_cylinder/small_cylinder.sdf
[8.686s] -- Symlinking: /workspaces/TIAgo_humble/install/pal_gazebo_worlds/share/pal_gazebo_worlds/models/sofa/meshes/sofa.stl
[8.686s] -- Symlinking: /workspaces/TIAgo_humble/install/pal_gazebo_worlds/share/pal_gazebo_worlds/models/sofa/model.config
[8.694s] -- Symlinking: /workspaces/TIAgo_humble/install/pal_gazebo_worlds/share/pal_gazebo_worlds/models/sofa/sofa.sdf
[8.720s] -- Symlinking: /workspaces/TIAgo_humble/install/pal_gazebo_worlds/share/pal_gazebo_worlds/models/sprite/material/scripts/sprite.material
[8.741s] -- Symlinking: /workspaces/TIAgo_humble/install/pal_gazebo_worlds/share/pal_gazebo_worlds/models/sprite/material/textures/sprite.jpg
[8.753s] -- Symlinking: /workspaces/TIAgo_humble/install/pal_gazebo_worlds/share/pal_gazebo_worlds/models/sprite/model.config
[8.776s] -- Symlinking: /workspaces/TIAgo_humble/install/pal_gazebo_worlds/share/pal_gazebo_worlds/models/sprite/sprite.sdf
[8.797s] -- Symlinking: /workspaces/TIAgo_humble/install/pal_gazebo_worlds/share/pal_gazebo_worlds/models/sun/model-1_2.sdf
[8.816s] -- Symlinking: /workspaces/TIAgo_humble/install/pal_gazebo_worlds/share/pal_gazebo_worlds/models/sun/model-1_3.sdf
[8.837s] -- Symlinking: /workspaces/TIAgo_humble/install/pal_gazebo_worlds/share/pal_gazebo_worlds/models/sun/model-1_4.sdf
[8.878s] -- Symlinking: /workspaces/TIAgo_humble/install/pal_gazebo_worlds/share/pal_gazebo_worlds/models/sun/model.config
[8.919s] -- Symlinking: /workspaces/TIAgo_humble/install/pal_gazebo_worlds/share/pal_gazebo_worlds/models/sun/model.sdf
[9.008s] -- Symlinking: /workspaces/TIAgo_humble/install/pal_gazebo_worlds/share/pal_gazebo_worlds/models/table_0m8/model.config
[9.044s] -- Symlinking: /workspaces/TIAgo_humble/install/pal_gazebo_worlds/share/pal_gazebo_worlds/models/table_0m8/table.sdf
[9.071s] -- Symlinking: /workspaces/TIAgo_humble/install/pal_gazebo_worlds/share/pal_gazebo_worlds/models/table_1m/model.config
[9.106s] -- Symlinking: /workspaces/TIAgo_humble/install/pal_gazebo_worlds/share/pal_gazebo_worlds/models/table_1m/table_1m.sdf
[9.131s] -- Symlinking: /workspaces/TIAgo_humble/install/pal_gazebo_worlds/share/pal_gazebo_worlds/models/test2/meshes/test2.dae
[9.163s] -- Symlinking: /workspaces/TIAgo_humble/install/pal_gazebo_worlds/share/pal_gazebo_worlds/models/test2/model.config
[9.233s] -- Symlinking: /workspaces/TIAgo_humble/install/pal_gazebo_worlds/share/pal_gazebo_worlds/models/test2/test2.sdf
[9.267s] -- Symlinking: /workspaces/TIAgo_humble/install/pal_gazebo_worlds/share/pal_gazebo_worlds/models/testing_room/README
[9.345s] -- Symlinking: /workspaces/TIAgo_humble/install/pal_gazebo_worlds/share/pal_gazebo_worlds/models/testing_room/model.config
[9.414s] -- Symlinking: /workspaces/TIAgo_humble/install/pal_gazebo_worlds/share/pal_gazebo_worlds/models/testing_room/model.sdf
[9.452s] -- Symlinking: /workspaces/TIAgo_humble/install/pal_gazebo_worlds/share/pal_gazebo_worlds/models/testing_room/testing_room.png
[9.468s] -- Symlinking: /workspaces/TIAgo_humble/install/pal_gazebo_worlds/share/pal_gazebo_worlds/models/tv/meshes/tv.stl
[9.491s] -- Symlinking: /workspaces/TIAgo_humble/install/pal_gazebo_worlds/share/pal_gazebo_worlds/models/tv/model.config
[9.514s] -- Symlinking: /workspaces/TIAgo_humble/install/pal_gazebo_worlds/share/pal_gazebo_worlds/models/tv/tv.sdf
[9.541s] -- Symlinking: /workspaces/TIAgo_humble/install/pal_gazebo_worlds/share/pal_gazebo_worlds/models/wall_with_reem_photo/material/scripts/ball.material
[9.567s] -- Symlinking: /workspaces/TIAgo_humble/install/pal_gazebo_worlds/share/pal_gazebo_worlds/models/wall_with_reem_photo/material/scripts/wallWithREEMphoto.material
[9.604s] -- Symlinking: /workspaces/TIAgo_humble/install/pal_gazebo_worlds/share/pal_gazebo_worlds/models/wall_with_reem_photo/material/textures/REEM_photo0.jpg
[9.638s] -- Symlinking: /workspaces/TIAgo_humble/install/pal_gazebo_worlds/share/pal_gazebo_worlds/models/wall_with_reem_photo/model.config
[9.686s] -- Symlinking: /workspaces/TIAgo_humble/install/pal_gazebo_worlds/share/pal_gazebo_worlds/models/wall_with_reem_photo/model.sdf
[9.720s] -- Symlinking: /workspaces/TIAgo_humble/install/pal_gazebo_worlds/share/pal_gazebo_worlds/models/wardrobe/meshes/wardrobe.stl
[9.756s] -- Symlinking: /workspaces/TIAgo_humble/install/pal_gazebo_worlds/share/pal_gazebo_worlds/models/wardrobe/model.config
[9.924s] -- Symlinking: /workspaces/TIAgo_humble/install/pal_gazebo_worlds/share/pal_gazebo_worlds/models/wardrobe/wardrobe.sdf
[9.981s] -- Symlinking: /workspaces/TIAgo_humble/install/pal_gazebo_worlds/share/pal_gazebo_worlds/models/willowgarage/materials/textures/Carpet_Berber_Pattern_Gray_.png
[10.039s] -- Symlinking: /workspaces/TIAgo_humble/install/pal_gazebo_worlds/share/pal_gazebo_worlds/models/willowgarage/materials/textures/Stone_Brushed_Khaki_.png
[10.086s] -- Symlinking: /workspaces/TIAgo_humble/install/pal_gazebo_worlds/share/pal_gazebo_worlds/models/willowgarage/materials/textures/Wood_Bamboo_Medium_.png
[10.086s] -- Symlinking: /workspaces/TIAgo_humble/install/pal_gazebo_worlds/share/pal_gazebo_worlds/models/willowgarage/materials/textures/Wood_Cherry_Original_.png
[10.094s] -- Symlinking: /workspaces/TIAgo_humble/install/pal_gazebo_worlds/share/pal_gazebo_worlds/models/willowgarage/materials/textures/__Wood_Bamboo_Medium_1.png
[10.134s] -- Symlinking: /workspaces/TIAgo_humble/install/pal_gazebo_worlds/share/pal_gazebo_worlds/models/willowgarage/materials/textures/__auto_12.png
[10.225s] -- Symlinking: /workspaces/TIAgo_humble/install/pal_gazebo_worlds/share/pal_gazebo_worlds/models/willowgarage/materials/textures/__auto_2.png
[10.231s] -- Symlinking: /workspaces/TIAgo_humble/install/pal_gazebo_worlds/share/pal_gazebo_worlds/models/willowgarage/meshes/willowgarage_collision.dae
[10.232s] -- Symlinking: /workspaces/TIAgo_humble/install/pal_gazebo_worlds/share/pal_gazebo_worlds/models/willowgarage/meshes/willowgarage_visual.dae
[10.278s] -- Symlinking: /workspaces/TIAgo_humble/install/pal_gazebo_worlds/share/pal_gazebo_worlds/worlds/aruco.world
[10.299s] -- Symlinking: /workspaces/TIAgo_humble/install/pal_gazebo_worlds/share/pal_gazebo_worlds/worlds/ball.world
[10.321s] -- Symlinking: /workspaces/TIAgo_humble/install/pal_gazebo_worlds/share/pal_gazebo_worlds/worlds/cabinet_grasping.world
[10.341s] -- Symlinking: /workspaces/TIAgo_humble/install/pal_gazebo_worlds/share/pal_gazebo_worlds/worlds/calibration_room.world
[10.369s] -- Symlinking: /workspaces/TIAgo_humble/install/pal_gazebo_worlds/share/pal_gazebo_worlds/worlds/chairs.world
[10.454s] -- Symlinking: /workspaces/TIAgo_humble/install/pal_gazebo_worlds/share/pal_gazebo_worlds/worlds/corridor_110cm.world
[10.471s] -- Symlinking: /workspaces/TIAgo_humble/install/pal_gazebo_worlds/share/pal_gazebo_worlds/worlds/corridor_60cm.world
[10.518s] -- Symlinking: /workspaces/TIAgo_humble/install/pal_gazebo_worlds/share/pal_gazebo_worlds/worlds/corridor_70cm.world
[10.568s] -- Symlinking: /workspaces/TIAgo_humble/install/pal_gazebo_worlds/share/pal_gazebo_worlds/worlds/corridor_85cm.world
[10.591s] -- Symlinking: /workspaces/TIAgo_humble/install/pal_gazebo_worlds/share/pal_gazebo_worlds/worlds/corridor_95cm.world
[10.624s] -- Symlinking: /workspaces/TIAgo_humble/install/pal_gazebo_worlds/share/pal_gazebo_worlds/worlds/dock_and_aruco.world
[10.659s] -- Symlinking: /workspaces/TIAgo_humble/install/pal_gazebo_worlds/share/pal_gazebo_worlds/worlds/dock_station.world
[10.683s] -- Symlinking: /workspaces/TIAgo_humble/install/pal_gazebo_worlds/share/pal_gazebo_worlds/worlds/docker_chair.world
[10.713s] -- Symlinking: /workspaces/TIAgo_humble/install/pal_gazebo_worlds/share/pal_gazebo_worlds/worlds/door_obstacle.world
[10.749s] -- Symlinking: /workspaces/TIAgo_humble/install/pal_gazebo_worlds/share/pal_gazebo_worlds/worlds/dynamic_obstacle_avoidance.world
[10.783s] -- Symlinking: /workspaces/TIAgo_humble/install/pal_gazebo_worlds/share/pal_gazebo_worlds/worlds/empty.sdf
[10.808s] -- Symlinking: /workspaces/TIAgo_humble/install/pal_gazebo_worlds/share/pal_gazebo_worlds/worlds/empty.world
[10.828s] -- Symlinking: /workspaces/TIAgo_humble/install/pal_gazebo_worlds/share/pal_gazebo_worlds/worlds/empty_room.world
[10.868s] -- Symlinking: /workspaces/TIAgo_humble/install/pal_gazebo_worlds/share/pal_gazebo_worlds/worlds/factory.world
[10.904s] -- Symlinking: /workspaces/TIAgo_humble/install/pal_gazebo_worlds/share/pal_gazebo_worlds/worlds/featured.world
[10.954s] -- Symlinking: /workspaces/TIAgo_humble/install/pal_gazebo_worlds/share/pal_gazebo_worlds/worlds/footstep_obstacle.world
[10.969s] -- Symlinking: /workspaces/TIAgo_humble/install/pal_gazebo_worlds/share/pal_gazebo_worlds/worlds/hit_table.world
[11.015s] -- Symlinking: /workspaces/TIAgo_humble/install/pal_gazebo_worlds/share/pal_gazebo_worlds/worlds/home.world
[11.039s] -- Symlinking: /workspaces/TIAgo_humble/install/pal_gazebo_worlds/share/pal_gazebo_worlds/worlds/home_w_aruco.world
[11.077s] -- Symlinking: /workspaces/TIAgo_humble/install/pal_gazebo_worlds/share/pal_gazebo_worlds/worlds/hospital.world
[11.115s] -- Symlinking: /workspaces/TIAgo_humble/install/pal_gazebo_worlds/share/pal_gazebo_worlds/worlds/hospital_flat.world
[11.144s] -- Symlinking: /workspaces/TIAgo_humble/install/pal_gazebo_worlds/share/pal_gazebo_worlds/worlds/look_to_point.world
[11.164s] -- Symlinking: /workspaces/TIAgo_humble/install/pal_gazebo_worlds/share/pal_gazebo_worlds/worlds/low_sun_empty.world
[11.180s] -- Symlinking: /workspaces/TIAgo_humble/install/pal_gazebo_worlds/share/pal_gazebo_worlds/worlds/memmo_simple.world
[11.200s] -- Symlinking: /workspaces/TIAgo_humble/install/pal_gazebo_worlds/share/pal_gazebo_worlds/worlds/narrow_passage.world
[11.224s] -- Symlinking: /workspaces/TIAgo_humble/install/pal_gazebo_worlds/share/pal_gazebo_worlds/worlds/navigation_gym.sdf
[11.239s] -- Symlinking: /workspaces/TIAgo_humble/install/pal_gazebo_worlds/share/pal_gazebo_worlds/worlds/objects_on_table.world
[11.257s] -- Symlinking: /workspaces/TIAgo_humble/install/pal_gazebo_worlds/share/pal_gazebo_worlds/worlds/obstacle_avoidance.world
[11.324s] -- Symlinking: /workspaces/TIAgo_humble/install/pal_gazebo_worlds/share/pal_gazebo_worlds/worlds/pal_office.sdf
[11.342s] -- Symlinking: /workspaces/TIAgo_humble/install/pal_gazebo_worlds/share/pal_gazebo_worlds/worlds/pal_office.world
[11.403s] -- Symlinking: /workspaces/TIAgo_humble/install/pal_gazebo_worlds/share/pal_gazebo_worlds/worlds/pal_office_w_apriltag.world
[11.424s] -- Symlinking: /workspaces/TIAgo_humble/install/pal_gazebo_worlds/share/pal_gazebo_worlds/worlds/pal_office_w_aruco.world
[11.446s] -- Symlinking: /workspaces/TIAgo_humble/install/pal_gazebo_worlds/share/pal_gazebo_worlds/worlds/pal_office_w_docks.world
[11.461s] -- Symlinking: /workspaces/TIAgo_humble/install/pal_gazebo_worlds/share/pal_gazebo_worlds/worlds/pal_textured_object.world
[11.481s] -- Symlinking: /workspaces/TIAgo_humble/install/pal_gazebo_worlds/share/pal_gazebo_worlds/worlds/passage_110cm.world
[11.501s] -- Symlinking: /workspaces/TIAgo_humble/install/pal_gazebo_worlds/share/pal_gazebo_worlds/worlds/passage_60cm.world
[11.533s] -- Symlinking: /workspaces/TIAgo_humble/install/pal_gazebo_worlds/share/pal_gazebo_worlds/worlds/passage_70cm.world
[11.563s] -- Symlinking: /workspaces/TIAgo_humble/install/pal_gazebo_worlds/share/pal_gazebo_worlds/worlds/pg_demo.world
[11.572s] -- Symlinking: /workspaces/TIAgo_humble/install/pal_gazebo_worlds/share/pal_gazebo_worlds/worlds/pick.world
[11.582s] -- Symlinking: /workspaces/TIAgo_humble/install/pal_gazebo_worlds/share/pal_gazebo_worlds/worlds/pick_place_cabinet.world
[11.594s] -- Symlinking: /workspaces/TIAgo_humble/install/pal_gazebo_worlds/share/pal_gazebo_worlds/worlds/pick_place_close_demo.world
[11.610s] -- Symlinking: /workspaces/TIAgo_humble/install/pal_gazebo_worlds/share/pal_gazebo_worlds/worlds/pick_place_demo.world
[11.622s] -- Symlinking: /workspaces/TIAgo_humble/install/pal_gazebo_worlds/share/pal_gazebo_worlds/worlds/reemc.world
[11.638s] -- Symlinking: /workspaces/TIAgo_humble/install/pal_gazebo_worlds/share/pal_gazebo_worlds/worlds/reemc_indoor.world
[11.647s] -- Symlinking: /workspaces/TIAgo_humble/install/pal_gazebo_worlds/share/pal_gazebo_worlds/worlds/roscon_es_25.world
[11.661s] -- Symlinking: /workspaces/TIAgo_humble/install/pal_gazebo_worlds/share/pal_gazebo_worlds/worlds/simple_office.world
[11.669s] -- Symlinking: /workspaces/TIAgo_humble/install/pal_gazebo_worlds/share/pal_gazebo_worlds/worlds/simple_office_with_people.world
[11.688s] -- Symlinking: /workspaces/TIAgo_humble/install/pal_gazebo_worlds/share/pal_gazebo_worlds/worlds/simple_ramp.world
[11.705s] -- Symlinking: /workspaces/TIAgo_humble/install/pal_gazebo_worlds/share/pal_gazebo_worlds/worlds/small_factory.world
[11.722s] -- Symlinking: /workspaces/TIAgo_humble/install/pal_gazebo_worlds/share/pal_gazebo_worlds/worlds/small_office.world
[11.736s] -- Symlinking: /workspaces/TIAgo_humble/install/pal_gazebo_worlds/share/pal_gazebo_worlds/worlds/small_office_door_obstacle.world
[11.745s] -- Symlinking: /workspaces/TIAgo_humble/install/pal_gazebo_worlds/share/pal_gazebo_worlds/worlds/small_office_inventory.world
[11.756s] -- Symlinking: /workspaces/TIAgo_humble/install/pal_gazebo_worlds/share/pal_gazebo_worlds/worlds/small_office_w_aruco_w_docks.world
[11.767s] -- Symlinking: /workspaces/TIAgo_humble/install/pal_gazebo_worlds/share/pal_gazebo_worlds/worlds/small_textured_office.world
[11.778s] -- Symlinking: /workspaces/TIAgo_humble/install/pal_gazebo_worlds/share/pal_gazebo_worlds/worlds/socmcs.world
[11.786s] -- Symlinking: /workspaces/TIAgo_humble/install/pal_gazebo_worlds/share/pal_gazebo_worlds/worlds/stairs.world
[11.797s] -- Symlinking: /workspaces/TIAgo_humble/install/pal_gazebo_worlds/share/pal_gazebo_worlds/worlds/stamping_demo.world
[11.806s] -- Symlinking: /workspaces/TIAgo_humble/install/pal_gazebo_worlds/share/pal_gazebo_worlds/worlds/t_shaped.world
[11.844s] -- Symlinking: /workspaces/TIAgo_humble/install/pal_gazebo_worlds/share/pal_gazebo_worlds/worlds/tabletop_cube.world
[11.868s] -- Symlinking: /workspaces/TIAgo_humble/install/pal_gazebo_worlds/share/pal_gazebo_worlds/worlds/tabletop_cylinder.world
[11.883s] -- Symlinking: /workspaces/TIAgo_humble/install/pal_gazebo_worlds/share/pal_gazebo_worlds/worlds/tutorial_office.world
[11.895s] -- Symlinking: /workspaces/TIAgo_humble/install/pal_gazebo_worlds/share/pal_gazebo_worlds/worlds/voronoi_graph.world
[11.904s] -- Symlinking: /workspaces/TIAgo_humble/install/pal_gazebo_worlds/share/pal_gazebo_worlds/worlds/willow_garage.world
[11.920s] -- Symlinking: /workspaces/TIAgo_humble/install/pal_gazebo_worlds/share/pal_gazebo_worlds/worlds/world_wall_REEM_photo.world
[12.003s] -- Symlinking: /workspaces/TIAgo_humble/install/pal_gazebo_worlds/share/pal_gazebo_worlds/urdf/chessboard/chessboard.gazebo.xacro
[12.006s] -- Symlinking: /workspaces/TIAgo_humble/install/pal_gazebo_worlds/share/pal_gazebo_worlds/urdf/chessboard/chessboard.urdf.xacro
[12.054s] -- Symlinking: /workspaces/TIAgo_humble/install/pal_gazebo_worlds/share/pal_gazebo_worlds/urdf/chessboard/chessboard_example.urdf.xacro
[12.074s] -- Symlinking: /workspaces/TIAgo_humble/install/pal_gazebo_worlds/share/pal_gazebo_worlds/urdf/simple_box.urdf
[12.127s] -- Symlinking: /workspaces/TIAgo_humble/install/pal_gazebo_worlds/share/pal_gazebo_worlds/meshes/chessboard/chessboard.dae
[12.156s] -- Symlinking: /workspaces/TIAgo_humble/install/pal_gazebo_worlds/share/pal_gazebo_worlds/meshes/chessboard/chessboard.png
[12.190s] -- Symlinking: /workspaces/TIAgo_humble/install/pal_gazebo_worlds/share/ament_index/resource_index/package_run_dependencies/pal_gazebo_worlds
[12.263s] -- Symlinking: /workspaces/TIAgo_humble/install/pal_gazebo_worlds/share/ament_index/resource_index/parent_prefix_path/pal_gazebo_worlds
[12.264s] -- Symlinking: /workspaces/TIAgo_humble/install/pal_gazebo_worlds/share/pal_gazebo_worlds/environment/ament_prefix_path.sh
[12.265s] -- Symlinking: /workspaces/TIAgo_humble/install/pal_gazebo_worlds/share/pal_gazebo_worlds/environment/ament_prefix_path.dsv
[12.269s] -- Symlinking: /workspaces/TIAgo_humble/install/pal_gazebo_worlds/share/pal_gazebo_worlds/environment/path.sh
[12.293s] -- Symlinking: /workspaces/TIAgo_humble/install/pal_gazebo_worlds/share/pal_gazebo_worlds/environment/path.dsv
[12.315s] -- Symlinking: /workspaces/TIAgo_humble/install/pal_gazebo_worlds/share/pal_gazebo_worlds/local_setup.bash
[12.327s] -- Symlinking: /workspaces/TIAgo_humble/install/pal_gazebo_worlds/share/pal_gazebo_worlds/local_setup.sh
[12.346s] -- Symlinking: /workspaces/TIAgo_humble/install/pal_gazebo_worlds/share/pal_gazebo_worlds/local_setup.zsh
[12.368s] -- Symlinking: /workspaces/TIAgo_humble/install/pal_gazebo_worlds/share/pal_gazebo_worlds/local_setup.dsv
[12.393s] -- Symlinking: /workspaces/TIAgo_humble/install/pal_gazebo_worlds/share/pal_gazebo_worlds/package.dsv
[12.422s] -- Symlinking: /workspaces/TIAgo_humble/install/pal_gazebo_worlds/share/ament_index/resource_index/packages/pal_gazebo_worlds
[12.443s] -- Symlinking: /workspaces/TIAgo_humble/install/pal_gazebo_worlds/share/pal_gazebo_worlds/cmake/pal_gazebo_worldsConfig.cmake
[12.464s] -- Symlinking: /workspaces/TIAgo_humble/install/pal_gazebo_worlds/share/pal_gazebo_worlds/cmake/pal_gazebo_worldsConfig-version.cmake
[12.485s] -- Symlinking: /workspaces/TIAgo_humble/install/pal_gazebo_worlds/share/pal_gazebo_worlds/package.xml
[12.524s] Invoked command in '/workspaces/TIAgo_humble/build/pal_gazebo_worlds' returned '0': AMENT_PREFIX_PATH=/workspaces/TIAgo_humble/install/launch_pal:${AMENT_PREFIX_PATH} CMAKE_PREFIX_PATH=/opt/ros/humble PYTHONPATH=/workspaces/TIAgo_humble/build/launch_pal:/workspaces/TIAgo_humble/install/launch_pal/lib/python3.10/site-packages:${PYTHONPATH} /usr/bin/cmake --install /workspaces/TIAgo_humble/build/pal_gazebo_worlds
