-- The C compiler identification is GNU 11.4.0
-- The CXX compiler identification is GNU 11.4.0
-- Detecting C compiler ABI info
-- Detecting C compiler ABI info - done
-- Check for working C compiler: /usr/bin/cc - skipped
-- Detecting C compile features
-- Detecting C compile features - done
-- Detecting CXX compiler ABI info
-- Detecting CXX compiler ABI info - done
-- Check for working CXX compiler: /usr/bin/c++ - skipped
-- Detecting CXX compile features
-- Detecting CXX compile features - done
-- Found ament_cmake_auto: 1.3.14 (/opt/ros/humble/share/ament_cmake_auto/cmake)
-- Found Python3: /usr/bin/python3 (found version "3.10.12") found components: Interpreter 
-- Override CMake install command with custom implementation using symlinks instead of copying resources
-- Configuring done
-- Generating done
-- Build files have been written to: /workspaces/TIAgo_humble/build/pmb2_navigation
-- Install configuration: "Release"
-- Execute custom install script
-- Symlinking: /workspaces/TIAgo_humble/install/pmb2_navigation/share/ament_index/resource_index/package_run_dependencies/pmb2_navigation
-- Symlinking: /workspaces/TIAgo_humble/install/pmb2_navigation/share/ament_index/resource_index/parent_prefix_path/pmb2_navigation
-- Symlinking: /workspaces/TIAgo_humble/install/pmb2_navigation/share/pmb2_navigation/environment/ament_prefix_path.sh
-- Symlinking: /workspaces/TIAgo_humble/install/pmb2_navigation/share/pmb2_navigation/environment/ament_prefix_path.dsv
-- Symlinking: /workspaces/TIAgo_humble/install/pmb2_navigation/share/pmb2_navigation/environment/path.sh
-- Symlinking: /workspaces/TIAgo_humble/install/pmb2_navigation/share/pmb2_navigation/environment/path.dsv
-- Symlinking: /workspaces/TIAgo_humble/install/pmb2_navigation/share/pmb2_navigation/local_setup.bash
-- Symlinking: /workspaces/TIAgo_humble/install/pmb2_navigation/share/pmb2_navigation/local_setup.sh
-- Symlinking: /workspaces/TIAgo_humble/install/pmb2_navigation/share/pmb2_navigation/local_setup.zsh
-- Symlinking: /workspaces/TIAgo_humble/install/pmb2_navigation/share/pmb2_navigation/local_setup.dsv
-- Symlinking: /workspaces/TIAgo_humble/install/pmb2_navigation/share/pmb2_navigation/package.dsv
-- Symlinking: /workspaces/TIAgo_humble/install/pmb2_navigation/share/ament_index/resource_index/packages/pmb2_navigation
-- Symlinking: /workspaces/TIAgo_humble/install/pmb2_navigation/share/pmb2_navigation/cmake/pmb2_navigationConfig.cmake
-- Symlinking: /workspaces/TIAgo_humble/install/pmb2_navigation/share/pmb2_navigation/cmake/pmb2_navigationConfig-version.cmake
-- Symlinking: /workspaces/TIAgo_humble/install/pmb2_navigation/share/pmb2_navigation/package.xml
