[1.085s] Invoking command in '/workspaces/TIAgo_humble/build/launch_pal': PYTHONPATH=/workspaces/TIAgo_humble/build/launch_pal/prefix_override:/usr/lib/python3/dist-packages/colcon_core/task/python/colcon_distutils_commands:/workspaces/TIAgo_humble/install/launch_pal/lib/python3.10/site-packages:${PYTHONPATH} /usr/bin/python3 -W ignore:setup.py install is deprecated -W ignore:easy_install command is deprecated setup.py develop --editable --build-directory /workspaces/TIAgo_humble/build/launch_pal/build --no-deps symlink_data
[1.339s] running develop
[1.465s] running egg_info
[1.466s] creating launch_pal.egg-info
[1.466s] writing launch_pal.egg-info/PKG-INFO
[1.466s] writing dependency_links to launch_pal.egg-info/dependency_links.txt
[1.466s] writing entry points to launch_pal.egg-info/entry_points.txt
[1.466s] writing requirements to launch_pal.egg-info/requires.txt
[1.466s] writing top-level names to launch_pal.egg-info/top_level.txt
[1.469s] writing manifest file 'launch_pal.egg-info/SOURCES.txt'
[1.470s] reading manifest file 'launch_pal.egg-info/SOURCES.txt'
[1.471s] writing manifest file 'launch_pal.egg-info/SOURCES.txt'
[1.473s] running build_ext
[1.473s] Creating /workspaces/TIAgo_humble/install/launch_pal/lib/python3.10/site-packages/launch-pal.egg-link (link to .)
[1.473s] 
[1.473s] Installed /workspaces/TIAgo_humble/build/launch_pal
[1.473s] running symlink_data
[1.474s] creating /workspaces/TIAgo_humble/install/launch_pal/share/ament_index
[1.474s] creating /workspaces/TIAgo_humble/install/launch_pal/share/ament_index/resource_index
[1.474s] creating /workspaces/TIAgo_humble/install/launch_pal/share/ament_index/resource_index/packages
[1.474s] symbolically linking /workspaces/TIAgo_humble/build/launch_pal/resource/launch_pal -> /workspaces/TIAgo_humble/install/launch_pal/share/ament_index/resource_index/packages
[1.474s] symbolically linking /workspaces/TIAgo_humble/build/launch_pal/package.xml -> /workspaces/TIAgo_humble/install/launch_pal/share/launch_pal
[1.474s] creating /workspaces/TIAgo_humble/install/launch_pal/share/launch_pal/config
[1.474s] symbolically linking /workspaces/TIAgo_humble/build/launch_pal/config/robot_configuration.yaml -> /workspaces/TIAgo_humble/install/launch_pal/share/launch_pal/config
[1.508s] Invoked command in '/workspaces/TIAgo_humble/build/launch_pal' returned '0': PYTHONPATH=/workspaces/TIAgo_humble/build/launch_pal/prefix_override:/usr/lib/python3/dist-packages/colcon_core/task/python/colcon_distutils_commands:/workspaces/TIAgo_humble/install/launch_pal/lib/python3.10/site-packages:${PYTHONPATH} /usr/bin/python3 -W ignore:setup.py install is deprecated -W ignore:easy_install command is deprecated setup.py develop --editable --build-directory /workspaces/TIAgo_humble/build/launch_pal/build --no-deps symlink_data
