[0.043s] Invoking command in '/workspaces/TIAgo_humble/build/omni_base_robot': AMENT_PREFIX_PATH=/workspaces/TIAgo_humble/install/omni_base_bringup:/workspaces/TIAgo_humble/install/omni_base_description:/workspaces/TIAgo_humble/install/pal_urdf_utils:/workspaces/TIAgo_humble/install/omni_base_controller_configuration:/workspaces/TIAgo_humble/install/launch_pal:${AMENT_PREFIX_PATH} CMAKE_PREFIX_PATH=/workspaces/TIAgo_humble/install/omni_base_bringup:/workspaces/TIAgo_humble/install/omni_base_description:/workspaces/TIAgo_humble/install/pal_urdf_utils:/workspaces/TIAgo_humble/install/omni_base_controller_configuration:/opt/ros/humble PYTHONPATH=/workspaces/TIAgo_humble/install/omni_base_description/local/lib/python3.10/dist-packages:/workspaces/TIAgo_humble/build/launch_pal:/workspaces/TIAgo_humble/install/launch_pal/lib/python3.10/site-packages:${PYTHONPATH} /usr/bin/cmake /workspaces/TIAgo_humble/ros2_ws/src/omni_base_robot/omni_base_robot -DCMAKE_BUILD_TYPE=Release -DAMENT_CMAKE_SYMLINK_INSTALL=1 -DCMAKE_INSTALL_PREFIX=/workspaces/TIAgo_humble/install/omni_base_robot
[0.198s] -- The C compiler identification is GNU 11.4.0
[0.410s] -- The CXX compiler identification is GNU 11.4.0
[0.433s] -- Detecting C compiler ABI info
[0.686s] -- Detecting C compiler ABI info - done
[0.724s] -- Check for working C compiler: /usr/bin/cc - skipped
[0.724s] -- Detecting C compile features
[0.725s] -- Detecting C compile features - done
[0.730s] -- Detecting CXX compiler ABI info
[1.249s] -- Detecting CXX compiler ABI info - done
[1.282s] -- Check for working CXX compiler: /usr/bin/c++ - skipped
[1.282s] -- Detecting CXX compile features
[1.283s] -- Detecting CXX compile features - done
[1.287s] -- Found ament_cmake_auto: 1.3.14 (/opt/ros/humble/share/ament_cmake_auto/cmake)
[1.516s] -- Found Python3: /usr/bin/python3 (found version "3.10.12") found components: Interpreter 
[1.731s] -- Override CMake install command with custom implementation using symlinks instead of copying resources
[2.365s] -- Configuring done
[2.372s] -- Generating done
[2.372s] -- Build files have been written to: /workspaces/TIAgo_humble/build/omni_base_robot
[2.393s] Invoked command in '/workspaces/TIAgo_humble/build/omni_base_robot' returned '0': AMENT_PREFIX_PATH=/workspaces/TIAgo_humble/install/omni_base_bringup:/workspaces/TIAgo_humble/install/omni_base_description:/workspaces/TIAgo_humble/install/pal_urdf_utils:/workspaces/TIAgo_humble/install/omni_base_controller_configuration:/workspaces/TIAgo_humble/install/launch_pal:${AMENT_PREFIX_PATH} CMAKE_PREFIX_PATH=/workspaces/TIAgo_humble/install/omni_base_bringup:/workspaces/TIAgo_humble/install/omni_base_description:/workspaces/TIAgo_humble/install/pal_urdf_utils:/workspaces/TIAgo_humble/install/omni_base_controller_configuration:/opt/ros/humble PYTHONPATH=/workspaces/TIAgo_humble/install/omni_base_description/local/lib/python3.10/dist-packages:/workspaces/TIAgo_humble/build/launch_pal:/workspaces/TIAgo_humble/install/launch_pal/lib/python3.10/site-packages:${PYTHONPATH} /usr/bin/cmake /workspaces/TIAgo_humble/ros2_ws/src/omni_base_robot/omni_base_robot -DCMAKE_BUILD_TYPE=Release -DAMENT_CMAKE_SYMLINK_INSTALL=1 -DCMAKE_INSTALL_PREFIX=/workspaces/TIAgo_humble/install/omni_base_robot
[2.393s] Invoking command in '/workspaces/TIAgo_humble/build/omni_base_robot': AMENT_PREFIX_PATH=/workspaces/TIAgo_humble/install/omni_base_bringup:/workspaces/TIAgo_humble/install/omni_base_description:/workspaces/TIAgo_humble/install/pal_urdf_utils:/workspaces/TIAgo_humble/install/omni_base_controller_configuration:/workspaces/TIAgo_humble/install/launch_pal:${AMENT_PREFIX_PATH} CMAKE_PREFIX_PATH=/workspaces/TIAgo_humble/install/omni_base_bringup:/workspaces/TIAgo_humble/install/omni_base_description:/workspaces/TIAgo_humble/install/pal_urdf_utils:/workspaces/TIAgo_humble/install/omni_base_controller_configuration:/opt/ros/humble PYTHONPATH=/workspaces/TIAgo_humble/install/omni_base_description/local/lib/python3.10/dist-packages:/workspaces/TIAgo_humble/build/launch_pal:/workspaces/TIAgo_humble/install/launch_pal/lib/python3.10/site-packages:${PYTHONPATH} /usr/bin/cmake --build /workspaces/TIAgo_humble/build/omni_base_robot -- -j24 -l24
[2.478s] Invoked command in '/workspaces/TIAgo_humble/build/omni_base_robot' returned '0': AMENT_PREFIX_PATH=/workspaces/TIAgo_humble/install/omni_base_bringup:/workspaces/TIAgo_humble/install/omni_base_description:/workspaces/TIAgo_humble/install/pal_urdf_utils:/workspaces/TIAgo_humble/install/omni_base_controller_configuration:/workspaces/TIAgo_humble/install/launch_pal:${AMENT_PREFIX_PATH} CMAKE_PREFIX_PATH=/workspaces/TIAgo_humble/install/omni_base_bringup:/workspaces/TIAgo_humble/install/omni_base_description:/workspaces/TIAgo_humble/install/pal_urdf_utils:/workspaces/TIAgo_humble/install/omni_base_controller_configuration:/opt/ros/humble PYTHONPATH=/workspaces/TIAgo_humble/install/omni_base_description/local/lib/python3.10/dist-packages:/workspaces/TIAgo_humble/build/launch_pal:/workspaces/TIAgo_humble/install/launch_pal/lib/python3.10/site-packages:${PYTHONPATH} /usr/bin/cmake --build /workspaces/TIAgo_humble/build/omni_base_robot -- -j24 -l24
[2.478s] Invoking command in '/workspaces/TIAgo_humble/build/omni_base_robot': AMENT_PREFIX_PATH=/workspaces/TIAgo_humble/install/omni_base_bringup:/workspaces/TIAgo_humble/install/omni_base_description:/workspaces/TIAgo_humble/install/pal_urdf_utils:/workspaces/TIAgo_humble/install/omni_base_controller_configuration:/workspaces/TIAgo_humble/install/launch_pal:${AMENT_PREFIX_PATH} CMAKE_PREFIX_PATH=/workspaces/TIAgo_humble/install/omni_base_bringup:/workspaces/TIAgo_humble/install/omni_base_description:/workspaces/TIAgo_humble/install/pal_urdf_utils:/workspaces/TIAgo_humble/install/omni_base_controller_configuration:/opt/ros/humble PYTHONPATH=/workspaces/TIAgo_humble/install/omni_base_description/local/lib/python3.10/dist-packages:/workspaces/TIAgo_humble/build/launch_pal:/workspaces/TIAgo_humble/install/launch_pal/lib/python3.10/site-packages:${PYTHONPATH} /usr/bin/cmake --install /workspaces/TIAgo_humble/build/omni_base_robot
[2.494s] -- Install configuration: "Release"
[2.496s] -- Execute custom install script
[2.498s] -- Symlinking: /workspaces/TIAgo_humble/install/omni_base_robot/share/ament_index/resource_index/package_run_dependencies/omni_base_robot
[2.645s] -- Symlinking: /workspaces/TIAgo_humble/install/omni_base_robot/share/ament_index/resource_index/parent_prefix_path/omni_base_robot
[2.645s] -- Symlinking: /workspaces/TIAgo_humble/install/omni_base_robot/share/omni_base_robot/environment/ament_prefix_path.sh
[2.645s] -- Symlinking: /workspaces/TIAgo_humble/install/omni_base_robot/share/omni_base_robot/environment/ament_prefix_path.dsv
[2.645s] -- Symlinking: /workspaces/TIAgo_humble/install/omni_base_robot/share/omni_base_robot/environment/path.sh
[2.645s] -- Symlinking: /workspaces/TIAgo_humble/install/omni_base_robot/share/omni_base_robot/environment/path.dsv
[2.646s] -- Symlinking: /workspaces/TIAgo_humble/install/omni_base_robot/share/omni_base_robot/local_setup.bash
[2.658s] -- Symlinking: /workspaces/TIAgo_humble/install/omni_base_robot/share/omni_base_robot/local_setup.sh
[2.680s] -- Symlinking: /workspaces/TIAgo_humble/install/omni_base_robot/share/omni_base_robot/local_setup.zsh
[2.690s] -- Symlinking: /workspaces/TIAgo_humble/install/omni_base_robot/share/omni_base_robot/local_setup.dsv
[2.699s] -- Symlinking: /workspaces/TIAgo_humble/install/omni_base_robot/share/omni_base_robot/package.dsv
[2.708s] -- Symlinking: /workspaces/TIAgo_humble/install/omni_base_robot/share/ament_index/resource_index/packages/omni_base_robot
[2.719s] -- Symlinking: /workspaces/TIAgo_humble/install/omni_base_robot/share/omni_base_robot/cmake/omni_base_robotConfig.cmake
[2.736s] -- Symlinking: /workspaces/TIAgo_humble/install/omni_base_robot/share/omni_base_robot/cmake/omni_base_robotConfig-version.cmake
[2.755s] -- Symlinking: /workspaces/TIAgo_humble/install/omni_base_robot/share/omni_base_robot/package.xml
[2.794s] Invoked command in '/workspaces/TIAgo_humble/build/omni_base_robot' returned '0': AMENT_PREFIX_PATH=/workspaces/TIAgo_humble/install/omni_base_bringup:/workspaces/TIAgo_humble/install/omni_base_description:/workspaces/TIAgo_humble/install/pal_urdf_utils:/workspaces/TIAgo_humble/install/omni_base_controller_configuration:/workspaces/TIAgo_humble/install/launch_pal:${AMENT_PREFIX_PATH} CMAKE_PREFIX_PATH=/workspaces/TIAgo_humble/install/omni_base_bringup:/workspaces/TIAgo_humble/install/omni_base_description:/workspaces/TIAgo_humble/install/pal_urdf_utils:/workspaces/TIAgo_humble/install/omni_base_controller_configuration:/opt/ros/humble PYTHONPATH=/workspaces/TIAgo_humble/install/omni_base_description/local/lib/python3.10/dist-packages:/workspaces/TIAgo_humble/build/launch_pal:/workspaces/TIAgo_humble/install/launch_pal/lib/python3.10/site-packages:${PYTHONPATH} /usr/bin/cmake --install /workspaces/TIAgo_humble/build/omni_base_robot
