[0.211s] Invoking command in '/workspaces/TIAgo_humble/build/moveit_ros_control_interface': CMAKE_PREFIX_PATH=/opt/ros/humble /usr/bin/cmake /workspaces/TIAgo_humble/ros2_ws/src/moveit_ros_control_interface -DCMAKE_BUILD_TYPE=Release -DAMENT_CMAKE_SYMLINK_INSTALL=1 -DCMAKE_INSTALL_PREFIX=/workspaces/TIAgo_humble/install/moveit_ros_control_interface
[0.316s] -- The C compiler identification is GNU 11.4.0
[0.414s] -- The CXX compiler identification is GNU 11.4.0
[0.426s] -- Detecting C compiler ABI info
[0.535s] -- Detecting C compiler ABI info - done
[0.549s] -- Check for working C compiler: /usr/bin/cc - skipped
[0.550s] -- Detecting C compile features
[0.550s] -- Detecting C compile features - done
[0.556s] -- Detecting CXX compiler ABI info
[0.676s] -- Detecting CXX compiler ABI info - done
[0.684s] -- Check for working CXX compiler: /usr/bin/c++ - skipped
[0.684s] -- Detecting CXX compile features
[0.685s] -- Detecting CXX compile features - done
[0.689s] -- Found ament_cmake: 1.3.14 (/opt/ros/humble/share/ament_cmake/cmake)
[0.908s] -- Found Python3: /usr/bin/python3 (found version "3.10.12") found components: Interpreter 
[1.020s] -- Override CMake install command with custom implementation using symlinks instead of copying resources
[1.076s] -- Found rclcpp_action: 16.0.19 (/opt/ros/humble/share/rclcpp_action/cmake)
[1.140s] -- Found rosidl_generator_c: 3.1.9 (/opt/ros/humble/share/rosidl_generator_c/cmake)
[1.150s] -- Found rosidl_adapter: 3.1.9 (/opt/ros/humble/share/rosidl_adapter/cmake)
[1.164s] -- Found rosidl_generator_cpp: 3.1.9 (/opt/ros/humble/share/rosidl_generator_cpp/cmake)
[1.183s] -- Using all available rosidl_typesupport_c: rosidl_typesupport_fastrtps_c;rosidl_typesupport_introspection_c
[1.204s] -- Using all available rosidl_typesupport_cpp: rosidl_typesupport_fastrtps_cpp;rosidl_typesupport_introspection_cpp
[1.341s] -- Found rmw_implementation_cmake: 6.1.3 (/opt/ros/humble/share/rmw_implementation_cmake/cmake)
[1.349s] -- Found rmw_fastrtps_cpp: 6.2.10 (/opt/ros/humble/share/rmw_fastrtps_cpp/cmake)
[1.495s] -- Found OpenSSL: /usr/lib/x86_64-linux-gnu/libcrypto.so (found version "3.0.2")  
[1.530s] -- Found FastRTPS: /opt/ros/humble/include  
[1.595s] -- Using RMW implementation 'rmw_fastrtps_cpp' as default
[1.616s] -- Looking for pthread.h
[1.709s] -- Looking for pthread.h - found
[1.710s] -- Performing Test CMAKE_HAVE_LIBC_PTHREAD
[1.795s] -- Performing Test CMAKE_HAVE_LIBC_PTHREAD - Success
[1.796s] -- Found Threads: TRUE  
[1.913s] -- Found controller_manager_msgs: 2.54.2 (/opt/ros/humble/share/controller_manager_msgs/cmake)
[1.959s] -- Found moveit_core: 2.5.10 (/opt/ros/humble/share/moveit_core/cmake)
[2.022s] -- Found Boost: /usr/lib/x86_64-linux-gnu/cmake/Boost-1.74.0/BoostConfig.cmake (found version "1.74.0") found components: chrono date_time filesystem iostreams program_options regex serialization system thread 
[2.094s] -- Found tcb_span: 1.3.2 (/opt/ros/humble/share/tcb_span/cmake)
[2.103s] -- Found rclcpp_lifecycle: 16.0.19 (/opt/ros/humble/share/rclcpp_lifecycle/cmake)
[2.118s] -- Found parameter_traits: 0.7.6 (/opt/ros/humble/share/parameter_traits/cmake)
[2.255s] -- library: /usr/lib/x86_64-linux-gnu/libcurl.so
[2.373s] -- Found Eigen3: TRUE (found version "3.4.0") 
[2.373s] -- Ensuring Eigen3 include directory is part of orocos-kdl CMake target
[2.686s] -- Found moveit_simple_controller_manager: 2.5.10 (/opt/ros/humble/share/moveit_simple_controller_manager/cmake)
[2.692s] -- Found Boost: /usr/lib/x86_64-linux-gnu/cmake/Boost-1.74.0/BoostConfig.cmake (found version "1.74.0") found components: thread 
[2.779s] -- Found moveit_common: 2.5.10 (/opt/ros/humble/share/moveit_common/cmake)
[2.877s] -- Found Boost: /usr/lib/x86_64-linux-gnu/cmake/Boost-1.74.0/BoostConfig.cmake (found version "1.74.0") found components: system thread 
[2.911s] -- Found ament_cmake_gtest: 1.3.14 (/opt/ros/humble/share/ament_cmake_gtest/cmake)
[2.917s] -- Found gtest sources under '/opt/ros/humble/src/gtest_vendor': C++ tests using 'Google Test' will be built
[2.954s] -- Configuring done
[3.165s] -- Generating done
[3.240s] -- Build files have been written to: /workspaces/TIAgo_humble/build/moveit_ros_control_interface
[3.269s] Invoked command in '/workspaces/TIAgo_humble/build/moveit_ros_control_interface' returned '0': CMAKE_PREFIX_PATH=/opt/ros/humble /usr/bin/cmake /workspaces/TIAgo_humble/ros2_ws/src/moveit_ros_control_interface -DCMAKE_BUILD_TYPE=Release -DAMENT_CMAKE_SYMLINK_INSTALL=1 -DCMAKE_INSTALL_PREFIX=/workspaces/TIAgo_humble/install/moveit_ros_control_interface
[3.272s] Invoking command in '/workspaces/TIAgo_humble/build/moveit_ros_control_interface': CMAKE_PREFIX_PATH=/opt/ros/humble /usr/bin/cmake --build /workspaces/TIAgo_humble/build/moveit_ros_control_interface -- -j24 -l24
[3.349s] [  7%] [32mBuilding CXX object gtest/CMakeFiles/gtest_main.dir/src/gtest_main.cc.o[0m
[3.359s] [ 14%] [32mBuilding CXX object CMakeFiles/moveit_ros_control_interface_trajectory_plugin.dir/src/joint_trajectory_controller_plugin.cpp.o[0m
[3.359s] [ 21%] [32mBuilding CXX object CMakeFiles/moveit_ros_control_interface_gripper_plugin.dir/src/gripper_controller_plugin.cpp.o[0m
[3.367s] [ 28%] [32mBuilding CXX object CMakeFiles/moveit_ros_control_interface_empty_plugin.dir/src/empty_controller_plugin.cpp.o[0m
[3.368s] [ 35%] [32mBuilding CXX object gtest/CMakeFiles/gtest.dir/src/gtest-all.cc.o[0m
[3.370s] [ 42%] [32mBuilding CXX object CMakeFiles/moveit_ros_control_interface_plugin.dir/src/controller_manager_plugin.cpp.o[0m
[5.030s] [ 50%] [32m[1mLinking CXX static library libgtest_main.a[0m
[5.100s] [ 50%] Built target gtest_main
[12.669s] [ 57%] [32m[1mLinking CXX shared library libmoveit_ros_control_interface_empty_plugin.so[0m
[13.282s] [ 57%] Built target moveit_ros_control_interface_empty_plugin
[16.618s] [ 64%] [32m[1mLinking CXX shared library libmoveit_ros_control_interface_trajectory_plugin.so[0m
[16.852s] [ 71%] [32m[1mLinking CXX shared library libmoveit_ros_control_interface_gripper_plugin.so[0m
[16.956s] [ 71%] Built target moveit_ros_control_interface_trajectory_plugin
[17.125s] [ 71%] Built target moveit_ros_control_interface_gripper_plugin
[19.160s] [ 78%] [32m[1mLinking CXX static library libgtest.a[0m
[19.188s] [ 78%] Built target gtest
[23.903s] [ 85%] [32m[1mLinking CXX shared library libmoveit_ros_control_interface_plugin.so[0m
[24.240s] [ 85%] Built target moveit_ros_control_interface_plugin
[24.263s] [ 92%] [32mBuilding CXX object test/CMakeFiles/test_controller_manager_plugin.dir/test_controller_manager_plugin.cpp.o[0m
[34.288s] [100%] [32m[1mLinking CXX executable test_controller_manager_plugin[0m
[34.539s] [100%] Built target test_controller_manager_plugin
[34.550s] Invoked command in '/workspaces/TIAgo_humble/build/moveit_ros_control_interface' returned '0': CMAKE_PREFIX_PATH=/opt/ros/humble /usr/bin/cmake --build /workspaces/TIAgo_humble/build/moveit_ros_control_interface -- -j24 -l24
[34.551s] Invoking command in '/workspaces/TIAgo_humble/build/moveit_ros_control_interface': CMAKE_PREFIX_PATH=/opt/ros/humble /usr/bin/cmake --install /workspaces/TIAgo_humble/build/moveit_ros_control_interface
[34.559s] -- Install configuration: "Release"
[34.559s] -- Execute custom install script
[34.560s] -- Symlinking: /workspaces/TIAgo_humble/install/moveit_ros_control_interface/include/moveit_ros_control_interface/ControllerHandle.h
[34.568s] -- Symlinking: /workspaces/TIAgo_humble/install/moveit_ros_control_interface/share/moveit_ros_control_interface//moveit_core_plugins.xml
[34.577s] -- Symlinking: /workspaces/TIAgo_humble/install/moveit_ros_control_interface/share/moveit_ros_control_interface//moveit_ros_control_interface_plugins.xml
[34.585s] -- Symlinking: /workspaces/TIAgo_humble/install/moveit_ros_control_interface/share/moveit_ros_control_interface/environment/library_path.sh
[34.594s] -- Symlinking: /workspaces/TIAgo_humble/install/moveit_ros_control_interface/share/moveit_ros_control_interface/environment/library_path.dsv
[34.603s] -- Symlinking: /workspaces/TIAgo_humble/install/moveit_ros_control_interface/share/ament_index/resource_index/package_run_dependencies/moveit_ros_control_interface
[34.611s] -- Symlinking: /workspaces/TIAgo_humble/install/moveit_ros_control_interface/share/ament_index/resource_index/parent_prefix_path/moveit_ros_control_interface
[34.619s] -- Symlinking: /workspaces/TIAgo_humble/install/moveit_ros_control_interface/share/moveit_ros_control_interface/environment/ament_prefix_path.sh
[34.628s] -- Symlinking: /workspaces/TIAgo_humble/install/moveit_ros_control_interface/share/moveit_ros_control_interface/environment/ament_prefix_path.dsv
[34.636s] -- Symlinking: /workspaces/TIAgo_humble/install/moveit_ros_control_interface/share/moveit_ros_control_interface/environment/path.sh
[34.644s] -- Symlinking: /workspaces/TIAgo_humble/install/moveit_ros_control_interface/share/moveit_ros_control_interface/environment/path.dsv
[34.651s] -- Symlinking: /workspaces/TIAgo_humble/install/moveit_ros_control_interface/share/moveit_ros_control_interface/local_setup.bash
[34.659s] -- Symlinking: /workspaces/TIAgo_humble/install/moveit_ros_control_interface/share/moveit_ros_control_interface/local_setup.sh
[34.668s] -- Symlinking: /workspaces/TIAgo_humble/install/moveit_ros_control_interface/share/moveit_ros_control_interface/local_setup.zsh
[34.676s] -- Symlinking: /workspaces/TIAgo_humble/install/moveit_ros_control_interface/share/moveit_ros_control_interface/local_setup.dsv
[34.685s] -- Symlinking: /workspaces/TIAgo_humble/install/moveit_ros_control_interface/share/moveit_ros_control_interface/package.dsv
[34.693s] -- Symlinking: /workspaces/TIAgo_humble/install/moveit_ros_control_interface/share/ament_index/resource_index/packages/moveit_ros_control_interface
[34.701s] -- Symlinking: /workspaces/TIAgo_humble/install/moveit_ros_control_interface/share/ament_index/resource_index/moveit_core__pluginlib__plugin/moveit_ros_control_interface
[34.710s] -- Symlinking: /workspaces/TIAgo_humble/install/moveit_ros_control_interface/share/ament_index/resource_index/moveit_ros_control_interface__pluginlib__plugin/moveit_ros_control_interface
[34.718s] -- Symlinking: /workspaces/TIAgo_humble/install/moveit_ros_control_interface/share/moveit_ros_control_interface/cmake/ConfigExtras.cmake
[34.727s] -- Symlinking: /workspaces/TIAgo_humble/install/moveit_ros_control_interface/share/moveit_ros_control_interface/cmake/ament_cmake_export_targets-extras.cmake
[34.734s] -- Symlinking: /workspaces/TIAgo_humble/install/moveit_ros_control_interface/share/moveit_ros_control_interface/cmake/ament_cmake_export_dependencies-extras.cmake
[34.742s] -- Symlinking: /workspaces/TIAgo_humble/install/moveit_ros_control_interface/share/moveit_ros_control_interface/cmake/moveit_ros_control_interfaceConfig.cmake
[34.749s] -- Symlinking: /workspaces/TIAgo_humble/install/moveit_ros_control_interface/share/moveit_ros_control_interface/cmake/moveit_ros_control_interfaceConfig-version.cmake
[34.756s] -- Symlinking: /workspaces/TIAgo_humble/install/moveit_ros_control_interface/share/moveit_ros_control_interface/package.xml
[34.764s] -- Installing: /workspaces/TIAgo_humble/install/moveit_ros_control_interface/lib/libmoveit_ros_control_interface_plugin.so.2.5.9
[34.765s] -- Set runtime path of "/workspaces/TIAgo_humble/install/moveit_ros_control_interface/lib/libmoveit_ros_control_interface_plugin.so.2.5.9" to ""
[34.765s] -- Installing: /workspaces/TIAgo_humble/install/moveit_ros_control_interface/lib/libmoveit_ros_control_interface_plugin.so
[34.765s] -- Installing: /workspaces/TIAgo_humble/install/moveit_ros_control_interface/lib/libmoveit_ros_control_interface_trajectory_plugin.so.2.5.9
[34.765s] -- Set runtime path of "/workspaces/TIAgo_humble/install/moveit_ros_control_interface/lib/libmoveit_ros_control_interface_trajectory_plugin.so.2.5.9" to ""
[34.765s] -- Installing: /workspaces/TIAgo_humble/install/moveit_ros_control_interface/lib/libmoveit_ros_control_interface_trajectory_plugin.so
[34.765s] -- Installing: /workspaces/TIAgo_humble/install/moveit_ros_control_interface/lib/libmoveit_ros_control_interface_gripper_plugin.so.2.5.9
[34.766s] -- Set runtime path of "/workspaces/TIAgo_humble/install/moveit_ros_control_interface/lib/libmoveit_ros_control_interface_gripper_plugin.so.2.5.9" to ""
[34.766s] -- Installing: /workspaces/TIAgo_humble/install/moveit_ros_control_interface/lib/libmoveit_ros_control_interface_gripper_plugin.so
[34.766s] -- Installing: /workspaces/TIAgo_humble/install/moveit_ros_control_interface/lib/libmoveit_ros_control_interface_empty_plugin.so.2.5.9
[34.766s] -- Set runtime path of "/workspaces/TIAgo_humble/install/moveit_ros_control_interface/lib/libmoveit_ros_control_interface_empty_plugin.so.2.5.9" to ""
[34.766s] -- Installing: /workspaces/TIAgo_humble/install/moveit_ros_control_interface/lib/libmoveit_ros_control_interface_empty_plugin.so
[34.766s] -- Installing: /workspaces/TIAgo_humble/install/moveit_ros_control_interface/share/moveit_ros_control_interface/cmake/export_moveit_ros_control_interfaceExport.cmake
[34.766s] -- Installing: /workspaces/TIAgo_humble/install/moveit_ros_control_interface/share/moveit_ros_control_interface/cmake/export_moveit_ros_control_interfaceExport-release.cmake
[34.768s] Invoked command in '/workspaces/TIAgo_humble/build/moveit_ros_control_interface' returned '0': CMAKE_PREFIX_PATH=/opt/ros/humble /usr/bin/cmake --install /workspaces/TIAgo_humble/build/moveit_ros_control_interface
