-- The C compiler identification is GNU 11.4.0
-- The CXX compiler identification is GNU 11.4.0
-- Detecting C compiler ABI info
-- Detecting C compiler ABI info - done
-- Check for working C compiler: /usr/bin/cc - skipped
-- Detecting C compile features
-- Detecting C compile features - done
-- Detecting CXX compiler ABI info
-- Detecting CXX compiler ABI info - done
-- Check for working CXX compiler: /usr/bin/c++ - skipped
-- Detecting CXX compile features
-- Detecting CXX compile features - done
-- Found ament_cmake_auto: 1.3.14 (/opt/ros/humble/share/ament_cmake_auto/cmake)
-- Found Python3: /usr/bin/python3 (found version "3.10.12") found components: Interpreter 
-- Override CMake install command with custom implementation using symlinks instead of copying resources
-- Found ament_lint_auto: 0.12.15 (/opt/ros/humble/share/ament_lint_auto/cmake)
-- Found python_cmake_module: 0.10.0 (/opt/ros/humble/share/python_cmake_module/cmake)
-- Found PythonInterp: /usr/bin/python3 (found suitable version "3.10.12", minimum required is "3.6") 
-- Found PythonLibs: /usr/lib/x86_64-linux-gnu/libpython3.10.so (found suitable version "3.10.12", minimum required is "3.5") 
-- Using PYTHON_EXECUTABLE: /usr/bin/python3
-- Using PYTHON_INCLUDE_DIRS: /usr/include/python3.10
-- Using PYTHON_LIBRARIES: /usr/lib/x86_64-linux-gnu/libpython3.10.so
-- Found PythonExtra: .so  
-- Added test 'copyright' to check source files copyright and LICENSE
-- Added test 'flake8' to check Python code syntax and style conventions
-- Added test 'lint_cmake' to check CMake code style
-- Added test 'pep257' to check Python code against some of the docstring style conventions in PEP 257
-- Added test 'xmllint' to check XML markup files
-- Configuring done
-- Generating done
-- Build files have been written to: /workspaces/TIAgo_humble/build/tiago_description
Built target ament_cmake_python_symlink_tiago_description
running egg_info
creating tiago_description.egg-info
writing tiago_description.egg-info/PKG-INFO
writing dependency_links to tiago_description.egg-info/dependency_links.txt
writing top-level names to tiago_description.egg-info/top_level.txt
writing manifest file 'tiago_description.egg-info/SOURCES.txt'
reading manifest file 'tiago_description.egg-info/SOURCES.txt'
writing manifest file 'tiago_description.egg-info/SOURCES.txt'
Built target ament_cmake_python_build_tiago_description_egg
-- Install configuration: "Release"
-- Execute custom install script
-- Symlinking: /workspaces/TIAgo_humble/install/tiago_description/share/tiago_description/environment/pythonpath.sh
-- Symlinking: /workspaces/TIAgo_humble/install/tiago_description/share/tiago_description/environment/pythonpath.dsv
-- Symlinking: /workspaces/TIAgo_humble/install/tiago_description/local/lib/python3.10/dist-packages/tiago_description-5.1.3-py3.10.egg-info/PKG-INFO
-- Symlinking: /workspaces/TIAgo_humble/install/tiago_description/local/lib/python3.10/dist-packages/tiago_description-5.1.3-py3.10.egg-info/SOURCES.txt
-- Symlinking: /workspaces/TIAgo_humble/install/tiago_description/local/lib/python3.10/dist-packages/tiago_description-5.1.3-py3.10.egg-info/dependency_links.txt
-- Symlinking: /workspaces/TIAgo_humble/install/tiago_description/local/lib/python3.10/dist-packages/tiago_description-5.1.3-py3.10.egg-info/top_level.txt
-- Symlinking: /workspaces/TIAgo_humble/install/tiago_description/local/lib/python3.10/dist-packages/tiago_description/__init__.py
-- Symlinking: /workspaces/TIAgo_humble/install/tiago_description/local/lib/python3.10/dist-packages/tiago_description/launch_arguments.py
-- Symlinking: /workspaces/TIAgo_humble/install/tiago_description/local/lib/python3.10/dist-packages/tiago_description/tiago_launch_utils.py
-- Symlinking: /workspaces/TIAgo_humble/install/tiago_description/share/tiago_description/launch/robot_state_publisher.launch.py
-- Symlinking: /workspaces/TIAgo_humble/install/tiago_description/share/tiago_description/launch/show.launch.py
-- Symlinking: /workspaces/TIAgo_humble/install/tiago_description/share/tiago_description/meshes/arm/arm_1.stl
-- Symlinking: /workspaces/TIAgo_humble/install/tiago_description/share/tiago_description/meshes/arm/arm_1_collision.stl
-- Symlinking: /workspaces/TIAgo_humble/install/tiago_description/share/tiago_description/meshes/arm/arm_1_collision_dual.stl
-- Symlinking: /workspaces/TIAgo_humble/install/tiago_description/share/tiago_description/meshes/arm/arm_1_collision_dual_reflected.stl
-- Symlinking: /workspaces/TIAgo_humble/install/tiago_description/share/tiago_description/meshes/arm/arm_1_dual.stl
-- Symlinking: /workspaces/TIAgo_humble/install/tiago_description/share/tiago_description/meshes/arm/arm_1_dual_reflected.stl
-- Symlinking: /workspaces/TIAgo_humble/install/tiago_description/share/tiago_description/meshes/arm/arm_2.stl
-- Symlinking: /workspaces/TIAgo_humble/install/tiago_description/share/tiago_description/meshes/arm/arm_2_collision.stl
-- Symlinking: /workspaces/TIAgo_humble/install/tiago_description/share/tiago_description/meshes/arm/arm_2_collision_reflected.stl
-- Symlinking: /workspaces/TIAgo_humble/install/tiago_description/share/tiago_description/meshes/arm/arm_2_reflected.stl
-- Symlinking: /workspaces/TIAgo_humble/install/tiago_description/share/tiago_description/meshes/arm/arm_3.stl
-- Symlinking: /workspaces/TIAgo_humble/install/tiago_description/share/tiago_description/meshes/arm/arm_3_collision.stl
-- Symlinking: /workspaces/TIAgo_humble/install/tiago_description/share/tiago_description/meshes/arm/arm_3_collision_reflected.stl
-- Symlinking: /workspaces/TIAgo_humble/install/tiago_description/share/tiago_description/meshes/arm/arm_3_reflected.stl
-- Symlinking: /workspaces/TIAgo_humble/install/tiago_description/share/tiago_description/meshes/arm/arm_4.stl
-- Symlinking: /workspaces/TIAgo_humble/install/tiago_description/share/tiago_description/meshes/arm/arm_4_collision.stl
-- Symlinking: /workspaces/TIAgo_humble/install/tiago_description/share/tiago_description/meshes/arm/arm_4_collision_reflected.stl
-- Symlinking: /workspaces/TIAgo_humble/install/tiago_description/share/tiago_description/meshes/arm/arm_4_reflected.stl
-- Symlinking: /workspaces/TIAgo_humble/install/tiago_description/share/tiago_description/meshes/arm/arm_5-wrist-2010.stl
-- Symlinking: /workspaces/TIAgo_humble/install/tiago_description/share/tiago_description/meshes/arm/arm_5-wrist-2010_reflected.stl
-- Symlinking: /workspaces/TIAgo_humble/install/tiago_description/share/tiago_description/meshes/arm/arm_5-wrist-2017.stl
-- Symlinking: /workspaces/TIAgo_humble/install/tiago_description/share/tiago_description/meshes/arm/arm_5-wrist-2017_reflected.stl
-- Symlinking: /workspaces/TIAgo_humble/install/tiago_description/share/tiago_description/meshes/arm/arm_5_collision-wrist-2010.stl
-- Symlinking: /workspaces/TIAgo_humble/install/tiago_description/share/tiago_description/meshes/arm/arm_5_collision-wrist-2010_reflected.stl
-- Symlinking: /workspaces/TIAgo_humble/install/tiago_description/share/tiago_description/meshes/arm/arm_5_collision-wrist-2017.stl
-- Symlinking: /workspaces/TIAgo_humble/install/tiago_description/share/tiago_description/meshes/arm/arm_5_collision-wrist-2017_reflected.stl
-- Symlinking: /workspaces/TIAgo_humble/install/tiago_description/share/tiago_description/meshes/arm/arm_6-wrist-2010.stl
-- Symlinking: /workspaces/TIAgo_humble/install/tiago_description/share/tiago_description/meshes/arm/arm_6-wrist-2010_reflected.stl
-- Symlinking: /workspaces/TIAgo_humble/install/tiago_description/share/tiago_description/meshes/arm/arm_6-wrist-2017.stl
-- Symlinking: /workspaces/TIAgo_humble/install/tiago_description/share/tiago_description/meshes/arm/arm_6-wrist-2017_reflected.stl
-- Symlinking: /workspaces/TIAgo_humble/install/tiago_description/share/tiago_description/meshes/arm/arm_6_collision-wrist-2010.stl
-- Symlinking: /workspaces/TIAgo_humble/install/tiago_description/share/tiago_description/meshes/arm/arm_6_collision-wrist-2010_reflected.stl
-- Symlinking: /workspaces/TIAgo_humble/install/tiago_description/share/tiago_description/meshes/arm/arm_6_collision-wrist-2017.stl
-- Symlinking: /workspaces/TIAgo_humble/install/tiago_description/share/tiago_description/meshes/arm/arm_6_collision-wrist-2017_reflected.stl
-- Symlinking: /workspaces/TIAgo_humble/install/tiago_description/share/tiago_description/meshes/head/head_1.stl
-- Symlinking: /workspaces/TIAgo_humble/install/tiago_description/share/tiago_description/meshes/head/head_1_collision.dae
-- Symlinking: /workspaces/TIAgo_humble/install/tiago_description/share/tiago_description/meshes/head/head_2.stl
-- Symlinking: /workspaces/TIAgo_humble/install/tiago_description/share/tiago_description/meshes/head/head_2_collision.dae
-- Symlinking: /workspaces/TIAgo_humble/install/tiago_description/share/tiago_description/meshes/torso/tiago_screen.stl
-- Symlinking: /workspaces/TIAgo_humble/install/tiago_description/share/tiago_description/meshes/torso/tiago_screen_collision.stl
-- Symlinking: /workspaces/TIAgo_humble/install/tiago_description/share/tiago_description/meshes/torso/torso_fix.stl
-- Symlinking: /workspaces/TIAgo_humble/install/tiago_description/share/tiago_description/meshes/torso/torso_lift_collision.dae
-- Symlinking: /workspaces/TIAgo_humble/install/tiago_description/share/tiago_description/meshes/torso/torso_lift_collision_core.dae
-- Symlinking: /workspaces/TIAgo_humble/install/tiago_description/share/tiago_description/meshes/torso/torso_lift_collision_neck.dae
-- Symlinking: /workspaces/TIAgo_humble/install/tiago_description/share/tiago_description/meshes/torso/torso_lift_collision_shoulder.dae
-- Symlinking: /workspaces/TIAgo_humble/install/tiago_description/share/tiago_description/meshes/torso/torso_lift_with_arm.stl
-- Symlinking: /workspaces/TIAgo_humble/install/tiago_description/share/tiago_description/meshes/torso/torso_lift_without_arm.stl
-- Symlinking: /workspaces/TIAgo_humble/install/tiago_description/share/tiago_description/robots/tiago.urdf.xacro
-- Symlinking: /workspaces/TIAgo_humble/install/tiago_description/share/tiago_description/ros2_control/gazebo_controller_manager_cfg.yaml
-- Symlinking: /workspaces/TIAgo_humble/install/tiago_description/share/tiago_description/ros2_control/ros2_control.urdf.xacro
-- Symlinking: /workspaces/TIAgo_humble/install/tiago_description/share/tiago_description/ros2_control/transmissions.urdf.xacro
-- Symlinking: /workspaces/TIAgo_humble/install/tiago_description/share/tiago_description/urdf/arm/arm.ros2_control.xacro
-- Symlinking: /workspaces/TIAgo_humble/install/tiago_description/share/tiago_description/urdf/arm/arm.urdf.xacro
-- Symlinking: /workspaces/TIAgo_humble/install/tiago_description/share/tiago_description/urdf/arm/wrist.ros2_control.xacro
-- Symlinking: /workspaces/TIAgo_humble/install/tiago_description/share/tiago_description/urdf/arm/wrist.urdf.xacro
-- Symlinking: /workspaces/TIAgo_humble/install/tiago_description/share/tiago_description/urdf/calibration/camera_extrinsic_calibration.urdf.xacro
-- Symlinking: /workspaces/TIAgo_humble/install/tiago_description/share/tiago_description/urdf/calibration/camera_extrinsic_calibration.urdf.xacro.j2
-- Symlinking: /workspaces/TIAgo_humble/install/tiago_description/share/tiago_description/urdf/calibration/eye_hand_calibration.urdf.xacro
-- Symlinking: /workspaces/TIAgo_humble/install/tiago_description/share/tiago_description/urdf/calibration/eye_hand_calibration.urdf.xacro.j2
-- Symlinking: /workspaces/TIAgo_humble/install/tiago_description/share/tiago_description/urdf/end_effector/end_effector.urdf.xacro
-- Symlinking: /workspaces/TIAgo_humble/install/tiago_description/share/tiago_description/urdf/head/head.ros2_control.xacro
-- Symlinking: /workspaces/TIAgo_humble/install/tiago_description/share/tiago_description/urdf/head/head.urdf.xacro
-- Symlinking: /workspaces/TIAgo_humble/install/tiago_description/share/tiago_description/urdf/torso/torso.ros2_control.xacro
-- Symlinking: /workspaces/TIAgo_humble/install/tiago_description/share/tiago_description/urdf/torso/torso.urdf.xacro
-- Symlinking: /workspaces/TIAgo_humble/install/tiago_description/share/tiago_description/config/tiago.rviz
-- Symlinking: /workspaces/TIAgo_humble/install/tiago_description/share/tiago_description/config/tiago_configuration.yaml
-- Symlinking: /workspaces/TIAgo_humble/install/tiago_description/share/tiago_description/config/urdf.rviz
-- Symlinking: /workspaces/TIAgo_humble/install/tiago_description/share/ament_index/resource_index/package_run_dependencies/tiago_description
-- Symlinking: /workspaces/TIAgo_humble/install/tiago_description/share/ament_index/resource_index/parent_prefix_path/tiago_description
-- Symlinking: /workspaces/TIAgo_humble/install/tiago_description/share/tiago_description/environment/ament_prefix_path.sh
-- Symlinking: /workspaces/TIAgo_humble/install/tiago_description/share/tiago_description/environment/ament_prefix_path.dsv
-- Symlinking: /workspaces/TIAgo_humble/install/tiago_description/share/tiago_description/environment/path.sh
-- Symlinking: /workspaces/TIAgo_humble/install/tiago_description/share/tiago_description/environment/path.dsv
-- Symlinking: /workspaces/TIAgo_humble/install/tiago_description/share/tiago_description/local_setup.bash
-- Symlinking: /workspaces/TIAgo_humble/install/tiago_description/share/tiago_description/local_setup.sh
-- Symlinking: /workspaces/TIAgo_humble/install/tiago_description/share/tiago_description/local_setup.zsh
-- Symlinking: /workspaces/TIAgo_humble/install/tiago_description/share/tiago_description/local_setup.dsv
-- Symlinking: /workspaces/TIAgo_humble/install/tiago_description/share/tiago_description/package.dsv
-- Symlinking: /workspaces/TIAgo_humble/install/tiago_description/share/ament_index/resource_index/packages/tiago_description
-- Symlinking: /workspaces/TIAgo_humble/install/tiago_description/share/tiago_description/cmake/tiago_descriptionConfig.cmake
-- Symlinking: /workspaces/TIAgo_humble/install/tiago_description/share/tiago_description/cmake/tiago_descriptionConfig-version.cmake
-- Symlinking: /workspaces/TIAgo_humble/install/tiago_description/share/tiago_description/package.xml
Listing '/workspaces/TIAgo_humble/install/tiago_description/local/lib/python3.10/dist-packages/tiago_description'...
Compiling '/workspaces/TIAgo_humble/install/tiago_description/local/lib/python3.10/dist-packages/tiago_description/__init__.py'...
Compiling '/workspaces/TIAgo_humble/install/tiago_description/local/lib/python3.10/dist-packages/tiago_description/launch_arguments.py'...
Compiling '/workspaces/TIAgo_humble/install/tiago_description/local/lib/python3.10/dist-packages/tiago_description/tiago_launch_utils.py'...
