[0.015s] Invoking command in '/workspaces/TIAgo_humble/build/tiago_moveit_config': AMENT_PREFIX_PATH=/workspaces/TIAgo_humble/install/tiago_description:/workspaces/TIAgo_humble/install/pmb2_description:/workspaces/TIAgo_humble/install/pal_hey5_description:/workspaces/TIAgo_humble/install/pal_gripper_description:/workspaces/TIAgo_humble/install/omni_base_description:/workspaces/TIAgo_humble/install/pal_urdf_utils:/workspaces/TIAgo_humble/install/pal_robotiq_description:/workspaces/TIAgo_humble/install/moveit_ros_control_interface:/workspaces/TIAgo_humble/install/launch_pal:${AMENT_PREFIX_PATH} CMAKE_PREFIX_PATH=/workspaces/TIAgo_humble/install/tiago_description:/workspaces/TIAgo_humble/install/pmb2_description:/workspaces/TIAgo_humble/install/pal_hey5_description:/workspaces/TIAgo_humble/install/pal_gripper_description:/workspaces/TIAgo_humble/install/omni_base_description:/workspaces/TIAgo_humble/install/pal_urdf_utils:/workspaces/TIAgo_humble/install/pal_robotiq_description:/workspaces/TIAgo_humble/install/moveit_ros_control_interface:/opt/ros/humble LD_LIBRARY_PATH=/workspaces/TIAgo_humble/install/moveit_ros_control_interface/lib:/usr/lib/x86_64-linux-gnu/gazebo-11/plugins:/opt/ros/humble/opt/rviz_ogre_vendor/lib:/opt/ros/humble/lib/x86_64-linux-gnu:/opt/ros/humble/lib:/usr/lib/x86_64-linux-gnu/gazebo-11/plugins PYTHONPATH=/workspaces/TIAgo_humble/install/tiago_description/local/lib/python3.10/dist-packages:/workspaces/TIAgo_humble/install/pmb2_description/local/lib/python3.10/dist-packages:/workspaces/TIAgo_humble/install/omni_base_description/local/lib/python3.10/dist-packages:/workspaces/TIAgo_humble/build/launch_pal:/workspaces/TIAgo_humble/install/launch_pal/lib/python3.10/site-packages:${PYTHONPATH} /usr/bin/cmake /workspaces/TIAgo_humble/ros2_ws/src/tiago_moveit_config -DCMAKE_BUILD_TYPE=Release -DAMENT_CMAKE_SYMLINK_INSTALL=1 -DCMAKE_INSTALL_PREFIX=/workspaces/TIAgo_humble/install/tiago_moveit_config
[0.070s] -- The C compiler identification is GNU 11.4.0
[0.136s] -- The CXX compiler identification is GNU 11.4.0
[0.144s] -- Detecting C compiler ABI info
[0.212s] -- Detecting C compiler ABI info - done
[0.218s] -- Check for working C compiler: /usr/bin/cc - skipped
[0.218s] -- Detecting C compile features
[0.219s] -- Detecting C compile features - done
[0.221s] -- Detecting CXX compiler ABI info
[0.297s] -- Detecting CXX compiler ABI info - done
[0.304s] -- Check for working CXX compiler: /usr/bin/c++ - skipped
[0.304s] -- Detecting CXX compile features
[0.304s] -- Detecting CXX compile features - done
[0.308s] -- Found ament_cmake: 1.3.14 (/opt/ros/humble/share/ament_cmake/cmake)
[0.485s] -- Found Python3: /usr/bin/python3 (found version "3.10.12") found components: Interpreter 
[0.559s] -- Override CMake install command with custom implementation using symlinks instead of copying resources
[0.622s] -- Found ament_lint_auto: 0.12.15 (/opt/ros/humble/share/ament_lint_auto/cmake)
[0.725s] -- Added test 'copyright' to check source files copyright and LICENSE
[0.734s] -- Added test 'flake8' to check Python code syntax and style conventions
[0.735s] -- Added test 'lint_cmake' to check CMake code style
[0.736s] -- Added test 'pep257' to check Python code against some of the docstring style conventions in PEP 257
[0.742s] -- Added test 'xmllint' to check XML markup files
[0.747s] -- Configuring done
[0.751s] -- Generating done
[0.753s] -- Build files have been written to: /workspaces/TIAgo_humble/build/tiago_moveit_config
[0.759s] Invoked command in '/workspaces/TIAgo_humble/build/tiago_moveit_config' returned '0': AMENT_PREFIX_PATH=/workspaces/TIAgo_humble/install/tiago_description:/workspaces/TIAgo_humble/install/pmb2_description:/workspaces/TIAgo_humble/install/pal_hey5_description:/workspaces/TIAgo_humble/install/pal_gripper_description:/workspaces/TIAgo_humble/install/omni_base_description:/workspaces/TIAgo_humble/install/pal_urdf_utils:/workspaces/TIAgo_humble/install/pal_robotiq_description:/workspaces/TIAgo_humble/install/moveit_ros_control_interface:/workspaces/TIAgo_humble/install/launch_pal:${AMENT_PREFIX_PATH} CMAKE_PREFIX_PATH=/workspaces/TIAgo_humble/install/tiago_description:/workspaces/TIAgo_humble/install/pmb2_description:/workspaces/TIAgo_humble/install/pal_hey5_description:/workspaces/TIAgo_humble/install/pal_gripper_description:/workspaces/TIAgo_humble/install/omni_base_description:/workspaces/TIAgo_humble/install/pal_urdf_utils:/workspaces/TIAgo_humble/install/pal_robotiq_description:/workspaces/TIAgo_humble/install/moveit_ros_control_interface:/opt/ros/humble LD_LIBRARY_PATH=/workspaces/TIAgo_humble/install/moveit_ros_control_interface/lib:/usr/lib/x86_64-linux-gnu/gazebo-11/plugins:/opt/ros/humble/opt/rviz_ogre_vendor/lib:/opt/ros/humble/lib/x86_64-linux-gnu:/opt/ros/humble/lib:/usr/lib/x86_64-linux-gnu/gazebo-11/plugins PYTHONPATH=/workspaces/TIAgo_humble/install/tiago_description/local/lib/python3.10/dist-packages:/workspaces/TIAgo_humble/install/pmb2_description/local/lib/python3.10/dist-packages:/workspaces/TIAgo_humble/install/omni_base_description/local/lib/python3.10/dist-packages:/workspaces/TIAgo_humble/build/launch_pal:/workspaces/TIAgo_humble/install/launch_pal/lib/python3.10/site-packages:${PYTHONPATH} /usr/bin/cmake /workspaces/TIAgo_humble/ros2_ws/src/tiago_moveit_config -DCMAKE_BUILD_TYPE=Release -DAMENT_CMAKE_SYMLINK_INSTALL=1 -DCMAKE_INSTALL_PREFIX=/workspaces/TIAgo_humble/install/tiago_moveit_config
[0.760s] Invoking command in '/workspaces/TIAgo_humble/build/tiago_moveit_config': AMENT_PREFIX_PATH=/workspaces/TIAgo_humble/install/tiago_description:/workspaces/TIAgo_humble/install/pmb2_description:/workspaces/TIAgo_humble/install/pal_hey5_description:/workspaces/TIAgo_humble/install/pal_gripper_description:/workspaces/TIAgo_humble/install/omni_base_description:/workspaces/TIAgo_humble/install/pal_urdf_utils:/workspaces/TIAgo_humble/install/pal_robotiq_description:/workspaces/TIAgo_humble/install/moveit_ros_control_interface:/workspaces/TIAgo_humble/install/launch_pal:${AMENT_PREFIX_PATH} CMAKE_PREFIX_PATH=/workspaces/TIAgo_humble/install/tiago_description:/workspaces/TIAgo_humble/install/pmb2_description:/workspaces/TIAgo_humble/install/pal_hey5_description:/workspaces/TIAgo_humble/install/pal_gripper_description:/workspaces/TIAgo_humble/install/omni_base_description:/workspaces/TIAgo_humble/install/pal_urdf_utils:/workspaces/TIAgo_humble/install/pal_robotiq_description:/workspaces/TIAgo_humble/install/moveit_ros_control_interface:/opt/ros/humble LD_LIBRARY_PATH=/workspaces/TIAgo_humble/install/moveit_ros_control_interface/lib:/usr/lib/x86_64-linux-gnu/gazebo-11/plugins:/opt/ros/humble/opt/rviz_ogre_vendor/lib:/opt/ros/humble/lib/x86_64-linux-gnu:/opt/ros/humble/lib:/usr/lib/x86_64-linux-gnu/gazebo-11/plugins PYTHONPATH=/workspaces/TIAgo_humble/install/tiago_description/local/lib/python3.10/dist-packages:/workspaces/TIAgo_humble/install/pmb2_description/local/lib/python3.10/dist-packages:/workspaces/TIAgo_humble/install/omni_base_description/local/lib/python3.10/dist-packages:/workspaces/TIAgo_humble/build/launch_pal:/workspaces/TIAgo_humble/install/launch_pal/lib/python3.10/site-packages:${PYTHONPATH} /usr/bin/cmake --build /workspaces/TIAgo_humble/build/tiago_moveit_config -- -j24 -l24
[0.806s] Invoked command in '/workspaces/TIAgo_humble/build/tiago_moveit_config' returned '0': AMENT_PREFIX_PATH=/workspaces/TIAgo_humble/install/tiago_description:/workspaces/TIAgo_humble/install/pmb2_description:/workspaces/TIAgo_humble/install/pal_hey5_description:/workspaces/TIAgo_humble/install/pal_gripper_description:/workspaces/TIAgo_humble/install/omni_base_description:/workspaces/TIAgo_humble/install/pal_urdf_utils:/workspaces/TIAgo_humble/install/pal_robotiq_description:/workspaces/TIAgo_humble/install/moveit_ros_control_interface:/workspaces/TIAgo_humble/install/launch_pal:${AMENT_PREFIX_PATH} CMAKE_PREFIX_PATH=/workspaces/TIAgo_humble/install/tiago_description:/workspaces/TIAgo_humble/install/pmb2_description:/workspaces/TIAgo_humble/install/pal_hey5_description:/workspaces/TIAgo_humble/install/pal_gripper_description:/workspaces/TIAgo_humble/install/omni_base_description:/workspaces/TIAgo_humble/install/pal_urdf_utils:/workspaces/TIAgo_humble/install/pal_robotiq_description:/workspaces/TIAgo_humble/install/moveit_ros_control_interface:/opt/ros/humble LD_LIBRARY_PATH=/workspaces/TIAgo_humble/install/moveit_ros_control_interface/lib:/usr/lib/x86_64-linux-gnu/gazebo-11/plugins:/opt/ros/humble/opt/rviz_ogre_vendor/lib:/opt/ros/humble/lib/x86_64-linux-gnu:/opt/ros/humble/lib:/usr/lib/x86_64-linux-gnu/gazebo-11/plugins PYTHONPATH=/workspaces/TIAgo_humble/install/tiago_description/local/lib/python3.10/dist-packages:/workspaces/TIAgo_humble/install/pmb2_description/local/lib/python3.10/dist-packages:/workspaces/TIAgo_humble/install/omni_base_description/local/lib/python3.10/dist-packages:/workspaces/TIAgo_humble/build/launch_pal:/workspaces/TIAgo_humble/install/launch_pal/lib/python3.10/site-packages:${PYTHONPATH} /usr/bin/cmake --build /workspaces/TIAgo_humble/build/tiago_moveit_config -- -j24 -l24
[0.808s] Invoking command in '/workspaces/TIAgo_humble/build/tiago_moveit_config': AMENT_PREFIX_PATH=/workspaces/TIAgo_humble/install/tiago_description:/workspaces/TIAgo_humble/install/pmb2_description:/workspaces/TIAgo_humble/install/pal_hey5_description:/workspaces/TIAgo_humble/install/pal_gripper_description:/workspaces/TIAgo_humble/install/omni_base_description:/workspaces/TIAgo_humble/install/pal_urdf_utils:/workspaces/TIAgo_humble/install/pal_robotiq_description:/workspaces/TIAgo_humble/install/moveit_ros_control_interface:/workspaces/TIAgo_humble/install/launch_pal:${AMENT_PREFIX_PATH} CMAKE_PREFIX_PATH=/workspaces/TIAgo_humble/install/tiago_description:/workspaces/TIAgo_humble/install/pmb2_description:/workspaces/TIAgo_humble/install/pal_hey5_description:/workspaces/TIAgo_humble/install/pal_gripper_description:/workspaces/TIAgo_humble/install/omni_base_description:/workspaces/TIAgo_humble/install/pal_urdf_utils:/workspaces/TIAgo_humble/install/pal_robotiq_description:/workspaces/TIAgo_humble/install/moveit_ros_control_interface:/opt/ros/humble LD_LIBRARY_PATH=/workspaces/TIAgo_humble/install/moveit_ros_control_interface/lib:/usr/lib/x86_64-linux-gnu/gazebo-11/plugins:/opt/ros/humble/opt/rviz_ogre_vendor/lib:/opt/ros/humble/lib/x86_64-linux-gnu:/opt/ros/humble/lib:/usr/lib/x86_64-linux-gnu/gazebo-11/plugins PYTHONPATH=/workspaces/TIAgo_humble/install/tiago_description/local/lib/python3.10/dist-packages:/workspaces/TIAgo_humble/install/pmb2_description/local/lib/python3.10/dist-packages:/workspaces/TIAgo_humble/install/omni_base_description/local/lib/python3.10/dist-packages:/workspaces/TIAgo_humble/build/launch_pal:/workspaces/TIAgo_humble/install/launch_pal/lib/python3.10/site-packages:${PYTHONPATH} /usr/bin/cmake --install /workspaces/TIAgo_humble/build/tiago_moveit_config
[0.817s] -- Install configuration: "Release"
[0.818s] -- Execute custom install script
[0.818s] -- Symlinking: /workspaces/TIAgo_humble/install/tiago_moveit_config/share/ament_index/resource_index/package_run_dependencies/tiago_moveit_config
[0.832s] -- Symlinking: /workspaces/TIAgo_humble/install/tiago_moveit_config/share/ament_index/resource_index/parent_prefix_path/tiago_moveit_config
[0.843s] -- Symlinking: /workspaces/TIAgo_humble/install/tiago_moveit_config/share/tiago_moveit_config/environment/ament_prefix_path.sh
[0.853s] -- Symlinking: /workspaces/TIAgo_humble/install/tiago_moveit_config/share/tiago_moveit_config/environment/ament_prefix_path.dsv
[0.862s] -- Symlinking: /workspaces/TIAgo_humble/install/tiago_moveit_config/share/tiago_moveit_config/environment/path.sh
[0.870s] -- Symlinking: /workspaces/TIAgo_humble/install/tiago_moveit_config/share/tiago_moveit_config/environment/path.dsv
[0.878s] -- Symlinking: /workspaces/TIAgo_humble/install/tiago_moveit_config/share/tiago_moveit_config/local_setup.bash
[0.887s] -- Symlinking: /workspaces/TIAgo_humble/install/tiago_moveit_config/share/tiago_moveit_config/local_setup.sh
[0.895s] -- Symlinking: /workspaces/TIAgo_humble/install/tiago_moveit_config/share/tiago_moveit_config/local_setup.zsh
[0.904s] -- Symlinking: /workspaces/TIAgo_humble/install/tiago_moveit_config/share/tiago_moveit_config/local_setup.dsv
[0.913s] -- Symlinking: /workspaces/TIAgo_humble/install/tiago_moveit_config/share/tiago_moveit_config/package.dsv
[0.921s] -- Symlinking: /workspaces/TIAgo_humble/install/tiago_moveit_config/share/ament_index/resource_index/packages/tiago_moveit_config
[0.930s] -- Symlinking: /workspaces/TIAgo_humble/install/tiago_moveit_config/share/tiago_moveit_config/cmake/tiago_moveit_configConfig.cmake
[0.939s] -- Symlinking: /workspaces/TIAgo_humble/install/tiago_moveit_config/share/tiago_moveit_config/cmake/tiago_moveit_configConfig-version.cmake
[0.948s] -- Symlinking: /workspaces/TIAgo_humble/install/tiago_moveit_config/share/tiago_moveit_config/package.xml
[0.957s] -- Symlinking: /workspaces/TIAgo_humble/install/tiago_moveit_config/share/tiago_moveit_config/launch/move_group.launch.py
[0.965s] -- Symlinking: /workspaces/TIAgo_humble/install/tiago_moveit_config/share/tiago_moveit_config/launch/moveit_rviz.launch.py
[0.975s] -- Symlinking: /workspaces/TIAgo_humble/install/tiago_moveit_config/share/tiago_moveit_config/config/controllers/controllers.yaml.em
[0.983s] -- Symlinking: /workspaces/TIAgo_humble/install/tiago_moveit_config/share/tiago_moveit_config/config/controllers/controllers_custom.yaml
[0.992s] -- Symlinking: /workspaces/TIAgo_humble/install/tiago_moveit_config/share/tiago_moveit_config/config/controllers/controllers_no-arm.yaml
[1.002s] -- Symlinking: /workspaces/TIAgo_humble/install/tiago_moveit_config/share/tiago_moveit_config/config/controllers/controllers_no-ee.yaml
[1.010s] -- Symlinking: /workspaces/TIAgo_humble/install/tiago_moveit_config/share/tiago_moveit_config/config/controllers/controllers_pal-gripper.yaml
[1.019s] -- Symlinking: /workspaces/TIAgo_humble/install/tiago_moveit_config/share/tiago_moveit_config/config/controllers/controllers_pal-hey5.yaml
[1.028s] -- Symlinking: /workspaces/TIAgo_humble/install/tiago_moveit_config/share/tiago_moveit_config/config/controllers/controllers_robotiq-2f-140.yaml
[1.036s] -- Symlinking: /workspaces/TIAgo_humble/install/tiago_moveit_config/share/tiago_moveit_config/config/controllers/controllers_robotiq-2f-85.yaml
[1.044s] -- Symlinking: /workspaces/TIAgo_humble/install/tiago_moveit_config/share/tiago_moveit_config/config/controllers/controllers_robotiq-epick.yaml
[1.052s] -- Symlinking: /workspaces/TIAgo_humble/install/tiago_moveit_config/share/tiago_moveit_config/config/joint_limits.yaml
[1.061s] -- Symlinking: /workspaces/TIAgo_humble/install/tiago_moveit_config/share/tiago_moveit_config/config/kinematics_kdl.yaml
[1.069s] -- Symlinking: /workspaces/TIAgo_humble/install/tiago_moveit_config/share/tiago_moveit_config/config/kinematics_trac_ik.yaml
[1.077s] -- Symlinking: /workspaces/TIAgo_humble/install/tiago_moveit_config/share/tiago_moveit_config/config/ompl_planning.yaml
[1.086s] -- Symlinking: /workspaces/TIAgo_humble/install/tiago_moveit_config/share/tiago_moveit_config/config/pilz_cartesian_limits.yaml
[1.099s] -- Symlinking: /workspaces/TIAgo_humble/install/tiago_moveit_config/share/tiago_moveit_config/config/rviz/moveit.rviz
[1.111s] -- Symlinking: /workspaces/TIAgo_humble/install/tiago_moveit_config/share/tiago_moveit_config/config/sensors_3d.yaml
[1.124s] -- Symlinking: /workspaces/TIAgo_humble/install/tiago_moveit_config/share/tiago_moveit_config/config/srdf/disable_collisions/custom.srdf.xacro
[1.136s] -- Symlinking: /workspaces/TIAgo_humble/install/tiago_moveit_config/share/tiago_moveit_config/config/srdf/disable_collisions/custom_schunk-ft.srdf.xacro
[1.146s] -- Symlinking: /workspaces/TIAgo_humble/install/tiago_moveit_config/share/tiago_moveit_config/config/srdf/disable_collisions/no-ee.srdf.xacro
[1.156s] -- Symlinking: /workspaces/TIAgo_humble/install/tiago_moveit_config/share/tiago_moveit_config/config/srdf/disable_collisions/no-ee_schunk-ft.srdf.xacro
[1.164s] -- Symlinking: /workspaces/TIAgo_humble/install/tiago_moveit_config/share/tiago_moveit_config/config/srdf/disable_collisions/pal-gripper.srdf.xacro
[1.173s] -- Symlinking: /workspaces/TIAgo_humble/install/tiago_moveit_config/share/tiago_moveit_config/config/srdf/disable_collisions/pal-gripper_schunk-ft.srdf.xacro
[1.182s] -- Symlinking: /workspaces/TIAgo_humble/install/tiago_moveit_config/share/tiago_moveit_config/config/srdf/disable_collisions/pal-hey5.srdf.xacro
[1.191s] -- Symlinking: /workspaces/TIAgo_humble/install/tiago_moveit_config/share/tiago_moveit_config/config/srdf/disable_collisions/pal-hey5_schunk-ft.srdf.xacro
[1.202s] -- Symlinking: /workspaces/TIAgo_humble/install/tiago_moveit_config/share/tiago_moveit_config/config/srdf/disable_collisions/robotiq-2f-140.srdf.xacro
[1.211s] -- Symlinking: /workspaces/TIAgo_humble/install/tiago_moveit_config/share/tiago_moveit_config/config/srdf/disable_collisions/robotiq-2f-140_schunk-ft.srdf.xacro
[1.219s] -- Symlinking: /workspaces/TIAgo_humble/install/tiago_moveit_config/share/tiago_moveit_config/config/srdf/disable_collisions/robotiq-2f-85.srdf.xacro
[1.228s] -- Symlinking: /workspaces/TIAgo_humble/install/tiago_moveit_config/share/tiago_moveit_config/config/srdf/disable_collisions/robotiq-2f-85_schunk-ft.srdf.xacro
[1.237s] -- Symlinking: /workspaces/TIAgo_humble/install/tiago_moveit_config/share/tiago_moveit_config/config/srdf/disable_collisions/tiago_custom.srdf.xacro
[1.246s] -- Symlinking: /workspaces/TIAgo_humble/install/tiago_moveit_config/share/tiago_moveit_config/config/srdf/disable_collisions/tiago_custom_schunk-ft.srdf.xacro
[1.255s] -- Symlinking: /workspaces/TIAgo_humble/install/tiago_moveit_config/share/tiago_moveit_config/config/srdf/disable_collisions/tiago_no-arm.srdf.xacro
[1.263s] -- Symlinking: /workspaces/TIAgo_humble/install/tiago_moveit_config/share/tiago_moveit_config/config/srdf/disable_collisions/tiago_no-ee.srdf.xacro
[1.272s] -- Symlinking: /workspaces/TIAgo_humble/install/tiago_moveit_config/share/tiago_moveit_config/config/srdf/disable_collisions/tiago_no-ee_schunk-ft.srdf.xacro
[1.280s] -- Symlinking: /workspaces/TIAgo_humble/install/tiago_moveit_config/share/tiago_moveit_config/config/srdf/disable_collisions/tiago_omni_custom.srdf.xacro
[1.289s] -- Symlinking: /workspaces/TIAgo_humble/install/tiago_moveit_config/share/tiago_moveit_config/config/srdf/disable_collisions/tiago_omni_custom_schunk-ft.srdf.xacro
[1.297s] -- Symlinking: /workspaces/TIAgo_humble/install/tiago_moveit_config/share/tiago_moveit_config/config/srdf/disable_collisions/tiago_omni_no-arm.srdf.xacro
[1.306s] -- Symlinking: /workspaces/TIAgo_humble/install/tiago_moveit_config/share/tiago_moveit_config/config/srdf/disable_collisions/tiago_omni_no-ee.srdf.xacro
[1.315s] -- Symlinking: /workspaces/TIAgo_humble/install/tiago_moveit_config/share/tiago_moveit_config/config/srdf/disable_collisions/tiago_omni_no-ee_schunk-ft.srdf.xacro
[1.324s] -- Symlinking: /workspaces/TIAgo_humble/install/tiago_moveit_config/share/tiago_moveit_config/config/srdf/disable_collisions/tiago_omni_pal-gripper.srdf.xacro
[1.332s] -- Symlinking: /workspaces/TIAgo_humble/install/tiago_moveit_config/share/tiago_moveit_config/config/srdf/disable_collisions/tiago_omni_pal-gripper_schunk-ft.srdf.xacro
[1.340s] -- Symlinking: /workspaces/TIAgo_humble/install/tiago_moveit_config/share/tiago_moveit_config/config/srdf/disable_collisions/tiago_omni_pal-hey5.srdf.xacro
[1.349s] -- Symlinking: /workspaces/TIAgo_humble/install/tiago_moveit_config/share/tiago_moveit_config/config/srdf/disable_collisions/tiago_omni_pal-hey5_schunk-ft.srdf.xacro
[1.357s] -- Symlinking: /workspaces/TIAgo_humble/install/tiago_moveit_config/share/tiago_moveit_config/config/srdf/disable_collisions/tiago_omni_robotiq-2f-140.srdf.xacro
[1.366s] -- Symlinking: /workspaces/TIAgo_humble/install/tiago_moveit_config/share/tiago_moveit_config/config/srdf/disable_collisions/tiago_omni_robotiq-2f-140_schunk-ft.srdf.xacro
[1.375s] -- Symlinking: /workspaces/TIAgo_humble/install/tiago_moveit_config/share/tiago_moveit_config/config/srdf/disable_collisions/tiago_omni_robotiq-2f-85.srdf.xacro
[1.384s] -- Symlinking: /workspaces/TIAgo_humble/install/tiago_moveit_config/share/tiago_moveit_config/config/srdf/disable_collisions/tiago_omni_robotiq-2f-85_schunk-ft.srdf.xacro
[1.393s] -- Symlinking: /workspaces/TIAgo_humble/install/tiago_moveit_config/share/tiago_moveit_config/config/srdf/disable_collisions/tiago_pal-gripper.srdf.xacro
[1.403s] -- Symlinking: /workspaces/TIAgo_humble/install/tiago_moveit_config/share/tiago_moveit_config/config/srdf/disable_collisions/tiago_pal-gripper_schunk-ft.srdf.xacro
[1.412s] -- Symlinking: /workspaces/TIAgo_humble/install/tiago_moveit_config/share/tiago_moveit_config/config/srdf/disable_collisions/tiago_pal-hey5.srdf.xacro
[1.420s] -- Symlinking: /workspaces/TIAgo_humble/install/tiago_moveit_config/share/tiago_moveit_config/config/srdf/disable_collisions/tiago_pal-hey5_schunk-ft.srdf.xacro
[1.429s] -- Symlinking: /workspaces/TIAgo_humble/install/tiago_moveit_config/share/tiago_moveit_config/config/srdf/disable_collisions/tiago_robotiq-2f-140.srdf.xacro
[1.438s] -- Symlinking: /workspaces/TIAgo_humble/install/tiago_moveit_config/share/tiago_moveit_config/config/srdf/disable_collisions/tiago_robotiq-2f-140_schunk-ft.srdf.xacro
[1.448s] -- Symlinking: /workspaces/TIAgo_humble/install/tiago_moveit_config/share/tiago_moveit_config/config/srdf/disable_collisions/tiago_robotiq-2f-85.srdf.xacro
[1.456s] -- Symlinking: /workspaces/TIAgo_humble/install/tiago_moveit_config/share/tiago_moveit_config/config/srdf/disable_collisions/tiago_robotiq-2f-85_schunk-ft.srdf.xacro
[1.464s] -- Symlinking: /workspaces/TIAgo_humble/install/tiago_moveit_config/share/tiago_moveit_config/config/srdf/end_effectors/custom.srdf.xacro
[1.473s] -- Symlinking: /workspaces/TIAgo_humble/install/tiago_moveit_config/share/tiago_moveit_config/config/srdf/end_effectors/no-end-effector.srdf.xacro
[1.482s] -- Symlinking: /workspaces/TIAgo_humble/install/tiago_moveit_config/share/tiago_moveit_config/config/srdf/end_effectors/pal-gripper.srdf.xacro
[1.492s] -- Symlinking: /workspaces/TIAgo_humble/install/tiago_moveit_config/share/tiago_moveit_config/config/srdf/end_effectors/pal-hey5.srdf.xacro
[1.501s] -- Symlinking: /workspaces/TIAgo_humble/install/tiago_moveit_config/share/tiago_moveit_config/config/srdf/end_effectors/robotiq-2f-140.srdf.xacro
[1.511s] -- Symlinking: /workspaces/TIAgo_humble/install/tiago_moveit_config/share/tiago_moveit_config/config/srdf/end_effectors/robotiq-2f-85.srdf.xacro
[1.521s] -- Symlinking: /workspaces/TIAgo_humble/install/tiago_moveit_config/share/tiago_moveit_config/config/srdf/end_effectors/shared/robotiq-2f.srdf.xacro
[1.533s] -- Symlinking: /workspaces/TIAgo_humble/install/tiago_moveit_config/share/tiago_moveit_config/config/srdf/scripts/update.sh
[1.545s] -- Symlinking: /workspaces/TIAgo_humble/install/tiago_moveit_config/share/tiago_moveit_config/config/srdf/tiago.srdf.xacro
[1.560s] Invoked command in '/workspaces/TIAgo_humble/build/tiago_moveit_config' returned '0': AMENT_PREFIX_PATH=/workspaces/TIAgo_humble/install/tiago_description:/workspaces/TIAgo_humble/install/pmb2_description:/workspaces/TIAgo_humble/install/pal_hey5_description:/workspaces/TIAgo_humble/install/pal_gripper_description:/workspaces/TIAgo_humble/install/omni_base_description:/workspaces/TIAgo_humble/install/pal_urdf_utils:/workspaces/TIAgo_humble/install/pal_robotiq_description:/workspaces/TIAgo_humble/install/moveit_ros_control_interface:/workspaces/TIAgo_humble/install/launch_pal:${AMENT_PREFIX_PATH} CMAKE_PREFIX_PATH=/workspaces/TIAgo_humble/install/tiago_description:/workspaces/TIAgo_humble/install/pmb2_description:/workspaces/TIAgo_humble/install/pal_hey5_description:/workspaces/TIAgo_humble/install/pal_gripper_description:/workspaces/TIAgo_humble/install/omni_base_description:/workspaces/TIAgo_humble/install/pal_urdf_utils:/workspaces/TIAgo_humble/install/pal_robotiq_description:/workspaces/TIAgo_humble/install/moveit_ros_control_interface:/opt/ros/humble LD_LIBRARY_PATH=/workspaces/TIAgo_humble/install/moveit_ros_control_interface/lib:/usr/lib/x86_64-linux-gnu/gazebo-11/plugins:/opt/ros/humble/opt/rviz_ogre_vendor/lib:/opt/ros/humble/lib/x86_64-linux-gnu:/opt/ros/humble/lib:/usr/lib/x86_64-linux-gnu/gazebo-11/plugins PYTHONPATH=/workspaces/TIAgo_humble/install/tiago_description/local/lib/python3.10/dist-packages:/workspaces/TIAgo_humble/install/pmb2_description/local/lib/python3.10/dist-packages:/workspaces/TIAgo_humble/install/omni_base_description/local/lib/python3.10/dist-packages:/workspaces/TIAgo_humble/build/launch_pal:/workspaces/TIAgo_humble/install/launch_pal/lib/python3.10/site-packages:${PYTHONPATH} /usr/bin/cmake --install /workspaces/TIAgo_humble/build/tiago_moveit_config
