[0.210s] Invoking command in '/workspaces/TIAgo_humble/build/pal_gazebo_plugins': CMAKE_PREFIX_PATH=/opt/ros/humble /usr/bin/cmake /workspaces/TIAgo_humble/ros2_ws/src/pal_gazebo_plugins -DCMAKE_BUILD_TYPE=Release -DAMENT_CMAKE_SYMLINK_INSTALL=1 -DCMAKE_INSTALL_PREFIX=/workspaces/TIAgo_humble/install/pal_gazebo_plugins
[0.311s] -- The C compiler identification is GNU 11.4.0
[0.391s] -- The CXX compiler identification is GNU 11.4.0
[0.403s] -- Detecting C compiler ABI info
[0.510s] -- Detecting C compiler ABI info - done
[0.525s] -- Check for working C compiler: /usr/bin/cc - skipped
[0.526s] -- Detecting C compile features
[0.527s] -- Detecting C compile features - done
[0.533s] -- Detecting CXX compiler ABI info
[0.666s] -- Detecting CXX compiler ABI info - done
[0.679s] -- Check for working CXX compiler: /usr/bin/c++ - skipped
[0.680s] -- Detecting CXX compile features
[0.681s] -- Detecting CXX compile features - done
[0.685s] -- Found ament_cmake_auto: 1.3.14 (/opt/ros/humble/share/ament_cmake_auto/cmake)
[0.928s] -- Found Python3: /usr/bin/python3 (found version "3.10.12") found components: Interpreter 
[1.027s] -- Override CMake install command with custom implementation using symlinks instead of copying resources
[1.171s] -- Found PkgConfig: /usr/bin/pkg-config (found version "0.29.2") 
[1.176s] -- Checking for module 'bullet>=2.82'
[1.195s] --   Found bullet, version 3.05
[1.331s] -- Found fcl: /usr/include (found suitable version "0.7.0", minimum required is "0.5.0") 
[1.395s] -- Found assimp: /usr/include (found version "5.2.0") 
[1.440s] -- Found DART: /usr/include (Required is at least version "6.6") found components: dart 
[1.675s] -- Found Boost: /usr/lib/x86_64-linux-gnu/cmake/Boost-1.74.0/BoostConfig.cmake (found suitable version "1.74.0", minimum required is "1.40.0") found components: thread system filesystem program_options regex iostreams date_time 
[1.704s] -- Found Protobuf: /usr/lib/x86_64-linux-gnu/libprotobuf.so (found version "3.12.4") 
[1.715s] -- Looking for ignition-math6 -- found version 6.16.0
[1.726s] -- Searching for dependencies of ignition-math6
[1.729s] -- Looking for OGRE...
[1.730s] -- OGRE_PREFIX_WATCH changed.
[1.735s] -- Checking for module 'OGRE'
[1.748s] --   Found OGRE, version 1.9.0
[1.785s] -- Found Ogre Ghadamon (1.9.0)
[1.803s] -- Found OGRE: optimized;/usr/lib/x86_64-linux-gnu/libOgreMain.so;debug;/usr/lib/x86_64-linux-gnu/libOgreMain.so
[1.819s] -- Looking for OGRE_Paging...
[1.823s] -- Found OGRE_Paging: optimized;/usr/lib/x86_64-linux-gnu/libOgrePaging.so;debug;/usr/lib/x86_64-linux-gnu/libOgrePaging.so
[1.823s] -- Looking for OGRE_Terrain...
[1.827s] -- Found OGRE_Terrain: optimized;/usr/lib/x86_64-linux-gnu/libOgreTerrain.so;debug;/usr/lib/x86_64-linux-gnu/libOgreTerrain.so
[1.827s] -- Looking for OGRE_Property...
[1.831s] -- Found OGRE_Property: optimized;/usr/lib/x86_64-linux-gnu/libOgreProperty.so;debug;/usr/lib/x86_64-linux-gnu/libOgreProperty.so
[1.831s] -- Looking for OGRE_RTShaderSystem...
[1.837s] -- Found OGRE_RTShaderSystem: optimized;/usr/lib/x86_64-linux-gnu/libOgreRTShaderSystem.so;debug;/usr/lib/x86_64-linux-gnu/libOgreRTShaderSystem.so
[1.837s] -- Looking for OGRE_Volume...
[1.838s] -- Found OGRE_Volume: optimized;/usr/lib/x86_64-linux-gnu/libOgreVolume.so;debug;/usr/lib/x86_64-linux-gnu/libOgreVolume.so
[1.838s] -- Looking for OGRE_Overlay...
[1.842s] -- Found OGRE_Overlay: optimized;/usr/lib/x86_64-linux-gnu/libOgreOverlay.so;debug;/usr/lib/x86_64-linux-gnu/libOgreOverlay.so
[1.926s] -- Looking for ignition-math6 -- found version 6.16.0
[1.934s] -- Looking for ignition-transport8 -- found version 8.2.1
[1.934s] -- Searching for dependencies of ignition-transport8
[1.958s] -- Found Protobuf: /usr/lib/x86_64-linux-gnu/libprotobuf.so (found suitable version "3.12.4", minimum required is "3") 
[1.975s] -- Config-file not installed for ZeroMQ -- checking for pkg-config
[1.981s] -- Checking for module 'libzmq >= 4'
[1.997s] --   Found libzmq , version 4.3.4
[2.036s] -- Found ZeroMQ: TRUE (Required is at least version "4") 
[2.044s] -- Checking for module 'uuid'
[2.056s] --   Found uuid, version 2.37.2
[2.089s] -- Found UUID: TRUE  
[2.093s] -- Looking for ignition-msgs5 -- found version 5.8.1
[2.093s] -- Searching for dependencies of ignition-msgs5
[2.119s] -- Looking for ignition-math6 -- found version 6.16.0
[2.124s] -- Checking for module 'tinyxml2'
[2.138s] --   Found tinyxml2, version 9.0.0
[2.174s] -- Looking for ignition-msgs5 -- found version 5.8.1
[2.178s] -- Looking for ignition-common3 -- found version 3.14.0
[2.179s] -- Searching for dependencies of ignition-common3
[2.179s] -- Looking for dlfcn.h - found
[2.180s] -- Looking for libdl - found
[2.182s] -- Found DL: TRUE  
[2.195s] -- Found tinyobjloader: /usr/lib/x86_64-linux-gnu/cmake/tinyobjloader/tinyobjloader-config.cmake (found version "2.0.0") 
[2.196s] -- Searching for <ignition-common3> component [graphics]
[2.199s] -- Looking for ignition-common3-graphics -- found version 3.14.0
[2.200s] -- Searching for dependencies of ignition-common3-graphics
[2.200s] -- Looking for ignition-math6 -- found version 6.16.0
[2.211s] -- Looking for ignition-fuel_tools4 -- found version 4.4.0
[2.211s] -- Searching for dependencies of ignition-fuel_tools4
[2.320s] -- Found CURL: /usr/lib/x86_64-linux-gnu/libcurl.so (found version "7.81.0")  
[2.335s] -- Checking for module 'jsoncpp'
[2.351s] --   Found jsoncpp, version 1.9.5
[2.387s] -- Found JSONCPP: TRUE  
[2.394s] -- Checking for module 'libzip'
[2.409s] --   Found libzip, version 1.7.3
[2.446s] -- Found ZIP: TRUE  
[2.446s] -- Looking for ignition-common3 -- found version 3.14.0
[2.447s] -- Looking for ignition-math6 -- found version 6.16.0
[2.447s] -- Looking for ignition-msgs5 -- found version 5.8.1
[2.455s] -- Gazebo version: 11.10
[2.455s] -- Checking for module 'tbb'
[2.472s] --   Found tbb, version 2021.5.0
[2.576s] -- Found rosidl_generator_c: 3.1.9 (/opt/ros/humble/share/rosidl_generator_c/cmake)
[2.585s] -- Found rosidl_adapter: 3.1.9 (/opt/ros/humble/share/rosidl_adapter/cmake)
[2.597s] -- Found rosidl_generator_cpp: 3.1.9 (/opt/ros/humble/share/rosidl_generator_cpp/cmake)
[2.612s] -- Using all available rosidl_typesupport_c: rosidl_typesupport_fastrtps_c;rosidl_typesupport_introspection_c
[2.633s] -- Using all available rosidl_typesupport_cpp: rosidl_typesupport_fastrtps_cpp;rosidl_typesupport_introspection_cpp
[2.697s] -- Found rmw_implementation_cmake: 6.1.3 (/opt/ros/humble/share/rmw_implementation_cmake/cmake)
[2.699s] -- Found rmw_fastrtps_cpp: 6.2.10 (/opt/ros/humble/share/rmw_fastrtps_cpp/cmake)
[2.875s] -- Found OpenSSL: /usr/lib/x86_64-linux-gnu/libcrypto.so (found version "3.0.2")  
[2.944s] -- Found FastRTPS: /opt/ros/humble/include  
[3.093s] -- Using RMW implementation 'rmw_fastrtps_cpp' as default
[3.123s] -- Found Threads: TRUE  
[3.505s] -- Found eigen3_cmake_module: 0.1.1 (/opt/ros/humble/share/eigen3_cmake_module/cmake)
[3.506s] -- Found Eigen3: TRUE (found version "3.4.0") 
[3.506s] -- Ensuring Eigen3 include directory is part of orocos-kdl CMake target
[4.381s] -- Found ament_lint_auto: 0.12.15 (/opt/ros/humble/share/ament_lint_auto/cmake)
[4.487s] -- Added test 'copyright' to check source files copyright and LICENSE
[4.494s] -- Added test 'cppcheck' to perform static code analysis on C / C++ code
[4.495s] -- Configured cppcheck include dirs: /workspaces/TIAgo_humble/ros2_ws/src/pal_gazebo_plugins/include
[4.495s] -- Configured cppcheck exclude dirs and/or files: 
[4.503s] -- Added test 'cpplint' to check C / C++ code against the Google style
[4.504s] -- Configured cpplint exclude dirs and/or files: 
[4.506s] -- Added test 'lint_cmake' to check CMake code style
[4.511s] -- Added test 'uncrustify' to check C / C++ code style
[4.511s] -- Configured uncrustify additional arguments: 
[4.513s] -- Added test 'xmllint' to check XML markup files
[4.522s] -- Configuring done
[4.853s] -- Generating done
[4.873s] -- Build files have been written to: /workspaces/TIAgo_humble/build/pal_gazebo_plugins
[4.896s] Invoked command in '/workspaces/TIAgo_humble/build/pal_gazebo_plugins' returned '0': CMAKE_PREFIX_PATH=/opt/ros/humble /usr/bin/cmake /workspaces/TIAgo_humble/ros2_ws/src/pal_gazebo_plugins -DCMAKE_BUILD_TYPE=Release -DAMENT_CMAKE_SYMLINK_INSTALL=1 -DCMAKE_INSTALL_PREFIX=/workspaces/TIAgo_humble/install/pal_gazebo_plugins
[4.898s] Invoking command in '/workspaces/TIAgo_humble/build/pal_gazebo_plugins': CMAKE_PREFIX_PATH=/opt/ros/humble /usr/bin/cmake --build /workspaces/TIAgo_humble/build/pal_gazebo_plugins -- -j24 -l24
[5.014s] [ 16%] [32mBuilding CXX object CMakeFiles/gazebo_underactuated_finger.dir/src/gazebo_underactuated_finger.cpp.o[0m
[27.453s] [ 33%] [32m[1mLinking CXX shared library libgazebo_underactuated_finger.so[0m
[28.571s] [ 33%] Built target gazebo_underactuated_finger
[28.593s] [ 50%] [32mBuilding CXX object CMakeFiles/pal_gazebo_collisions.dir/src/pal_gazebo_collisions.cpp.o[0m
[44.715s] [ 66%] [32m[1mLinking CXX shared library libpal_gazebo_collisions.so[0m
[44.999s] [ 66%] Built target pal_gazebo_collisions
[45.014s] [ 83%] [32mBuilding CXX object CMakeFiles/gazebo_world_odometry.dir/src/gazebo_world_odometry.cpp.o[0m
[54.908s] [100%] [32m[1mLinking CXX shared library libgazebo_world_odometry.so[0m
[55.182s] [100%] Built target gazebo_world_odometry
[55.189s] Invoked command in '/workspaces/TIAgo_humble/build/pal_gazebo_plugins' returned '0': CMAKE_PREFIX_PATH=/opt/ros/humble /usr/bin/cmake --build /workspaces/TIAgo_humble/build/pal_gazebo_plugins -- -j24 -l24
[55.190s] Invoking command in '/workspaces/TIAgo_humble/build/pal_gazebo_plugins': CMAKE_PREFIX_PATH=/opt/ros/humble /usr/bin/cmake --install /workspaces/TIAgo_humble/build/pal_gazebo_plugins
[55.195s] -- Install configuration: "Release"
[55.195s] -- Execute custom install script
[55.195s] -- Symlinking: /workspaces/TIAgo_humble/install/pal_gazebo_plugins/include/pal_gazebo_plugins/pal_gazebo_plugins/gazebo_underactuated_finger.hpp
[55.200s] -- Symlinking: /workspaces/TIAgo_humble/install/pal_gazebo_plugins/include/pal_gazebo_plugins/pal_gazebo_plugins/gazebo_world_odometry.hpp
[55.205s] -- Symlinking: /workspaces/TIAgo_humble/install/pal_gazebo_plugins/include/pal_gazebo_plugins/pal_gazebo_plugins/pal_gazebo_collisions.hpp
[55.209s] -- Symlinking: /workspaces/TIAgo_humble/install/pal_gazebo_plugins/share/pal_gazebo_plugins/environment/library_path.sh
[55.213s] -- Symlinking: /workspaces/TIAgo_humble/install/pal_gazebo_plugins/share/pal_gazebo_plugins/environment/library_path.dsv
[55.218s] -- Symlinking: /workspaces/TIAgo_humble/install/pal_gazebo_plugins/lib/libgazebo_underactuated_finger.so
[55.222s] -- Symlinking: /workspaces/TIAgo_humble/install/pal_gazebo_plugins/lib/libpal_gazebo_collisions.so
[55.227s] -- Symlinking: /workspaces/TIAgo_humble/install/pal_gazebo_plugins/lib/libgazebo_world_odometry.so
[55.231s] -- Symlinking: /workspaces/TIAgo_humble/install/pal_gazebo_plugins/share/ament_index/resource_index/package_run_dependencies/pal_gazebo_plugins
[55.236s] -- Symlinking: /workspaces/TIAgo_humble/install/pal_gazebo_plugins/share/ament_index/resource_index/parent_prefix_path/pal_gazebo_plugins
[55.240s] -- Symlinking: /workspaces/TIAgo_humble/install/pal_gazebo_plugins/share/pal_gazebo_plugins/environment/ament_prefix_path.sh
[55.245s] -- Symlinking: /workspaces/TIAgo_humble/install/pal_gazebo_plugins/share/pal_gazebo_plugins/environment/ament_prefix_path.dsv
[55.250s] -- Symlinking: /workspaces/TIAgo_humble/install/pal_gazebo_plugins/share/pal_gazebo_plugins/environment/path.sh
[55.255s] -- Symlinking: /workspaces/TIAgo_humble/install/pal_gazebo_plugins/share/pal_gazebo_plugins/environment/path.dsv
[55.260s] -- Symlinking: /workspaces/TIAgo_humble/install/pal_gazebo_plugins/share/pal_gazebo_plugins/local_setup.bash
[55.265s] -- Symlinking: /workspaces/TIAgo_humble/install/pal_gazebo_plugins/share/pal_gazebo_plugins/local_setup.sh
[55.270s] -- Symlinking: /workspaces/TIAgo_humble/install/pal_gazebo_plugins/share/pal_gazebo_plugins/local_setup.zsh
[55.276s] -- Symlinking: /workspaces/TIAgo_humble/install/pal_gazebo_plugins/share/pal_gazebo_plugins/local_setup.dsv
[55.281s] -- Symlinking: /workspaces/TIAgo_humble/install/pal_gazebo_plugins/share/pal_gazebo_plugins/package.dsv
[55.287s] -- Symlinking: /workspaces/TIAgo_humble/install/pal_gazebo_plugins/share/ament_index/resource_index/packages/pal_gazebo_plugins
[55.292s] -- Symlinking: /workspaces/TIAgo_humble/install/pal_gazebo_plugins/share/pal_gazebo_plugins/cmake/ament_cmake_export_dependencies-extras.cmake
[55.296s] -- Symlinking: /workspaces/TIAgo_humble/install/pal_gazebo_plugins/share/pal_gazebo_plugins/cmake/ament_cmake_export_include_directories-extras.cmake
[55.301s] -- Symlinking: /workspaces/TIAgo_humble/install/pal_gazebo_plugins/share/pal_gazebo_plugins/cmake/ament_cmake_export_libraries-extras.cmake
[55.306s] -- Symlinking: /workspaces/TIAgo_humble/install/pal_gazebo_plugins/share/pal_gazebo_plugins/cmake/pal_gazebo_pluginsConfig.cmake
[55.311s] -- Symlinking: /workspaces/TIAgo_humble/install/pal_gazebo_plugins/share/pal_gazebo_plugins/cmake/pal_gazebo_pluginsConfig-version.cmake
[55.316s] -- Symlinking: /workspaces/TIAgo_humble/install/pal_gazebo_plugins/share/pal_gazebo_plugins/package.xml
[55.321s] Invoked command in '/workspaces/TIAgo_humble/build/pal_gazebo_plugins' returned '0': CMAKE_PREFIX_PATH=/opt/ros/humble /usr/bin/cmake --install /workspaces/TIAgo_humble/build/pal_gazebo_plugins
