[0.027s] Invoking command in '/workspaces/TIAgo_humble/build/pmb2_robot': AMENT_PREFIX_PATH=/workspaces/TIAgo_humble/install/pmb2_bringup:/workspaces/TIAgo_humble/install/pmb2_description:/workspaces/TIAgo_humble/install/pmb2_controller_configuration:/workspaces/TIAgo_humble/install/pal_urdf_utils:/workspaces/TIAgo_humble/install/launch_pal:${AMENT_PREFIX_PATH} CMAKE_PREFIX_PATH=/workspaces/TIAgo_humble/install/pmb2_bringup:/workspaces/TIAgo_humble/install/pmb2_description:/workspaces/TIAgo_humble/install/pmb2_controller_configuration:/workspaces/TIAgo_humble/install/pal_urdf_utils:/opt/ros/humble PYTHONPATH=/workspaces/TIAgo_humble/install/pmb2_description/local/lib/python3.10/dist-packages:/workspaces/TIAgo_humble/build/launch_pal:/workspaces/TIAgo_humble/install/launch_pal/lib/python3.10/site-packages:${PYTHONPATH} /usr/bin/cmake /workspaces/TIAgo_humble/ros2_ws/src/pmb2_robot/pmb2_robot -DCMAKE_BUILD_TYPE=Release -DAMENT_CMAKE_SYMLINK_INSTALL=1 -DCMAKE_INSTALL_PREFIX=/workspaces/TIAgo_humble/install/pmb2_robot
[0.222s] -- The C compiler identification is GNU 11.4.0
[0.435s] -- The CXX compiler identification is GNU 11.4.0
[0.455s] -- Detecting C compiler ABI info
[0.741s] -- Detecting C compiler ABI info - done
[0.770s] -- Check for working C compiler: /usr/bin/cc - skipped
[0.771s] -- Detecting C compile features
[0.783s] -- Detecting C compile features - done
[0.793s] -- Detecting CXX compiler ABI info
[0.940s] -- Detecting CXX compiler ABI info - done
[0.960s] -- Check for working CXX compiler: /usr/bin/c++ - skipped
[0.960s] -- Detecting CXX compile features
[0.961s] -- Detecting CXX compile features - done
[0.972s] -- Found ament_cmake: 1.3.14 (/opt/ros/humble/share/ament_cmake/cmake)
[1.324s] -- Found Python3: /usr/bin/python3 (found version "3.10.12") found components: Interpreter 
[1.546s] -- Override CMake install command with custom implementation using symlinks instead of copying resources
[1.864s] -- Configuring done
[1.870s] -- Generating done
[1.885s] -- Build files have been written to: /workspaces/TIAgo_humble/build/pmb2_robot
[1.889s] Invoked command in '/workspaces/TIAgo_humble/build/pmb2_robot' returned '0': AMENT_PREFIX_PATH=/workspaces/TIAgo_humble/install/pmb2_bringup:/workspaces/TIAgo_humble/install/pmb2_description:/workspaces/TIAgo_humble/install/pmb2_controller_configuration:/workspaces/TIAgo_humble/install/pal_urdf_utils:/workspaces/TIAgo_humble/install/launch_pal:${AMENT_PREFIX_PATH} CMAKE_PREFIX_PATH=/workspaces/TIAgo_humble/install/pmb2_bringup:/workspaces/TIAgo_humble/install/pmb2_description:/workspaces/TIAgo_humble/install/pmb2_controller_configuration:/workspaces/TIAgo_humble/install/pal_urdf_utils:/opt/ros/humble PYTHONPATH=/workspaces/TIAgo_humble/install/pmb2_description/local/lib/python3.10/dist-packages:/workspaces/TIAgo_humble/build/launch_pal:/workspaces/TIAgo_humble/install/launch_pal/lib/python3.10/site-packages:${PYTHONPATH} /usr/bin/cmake /workspaces/TIAgo_humble/ros2_ws/src/pmb2_robot/pmb2_robot -DCMAKE_BUILD_TYPE=Release -DAMENT_CMAKE_SYMLINK_INSTALL=1 -DCMAKE_INSTALL_PREFIX=/workspaces/TIAgo_humble/install/pmb2_robot
[1.889s] Invoking command in '/workspaces/TIAgo_humble/build/pmb2_robot': AMENT_PREFIX_PATH=/workspaces/TIAgo_humble/install/pmb2_bringup:/workspaces/TIAgo_humble/install/pmb2_description:/workspaces/TIAgo_humble/install/pmb2_controller_configuration:/workspaces/TIAgo_humble/install/pal_urdf_utils:/workspaces/TIAgo_humble/install/launch_pal:${AMENT_PREFIX_PATH} CMAKE_PREFIX_PATH=/workspaces/TIAgo_humble/install/pmb2_bringup:/workspaces/TIAgo_humble/install/pmb2_description:/workspaces/TIAgo_humble/install/pmb2_controller_configuration:/workspaces/TIAgo_humble/install/pal_urdf_utils:/opt/ros/humble PYTHONPATH=/workspaces/TIAgo_humble/install/pmb2_description/local/lib/python3.10/dist-packages:/workspaces/TIAgo_humble/build/launch_pal:/workspaces/TIAgo_humble/install/launch_pal/lib/python3.10/site-packages:${PYTHONPATH} /usr/bin/cmake --build /workspaces/TIAgo_humble/build/pmb2_robot -- -j24 -l24
[2.136s] Invoked command in '/workspaces/TIAgo_humble/build/pmb2_robot' returned '0': AMENT_PREFIX_PATH=/workspaces/TIAgo_humble/install/pmb2_bringup:/workspaces/TIAgo_humble/install/pmb2_description:/workspaces/TIAgo_humble/install/pmb2_controller_configuration:/workspaces/TIAgo_humble/install/pal_urdf_utils:/workspaces/TIAgo_humble/install/launch_pal:${AMENT_PREFIX_PATH} CMAKE_PREFIX_PATH=/workspaces/TIAgo_humble/install/pmb2_bringup:/workspaces/TIAgo_humble/install/pmb2_description:/workspaces/TIAgo_humble/install/pmb2_controller_configuration:/workspaces/TIAgo_humble/install/pal_urdf_utils:/opt/ros/humble PYTHONPATH=/workspaces/TIAgo_humble/install/pmb2_description/local/lib/python3.10/dist-packages:/workspaces/TIAgo_humble/build/launch_pal:/workspaces/TIAgo_humble/install/launch_pal/lib/python3.10/site-packages:${PYTHONPATH} /usr/bin/cmake --build /workspaces/TIAgo_humble/build/pmb2_robot -- -j24 -l24
[2.141s] Invoking command in '/workspaces/TIAgo_humble/build/pmb2_robot': AMENT_PREFIX_PATH=/workspaces/TIAgo_humble/install/pmb2_bringup:/workspaces/TIAgo_humble/install/pmb2_description:/workspaces/TIAgo_humble/install/pmb2_controller_configuration:/workspaces/TIAgo_humble/install/pal_urdf_utils:/workspaces/TIAgo_humble/install/launch_pal:${AMENT_PREFIX_PATH} CMAKE_PREFIX_PATH=/workspaces/TIAgo_humble/install/pmb2_bringup:/workspaces/TIAgo_humble/install/pmb2_description:/workspaces/TIAgo_humble/install/pmb2_controller_configuration:/workspaces/TIAgo_humble/install/pal_urdf_utils:/opt/ros/humble PYTHONPATH=/workspaces/TIAgo_humble/install/pmb2_description/local/lib/python3.10/dist-packages:/workspaces/TIAgo_humble/build/launch_pal:/workspaces/TIAgo_humble/install/launch_pal/lib/python3.10/site-packages:${PYTHONPATH} /usr/bin/cmake --install /workspaces/TIAgo_humble/build/pmb2_robot
[2.155s] -- Install configuration: "Release"
[2.155s] -- Execute custom install script
[2.156s] -- Symlinking: /workspaces/TIAgo_humble/install/pmb2_robot/share/ament_index/resource_index/package_run_dependencies/pmb2_robot
[2.156s] -- Symlinking: /workspaces/TIAgo_humble/install/pmb2_robot/share/ament_index/resource_index/parent_prefix_path/pmb2_robot
[2.156s] -- Symlinking: /workspaces/TIAgo_humble/install/pmb2_robot/share/pmb2_robot/environment/ament_prefix_path.sh
[2.156s] -- Symlinking: /workspaces/TIAgo_humble/install/pmb2_robot/share/pmb2_robot/environment/ament_prefix_path.dsv
[2.156s] -- Symlinking: /workspaces/TIAgo_humble/install/pmb2_robot/share/pmb2_robot/environment/path.sh
[2.156s] -- Symlinking: /workspaces/TIAgo_humble/install/pmb2_robot/share/pmb2_robot/environment/path.dsv
[2.156s] -- Symlinking: /workspaces/TIAgo_humble/install/pmb2_robot/share/pmb2_robot/local_setup.bash
[2.156s] -- Symlinking: /workspaces/TIAgo_humble/install/pmb2_robot/share/pmb2_robot/local_setup.sh
[2.156s] -- Symlinking: /workspaces/TIAgo_humble/install/pmb2_robot/share/pmb2_robot/local_setup.zsh
[2.164s] -- Symlinking: /workspaces/TIAgo_humble/install/pmb2_robot/share/pmb2_robot/local_setup.dsv
[2.179s] -- Symlinking: /workspaces/TIAgo_humble/install/pmb2_robot/share/pmb2_robot/package.dsv
[2.193s] -- Symlinking: /workspaces/TIAgo_humble/install/pmb2_robot/share/ament_index/resource_index/packages/pmb2_robot
[2.205s] -- Symlinking: /workspaces/TIAgo_humble/install/pmb2_robot/share/pmb2_robot/cmake/pmb2_robotConfig.cmake
[2.214s] -- Symlinking: /workspaces/TIAgo_humble/install/pmb2_robot/share/pmb2_robot/cmake/pmb2_robotConfig-version.cmake
[2.225s] -- Symlinking: /workspaces/TIAgo_humble/install/pmb2_robot/share/pmb2_robot/package.xml
[2.251s] Invoked command in '/workspaces/TIAgo_humble/build/pmb2_robot' returned '0': AMENT_PREFIX_PATH=/workspaces/TIAgo_humble/install/pmb2_bringup:/workspaces/TIAgo_humble/install/pmb2_description:/workspaces/TIAgo_humble/install/pmb2_controller_configuration:/workspaces/TIAgo_humble/install/pal_urdf_utils:/workspaces/TIAgo_humble/install/launch_pal:${AMENT_PREFIX_PATH} CMAKE_PREFIX_PATH=/workspaces/TIAgo_humble/install/pmb2_bringup:/workspaces/TIAgo_humble/install/pmb2_description:/workspaces/TIAgo_humble/install/pmb2_controller_configuration:/workspaces/TIAgo_humble/install/pal_urdf_utils:/opt/ros/humble PYTHONPATH=/workspaces/TIAgo_humble/install/pmb2_description/local/lib/python3.10/dist-packages:/workspaces/TIAgo_humble/build/launch_pal:/workspaces/TIAgo_humble/install/launch_pal/lib/python3.10/site-packages:${PYTHONPATH} /usr/bin/cmake --install /workspaces/TIAgo_humble/build/pmb2_robot
