-- The C compiler identification is GNU 11.4.0
-- The CXX compiler identification is GNU 11.4.0
-- Detecting C compiler ABI info
-- Detecting C compiler ABI info - done
-- Check for working C compiler: /usr/bin/cc - skipped
-- Detecting C compile features
-- Detecting C compile features - done
-- Detecting CXX compiler ABI info
-- Detecting CXX compiler ABI info - done
-- Check for working CXX compiler: /usr/bin/c++ - skipped
-- Detecting CXX compile features
-- Detecting CXX compile features - done
-- Found ament_cmake_auto: 1.3.14 (/opt/ros/humble/share/ament_cmake_auto/cmake)
-- Found Python3: /usr/bin/python3 (found version "3.10.12") found components: Interpreter 
-- Override CMake install command with custom implementation using symlinks instead of copying resources
-- Configuring done
-- Generating done
-- Build files have been written to: /workspaces/TIAgo_humble/build/pal_maps
-- Install configuration: "Release"
-- Execute custom install script
-- Symlinking: /workspaces/TIAgo_humble/install/pal_maps/share/pal_maps/maps/corridor_110cm/map.pgm
-- Symlinking: /workspaces/TIAgo_humble/install/pal_maps/share/pal_maps/maps/corridor_110cm/map.yaml
-- Symlinking: /workspaces/TIAgo_humble/install/pal_maps/share/pal_maps/maps/corridor_85cm/map.pgm
-- Symlinking: /workspaces/TIAgo_humble/install/pal_maps/share/pal_maps/maps/corridor_85cm/map.yaml
-- Symlinking: /workspaces/TIAgo_humble/install/pal_maps/share/pal_maps/maps/corridor_95cm/map.pgm
-- Symlinking: /workspaces/TIAgo_humble/install/pal_maps/share/pal_maps/maps/corridor_95cm/map.yaml
-- Symlinking: /workspaces/TIAgo_humble/install/pal_maps/share/pal_maps/maps/dynamic_obstacle_avoidance_world/map.pgm
-- Symlinking: /workspaces/TIAgo_humble/install/pal_maps/share/pal_maps/maps/dynamic_obstacle_avoidance_world/map.yaml
-- Symlinking: /workspaces/TIAgo_humble/install/pal_maps/share/pal_maps/maps/home/map.pgm
-- Symlinking: /workspaces/TIAgo_humble/install/pal_maps/share/pal_maps/maps/home/map.yaml
-- Symlinking: /workspaces/TIAgo_humble/install/pal_maps/share/pal_maps/maps/hospital/map.pgm
-- Symlinking: /workspaces/TIAgo_humble/install/pal_maps/share/pal_maps/maps/hospital/map.yaml
-- Symlinking: /workspaces/TIAgo_humble/install/pal_maps/share/pal_maps/maps/hospital_with_aruco/map.pgm
-- Symlinking: /workspaces/TIAgo_humble/install/pal_maps/share/pal_maps/maps/hospital_with_aruco/map.yaml
-- Symlinking: /workspaces/TIAgo_humble/install/pal_maps/share/pal_maps/maps/navigation_gym/map.pgm
-- Symlinking: /workspaces/TIAgo_humble/install/pal_maps/share/pal_maps/maps/navigation_gym/map.yaml
-- Symlinking: /workspaces/TIAgo_humble/install/pal_maps/share/pal_maps/maps/obstacle_avoidance_world/map.pgm
-- Symlinking: /workspaces/TIAgo_humble/install/pal_maps/share/pal_maps/maps/obstacle_avoidance_world/map.yaml
-- Symlinking: /workspaces/TIAgo_humble/install/pal_maps/share/pal_maps/maps/pal_office/map.pgm
-- Symlinking: /workspaces/TIAgo_humble/install/pal_maps/share/pal_maps/maps/pal_office/map.yaml
-- Symlinking: /workspaces/TIAgo_humble/install/pal_maps/share/pal_maps/maps/pal_office_7th_floor/map.pgm
-- Symlinking: /workspaces/TIAgo_humble/install/pal_maps/share/pal_maps/maps/pal_office_7th_floor/map.yaml
-- Symlinking: /workspaces/TIAgo_humble/install/pal_maps/share/pal_maps/maps/roscon_es_25/map.pgm
-- Symlinking: /workspaces/TIAgo_humble/install/pal_maps/share/pal_maps/maps/roscon_es_25/map.yaml
-- Symlinking: /workspaces/TIAgo_humble/install/pal_maps/share/pal_maps/maps/small_house/map.pgm
-- Symlinking: /workspaces/TIAgo_humble/install/pal_maps/share/pal_maps/maps/small_house/map.yaml
-- Symlinking: /workspaces/TIAgo_humble/install/pal_maps/share/pal_maps/maps/small_office/map.pgm
-- Symlinking: /workspaces/TIAgo_humble/install/pal_maps/share/pal_maps/maps/small_office/map.yaml
-- Symlinking: /workspaces/TIAgo_humble/install/pal_maps/share/pal_maps/maps/small_warehouse/map.pgm
-- Symlinking: /workspaces/TIAgo_humble/install/pal_maps/share/pal_maps/maps/small_warehouse/map.yaml
-- Symlinking: /workspaces/TIAgo_humble/install/pal_maps/share/pal_maps/maps/willow_garage/map.pgm
-- Symlinking: /workspaces/TIAgo_humble/install/pal_maps/share/pal_maps/maps/willow_garage/map.yaml
-- Symlinking: /workspaces/TIAgo_humble/install/pal_maps/share/ament_index/resource_index/package_run_dependencies/pal_maps
-- Symlinking: /workspaces/TIAgo_humble/install/pal_maps/share/ament_index/resource_index/parent_prefix_path/pal_maps
-- Symlinking: /workspaces/TIAgo_humble/install/pal_maps/share/pal_maps/environment/ament_prefix_path.sh
-- Symlinking: /workspaces/TIAgo_humble/install/pal_maps/share/pal_maps/environment/ament_prefix_path.dsv
-- Symlinking: /workspaces/TIAgo_humble/install/pal_maps/share/pal_maps/environment/path.sh
-- Symlinking: /workspaces/TIAgo_humble/install/pal_maps/share/pal_maps/environment/path.dsv
-- Symlinking: /workspaces/TIAgo_humble/install/pal_maps/share/pal_maps/local_setup.bash
-- Symlinking: /workspaces/TIAgo_humble/install/pal_maps/share/pal_maps/local_setup.sh
-- Symlinking: /workspaces/TIAgo_humble/install/pal_maps/share/pal_maps/local_setup.zsh
-- Symlinking: /workspaces/TIAgo_humble/install/pal_maps/share/pal_maps/local_setup.dsv
-- Symlinking: /workspaces/TIAgo_humble/install/pal_maps/share/pal_maps/package.dsv
-- Symlinking: /workspaces/TIAgo_humble/install/pal_maps/share/ament_index/resource_index/packages/pal_maps
-- Symlinking: /workspaces/TIAgo_humble/install/pal_maps/share/pal_maps/cmake/pal_mapsConfig.cmake
-- Symlinking: /workspaces/TIAgo_humble/install/pal_maps/share/pal_maps/cmake/pal_mapsConfig-version.cmake
-- Symlinking: /workspaces/TIAgo_humble/install/pal_maps/share/pal_maps/package.xml
